Archive member included because of file (symbol)

contiki-avr-atmega256rfr2.a(contiki-main.o)
                              /usr/local/bin/../lib/gcc/avr/4.8.1/../../../../avr/lib/avr6/crtm256rfr2.o (main)
contiki-avr-atmega256rfr2.a(adc.o)
                              hello-world.co (adc_init)
contiki-avr-atmega256rfr2.a(params.o)
                              contiki-avr-atmega256rfr2.a(contiki-main.o) (params_get_channel)
contiki-avr-atmega256rfr2.a(ssd1306.o)
                              hello-world.co (ssd1306_set_page_address)
contiki-avr-atmega256rfr2.a(clock.o)
                              contiki-avr-atmega256rfr2.a(contiki-main.o) (clock_init)
contiki-avr-atmega256rfr2.a(rs232.o)
                              contiki-avr-atmega256rfr2.a(contiki-main.o) (rs232_init)
contiki-avr-atmega256rfr2.a(watchdog.o)
                              contiki-avr-atmega256rfr2.a(contiki-main.o) (watchdog_periodic)
contiki-avr-atmega256rfr2.a(rtimer-arch.o)
                              contiki-avr-atmega256rfr2.a(contiki-main.o) (rtimer_arch_sleep)
contiki-avr-atmega256rfr2.a(random.o)
                              contiki-avr-atmega256rfr2.a(contiki-main.o) (random_init)
contiki-avr-atmega256rfr2.a(rf230bb.o)
                              contiki-avr-atmega256rfr2.a(clock.o) (RF230_receive_on)
contiki-avr-atmega256rfr2.a(halbb.o)
                              contiki-avr-atmega256rfr2.a(rf230bb.o) (hal_init)
contiki-avr-atmega256rfr2.a(autostart.o)
                              contiki-avr-atmega256rfr2.a(contiki-main.o) (autostart_start)
contiki-avr-atmega256rfr2.a(ctimer.o)
                              contiki-avr-atmega256rfr2.a(contiki-main.o) (ctimer_init)
contiki-avr-atmega256rfr2.a(energest.o)
                              contiki-avr-atmega256rfr2.a(rtimer-arch.o) (energest_current_time)
contiki-avr-atmega256rfr2.a(etimer.o)
                              contiki-avr-atmega256rfr2.a(clock.o) (etimer_request_poll)
contiki-avr-atmega256rfr2.a(process.o)
                              contiki-avr-atmega256rfr2.a(ctimer.o) (process_current)
contiki-avr-atmega256rfr2.a(rtimer.o)
                              contiki-avr-atmega256rfr2.a(contiki-main.o) (rtimer_init)
contiki-avr-atmega256rfr2.a(timer.o)
                              contiki-avr-atmega256rfr2.a(etimer.o) (timer_set)
contiki-avr-atmega256rfr2.a(list.o)
                              contiki-avr-atmega256rfr2.a(ctimer.o) (list_init)
contiki-avr-atmega256rfr2.a(print-stats.o)
                              contiki-avr-atmega256rfr2.a(contiki-main.o) (print_stats)
contiki-avr-atmega256rfr2.a(sicslowpan.o)
                              contiki-avr-atmega256rfr2.a(contiki-main.o) (sicslowpan_driver)
contiki-avr-atmega256rfr2.a(uip6.o)
                              contiki-avr-atmega256rfr2.a(sicslowpan.o) (uip_aligned_buf)
contiki-avr-atmega256rfr2.a(uip-ds6.o)
                              contiki-avr-atmega256rfr2.a(uip6.o) (uip_ds6_is_addr_onlink)
contiki-avr-atmega256rfr2.a(uip-ds6-nbr.o)
                              contiki-avr-atmega256rfr2.a(contiki-main.o) (ds6_neighbors)
contiki-avr-atmega256rfr2.a(uip-ds6-route.o)
                              contiki-avr-atmega256rfr2.a(uip-ds6.o) (uip_ds6_route_init)
contiki-avr-atmega256rfr2.a(uip-icmp6.o)
                              contiki-avr-atmega256rfr2.a(uip6.o) (uip_icmp6_input)
contiki-avr-atmega256rfr2.a(uip-nd6.o)
                              contiki-avr-atmega256rfr2.a(uip-ds6-nbr.o) (uip_nd6_ns_output)
contiki-avr-atmega256rfr2.a(tcpip.o)
                              contiki-avr-atmega256rfr2.a(sicslowpan.o) (tcpip_set_outputfunc)
contiki-avr-atmega256rfr2.a(uip-debug.o)
                              contiki-avr-atmega256rfr2.a(uip-ds6-route.o) (uip_debug_ipaddr_print)
contiki-avr-atmega256rfr2.a(uip-packetqueue)
                              contiki-avr-atmega256rfr2.a(uip-ds6-nbr.o) (uip_packetqueue_new)
contiki-avr-atmega256rfr2.a(uip-split.o)
                              contiki-avr-atmega256rfr2.a(tcpip.o) (uip_split_output)
contiki-avr-atmega256rfr2.a(rpl.o)
                              contiki-avr-atmega256rfr2.a(uip-ds6-nbr.o) (rpl_link_neighbor_callback)
contiki-avr-atmega256rfr2.a(rpl-dag.o)
                              contiki-avr-atmega256rfr2.a(rpl.o) (rpl_dag_init)
contiki-avr-atmega256rfr2.a(rpl-ext-header.)
                              contiki-avr-atmega256rfr2.a(uip6.o) (rpl_verify_header)
contiki-avr-atmega256rfr2.a(rpl-icmp6.o)
                              contiki-avr-atmega256rfr2.a(rpl.o) (dao_output_target)
contiki-avr-atmega256rfr2.a(rpl-mrhof.o)
                              contiki-avr-atmega256rfr2.a(rpl.o) (rpl_mrhof)
contiki-avr-atmega256rfr2.a(rpl-timers.o)
                              contiki-avr-atmega256rfr2.a(rpl.o) (rpl_reset_periodic_timer)
contiki-avr-atmega256rfr2.a(framer-802154.o)
                              contiki-avr-atmega256rfr2.a(sicslowpan.o) (framer_802154)
contiki-avr-atmega256rfr2.a(framer.o)
[...]
Memory Configuration

Name             Origin             Length             Attributes
text             0x00000000         0x00100000         xr
data             0x00800200         0x0000fe00         rw !x
eeprom           0x00810000         0x00010000         rw !x
fuse             0x00820000         0x00000400         rw !x
lock             0x00830000         0x00000400         rw !x
signature        0x00840000         0x00000400         rw !x
user_signatures  0x00850000         0x00000400         rw !x
*default*        0x00000000         0xffffffff

Linker script and memory map

Address of section .data set to 0x800200
LOAD /usr/local/bin/../lib/gcc/avr/4.8.1/../../../../avr/lib/avr6/crtm256rfr2.o
Address of section .bootloader set to 0x1f800
LOAD hello-world.co
LOAD symbols.o
LOAD contiki-avr-atmega256rfr2.a
START GROUP
LOAD /usr/local/bin/../lib/gcc/avr/4.8.1/avr6/libgcc.a
LOAD /usr/local/bin/../lib/gcc/avr/4.8.1/../../../../avr/lib/avr6/libm.a
LOAD /usr/local/bin/../lib/gcc/avr/4.8.1/../../../../avr/lib/avr6/libc.a
END GROUP

.hash
 *(.hash)

.dynsym
 *(.dynsym)

.dynstr
 *(.dynstr)

.gnu.version
 *(.gnu.version)

.gnu.version_d
 *(.gnu.version_d)

.gnu.version_r
 *(.gnu.version_r)

.rel.init
 *(.rel.init)

.rela.init
 *(.rela.init)

.rel.text
 *(.rel.text)
 *(.rel.text.*)
 *(.rel.gnu.linkonce.t*)

.rela.text
 *(.rela.text)
 *(.rela.text.*)
 *(.rela.gnu.linkonce.t*)

.rel.fini
 *(.rel.fini)

.rela.fini
 *(.rela.fini)

.rel.rodata
 *(.rel.rodata)
 *(.rel.rodata.*)
 *(.rel.gnu.linkonce.r*)

.rela.rodata
 *(.rela.rodata)
 *(.rela.rodata.*)
 *(.rela.gnu.linkonce.r*)

.rel.data
 *(.rel.data)
 *(.rel.data.*)
 *(.rel.gnu.linkonce.d*)

.rela.data
 *(.rela.data)
 *(.rela.data.*)
 *(.rela.gnu.linkonce.d*)

.rel.ctors
 *(.rel.ctors)

.rela.ctors
 *(.rela.ctors)

.rel.dtors
 *(.rel.dtors)

.rela.dtors
 *(.rela.dtors)

.rel.got
 *(.rel.got)

.rela.got
 *(.rela.got)

.rel.bss
 *(.rel.bss)

.rela.bss
 *(.rela.bss)

.rel.plt
 *(.rel.plt)

.rela.plt
 *(.rela.plt)

.text           0x00000000     0xca18
 *(.vectors)
 .vectors       0x00000000      0x134 /usr/local/bin/../lib/gcc/avr/4.8.1/../../../../avr/lib/avr6/crtm256rfr2.o
                0x00000000                __vectors
                0x00000000                __vector_default
 *(.vectors)
 *(.progmem.gcc*)
 .progmem.gcc_sw_table.uip_process
                0x00000134       0x10 contiki-avr-atmega256rfr2.a(uip6.o)
                0x00000144                . = ALIGN (0x2)
                0x00000144                __trampolines_start = .
 *(.trampolines)
 .trampolines   0x00000144      0x130 linker stubs
 *(.trampolines*)
                0x00000274                __trampolines_end = .
 *(.progmem*)
 .progmem.data.__c.4684
                0x00000274        0x3 contiki-avr-atmega256rfr2.a(contiki-main.o)
 .progmem.data.__c.4682
                0x00000277        0x2 contiki-avr-atmega256rfr2.a(contiki-main.o)
 .progmem.data.__c.4680
                0x00000279        0x3 contiki-avr-atmega256rfr2.a(contiki-main.o)
 .progmem.data.__c.4744
                0x0000027c       0x1d contiki-avr-atmega256rfr2.a(contiki-main.o)
 .progmem.data.__c.4739
                0x00000299        0xc contiki-avr-atmega256rfr2.a(contiki-main.o)
 .progmem.data.__c.4737
                0x000002a5        0x9 contiki-avr-atmega256rfr2.a(contiki-main.o)
 .progmem.data.__c.4732
                0x000002ae        0x8 contiki-avr-atmega256rfr2.a(contiki-main.o)
 .progmem.data.__c.4730
                0x000002b6        0xa contiki-avr-atmega256rfr2.a(contiki-main.o)
 .progmem.data.__c.4728
                0x000002c0       0x12 contiki-avr-atmega256rfr2.a(contiki-main.o)
 .progmem.data.__c.4725
                0x000002d2       0x12 contiki-avr-atmega256rfr2.a(contiki-main.o)
 .progmem.data.__c.4720
                0x000002e4        0x2 contiki-avr-atmega256rfr2.a(contiki-main.o)
 .progmem.data.__c.4718
                0x000002e6       0x15 contiki-avr-atmega256rfr2.a(contiki-main.o)
 .progmem.data.__c.4713
                0x000002fb        0x2 contiki-avr-atmega256rfr2.a(contiki-main.o)
 .progmem.data.__c.4711
                0x000002fd       0x15 contiki-avr-atmega256rfr2.a(contiki-main.o)
 .progmem.data.__c.4703
                0x00000312        0xe contiki-avr-atmega256rfr2.a(contiki-main.o)
 .progmem.data.__c.4701
                0x00000320       0x11 contiki-avr-atmega256rfr2.a(contiki-main.o)
 .progmem.data.__c.4699
                0x00000331       0x11 contiki-avr-atmega256rfr2.a(contiki-main.o)
 .progmem.data.__c.4697
                0x00000342       0x11 contiki-avr-atmega256rfr2.a(contiki-main.o)
 .progmem.data.__c.4695
                0x00000353       0x12 contiki-avr-atmega256rfr2.a(contiki-main.o)
 .progmem.data.__c.4672
                0x00000365        0x8 contiki-avr-atmega256rfr2.a(contiki-main.o)
 .progmem.data.__c.4665
                0x0000036d       0x11 contiki-avr-atmega256rfr2.a(contiki-main.o)
 .progmem.data.__c.4663
                0x0000037e        0xd contiki-avr-atmega256rfr2.a(contiki-main.o)
 .progmem.data.__c.4661
                0x0000038b       0x32 contiki-avr-atmega256rfr2.a(contiki-main.o)
 .progmem.data.__c.4659
                0x000003bd       0x25 contiki-avr-atmega256rfr2.a(contiki-main.o)
 .progmem.data.__c.4657
                0x000003e2       0x20 contiki-avr-atmega256rfr2.a(contiki-main.o)
 .progmem.data.__c.4654
                0x00000402       0x1b contiki-avr-atmega256rfr2.a(contiki-main.o)
 .progmem.data.__c.4647
                0x0000041d        0xd contiki-avr-atmega256rfr2.a(contiki-main.o)
 .progmem.data.__c.4645
                0x0000042a       0x11 contiki-avr-atmega256rfr2.a(contiki-main.o)
 .progmem.data.__c.4643
                0x0000043b       0x11 contiki-avr-atmega256rfr2.a(contiki-main.o)
 .progmem.data.__c.4641
                0x0000044c       0x11 contiki-avr-atmega256rfr2.a(contiki-main.o)
 .progmem.data.__c.4639
                0x0000045d       0x11 contiki-avr-atmega256rfr2.a(contiki-main.o)
 .progmem.data.__c.4634
                0x0000046e        0xf contiki-avr-atmega256rfr2.a(contiki-main.o)
 .progmem.data.__c.4413
                0x0000047d       0x2d contiki-avr-atmega256rfr2.a(params.o)
 .progmem.data.default_domain_name
                0x000004aa        0xa contiki-avr-atmega256rfr2.a(params.o)
                0x000004aa                default_domain_name
 .progmem.data.default_server_name
                0x000004b4        0xe contiki-avr-atmega256rfr2.a(params.o)
                0x000004b4                default_server_name
 .progmem.data.default_mac_address
                0x000004c2        0x8 contiki-avr-atmega256rfr2.a(params.o)
                0x000004c2                default_mac_address
 .progmem.data.__c.3506
                0x000004ca       0x6f contiki-avr-atmega256rfr2.a(print-stats.o)
 .progmem.data.__c.2435
                0x00000539        0x3 contiki-avr-atmega256rfr2.a(uip-debug.o)
 .progmem.data.__c.2433
                0x0000053c        0x2 contiki-avr-atmega256rfr2.a(uip-debug.o)
 .progmem.data.__c.2431
                0x0000053e        0x3 contiki-avr-atmega256rfr2.a(uip-debug.o)
                0x00000542                . = ALIGN (0x2)
 *fill*         0x00000541        0x1 
 *(.jumptables)
 *(.jumptables*)
 *(.lowtext)
 *(.lowtext*)
                0x00000542                __ctors_start = .
 *(.ctors)
                0x00000542                __ctors_end = .
                0x00000542                __dtors_start = .
 *(.dtors)
                0x00000542                __dtors_end = .
 SORT(*)(.ctors)
 SORT(*)(.dtors)
 *(.init0)
 .init0         0x00000542        0x0 /usr/local/bin/../lib/gcc/avr/4.8.1/../../../../avr/lib/avr6/crtm256rfr2.o
                0x00000542                __init
 *(.init0)
 *(.init1)
 *(.init1)
 *(.init2)
 .init2         0x00000542       0x10 /usr/local/bin/../lib/gcc/avr/4.8.1/../../../../avr/lib/avr6/crtm256rfr2.o
 *(.init2)
 *(.init3)
 *(.init3)
 *(.init4)
 .init4         0x00000552       0x1a /usr/local/bin/../lib/gcc/avr/4.8.1/avr6/libgcc.a(_copy_data.o)
                0x00000552                __do_copy_data
 .init4         0x0000056c       0x10 /usr/local/bin/../lib/gcc/avr/4.8.1/avr6/libgcc.a(_clear_bss.o)
                0x0000056c                __do_clear_bss
 *(.init4)
 *(.init5)
 *(.init5)
 *(.init6)
 *(.init6)
 *(.init7)
 *(.init7)
 *(.init8)
 *(.init8)
 *(.init9)
 .init9         0x0000057c        0x8 /usr/local/bin/../lib/gcc/avr/4.8.1/../../../../avr/lib/avr6/crtm256rfr2.o
 *(.init9)
 *(.text)
 .text          0x00000584        0x4 /usr/local/bin/../lib/gcc/avr/4.8.1/../../../../avr/lib/avr6/crtm256rfr2.o
                0x00000584                __vector_38
                0x00000584                __vector_22
                0x00000584                __vector_28
                0x00000584                __vector_67
                0x00000584                __vector_1
                0x00000584                __vector_75
                0x00000584                __vector_71
                0x00000584                __vector_34
                0x00000584                __vector_24
                0x00000584                __vector_12
                0x00000584                __vector_55
                0x00000584                __vector_69
                0x00000584                __vector_46
                0x00000584                __bad_interrupt
                0x00000584                __vector_72
                0x00000584                __vector_6
                0x00000584                __vector_31
                0x00000584                __vector_35
                0x00000584                __vector_74
                0x00000584                __vector_39
                0x00000584                __vector_3
                0x00000584                __vector_23
                0x00000584                __vector_68
                0x00000584                __vector_30
                0x00000584                __vector_73
                0x00000584                __vector_45
                0x00000584                __vector_11
                0x00000584                __vector_54
                0x00000584                __vector_17
                0x00000584                __vector_19
                0x00000584                __vector_56
                0x00000584                __vector_7
                0x00000584                __vector_49
                0x00000584                __vector_41
                0x00000584                __vector_43
                0x00000584                __vector_27
                0x00000584                __vector_5
                0x00000584                __vector_33
                0x00000584                __vector_76
                0x00000584                __vector_47
                0x00000584                __vector_52
                0x00000584                __vector_37
                0x00000584                __vector_4
                0x00000584                __vector_44
                0x00000584                __vector_51
                0x00000584                __vector_9
                0x00000584                __vector_2
                0x00000584                __vector_15
                0x00000584                __vector_66
                0x00000584                __vector_70
                0x00000584                __vector_29
                0x00000584                __vector_40
                0x00000584                __vector_8
                0x00000584                __vector_26
                0x00000584                __vector_48
                0x00000584                __vector_14
                0x00000584                __vector_53
                0x00000584                __vector_10
                0x00000584                __vector_50
                0x00000584                __vector_16
                0x00000584                __vector_18
                0x00000584                __vector_20
                0x00000584                __vector_42
                0x00000584                __vector_65
                0x00000588                . = ALIGN (0x2)
 *(.text.*)
 .text.process_thread_hello_world_process
                0x00000588       0x74 hello-world.co
 .text.process_thread_blink_process
                0x000005fc      0x198 hello-world.co
 .text.ipaddr_add
                0x00000794       0xc6 contiki-avr-atmega256rfr2.a(contiki-main.o)
 .text.rng_get_uint8
                0x0000085a       0x46 contiki-avr-atmega256rfr2.a(contiki-main.o)
                0x0000085a                rng_get_uint8
 .text.initialize
                0x000008a0      0x324 contiki-avr-atmega256rfr2.a(contiki-main.o)
                0x000008a0                initialize
 .text.startup.main
                0x00000bc4      0x310 contiki-avr-atmega256rfr2.a(contiki-main.o)
                0x00000bc4                main
 .text.adc_init
                0x00000ed4       0x1e contiki-avr-atmega256rfr2.a(adc.o)
                0x00000ed4                adc_init
 .text.get_adc  0x00000ef2       0x4c contiki-avr-atmega256rfr2.a(adc.o)
                0x00000ef2                get_adc
 .text.adc_init_full
                0x00000f3e       0x2a contiki-avr-atmega256rfr2.a(adc.o)
                0x00000f3e                adc_init_full
 .text.adc_conversion_start
                0x00000f68       0x24 contiki-avr-atmega256rfr2.a(adc.o)
                0x00000f68                adc_conversion_start
 .text.adc_result_get
                0x00000f8c       0x2a contiki-avr-atmega256rfr2.a(adc.o)
                0x00000f8c                adc_result_get
 .text.params_get_channel
                0x00000fb6      0x10c contiki-avr-atmega256rfr2.a(params.o)
                0x00000fb6                params_get_channel
 .text.params_get_eui64
                0x000010c2       0x14 contiki-avr-atmega256rfr2.a(params.o)
                0x000010c2                params_get_eui64
 .text.params_get_panid
                0x000010d6        0x8 contiki-avr-atmega256rfr2.a(params.o)
                0x000010d6                params_get_panid
 .text.params_get_panaddr
                0x000010de        0x8 contiki-avr-atmega256rfr2.a(params.o)
                0x000010de                params_get_panaddr
 .text.params_get_txpower
                0x000010e6        0x8 contiki-avr-atmega256rfr2.a(params.o)
                0x000010e6                params_get_txpower
 .text.ssd1306_reset_clear
                0x000010ee        0x6 contiki-avr-atmega256rfr2.a(ssd1306.o)
                0x000010ee                ssd1306_reset_clear
 .text.ssd1306_reset_set
                0x000010f4        0x6 contiki-avr-atmega256rfr2.a(ssd1306.o)
                0x000010f4                ssd1306_reset_set
 .text.ssd1306_sel_cmd
                0x000010fa        0x6 contiki-avr-atmega256rfr2.a(ssd1306.o)
                0x000010fa                ssd1306_sel_cmd
 .text.ssd1306_sel_data
                0x00001100        0x6 contiki-avr-atmega256rfr2.a(ssd1306.o)
                0x00001100                ssd1306_sel_data
 .text.spi_deselect_device
                0x00001106        0x6 contiki-avr-atmega256rfr2.a(ssd1306.o)
                0x00001106                spi_deselect_device
 .text.spi_select_device
                0x0000110c        0x6 contiki-avr-atmega256rfr2.a(ssd1306.o)
                0x0000110c                spi_select_device
 .text.spi_write_single
                0x00001112        0xa contiki-avr-atmega256rfr2.a(ssd1306.o)
                0x00001112                spi_write_single
 .text.ssd1306_write_command
                0x0000111c       0x2c contiki-avr-atmega256rfr2.a(ssd1306.o)
                0x0000111c                ssd1306_write_command
 .text.ssd1306_write_data
                0x00001148       0x2c contiki-avr-atmega256rfr2.a(ssd1306.o)
                0x00001148                ssd1306_write_data
 .text.ssd1306_hard_reset
                0x00001174       0x18 contiki-avr-atmega256rfr2.a(ssd1306.o)
                0x00001174                ssd1306_hard_reset
 .text.ssd1306_set_page_address
                0x0000118c        0x8 contiki-avr-atmega256rfr2.a(ssd1306.o)
                0x0000118c                ssd1306_set_page_address
 .text.ssd1306_set_column_address
                0x00001194       0x1a contiki-avr-atmega256rfr2.a(ssd1306.o)
                0x00001194                ssd1306_set_column_address
 .text.ssd1306_display_on
                0x000011ae        0x6 contiki-avr-atmega256rfr2.a(ssd1306.o)
                0x000011ae                ssd1306_display_on
 .text.ssd1306_set_contrast
                0x000011b4       0x16 contiki-avr-atmega256rfr2.a(ssd1306.o)
                0x000011b4                ssd1306_set_contrast
 .text.ssd1306_display_invert_disable
                0x000011ca        0x6 contiki-avr-atmega256rfr2.a(ssd1306.o)
                0x000011ca                ssd1306_display_invert_disable
 .text.ssd1306_clear
                0x000011d0       0x2c contiki-avr-atmega256rfr2.a(ssd1306.o)
                0x000011d0                ssd1306_clear
 .text.ssd1306_spi_init
                0x000011fc       0x14 contiki-avr-atmega256rfr2.a(ssd1306.o)
                0x000011fc                ssd1306_spi_init
 .text.ssd1306_interface_init
                0x00001210        0x8 contiki-avr-atmega256rfr2.a(ssd1306.o)
                0x00001210                ssd1306_interface_init
 .text.ssd1306_init
                0x00001218       0x82 contiki-avr-atmega256rfr2.a(ssd1306.o)
                0x00001218                ssd1306_init
 .text.ssd1306_write_text
                0x0000129a       0x5a contiki-avr-atmega256rfr2.a(ssd1306.o)
                0x0000129a                ssd1306_write_text
 .text.clock_init
                0x000012f4       0x20 contiki-avr-atmega256rfr2.a(clock.o)
                0x000012f4                clock_init
 .text.clock_time
                0x00001314       0x18 contiki-avr-atmega256rfr2.a(clock.o)
                0x00001314                clock_time
 .text.clock_seconds
                0x0000132c       0x34 contiki-avr-atmega256rfr2.a(clock.o)
                0x0000132c                clock_seconds
 .text.clock_delay_usec
                0x00001360       0x1a contiki-avr-atmega256rfr2.a(clock.o)
                0x00001360                clock_delay_usec
 .text.clock_adjust_ticks
                0x0000137a       0xbe contiki-avr-atmega256rfr2.a(clock.o)
                0x0000137a                clock_adjust_ticks
 .text.__vector_21
                0x00001438       0xe0 contiki-avr-atmega256rfr2.a(clock.o)
                0x00001438                __vector_21
 .text.__vector_25
                0x00001518       0x5e contiki-avr-atmega256rfr2.a(rs232.o)
                0x00001518                __vector_25
 .text.__vector_36
                0x00001576       0x5e contiki-avr-atmega256rfr2.a(rs232.o)
                0x00001576                __vector_36
 .text.rs232_init
                0x000015d4       0x40 contiki-avr-atmega256rfr2.a(rs232.o)
                0x000015d4                rs232_init
 .text.rs232_send
                0x00001614       0x24 contiki-avr-atmega256rfr2.a(rs232.o)
                0x00001614                rs232_send
 .text.rs232_stdout_putchar
                0x00001638       0x2a contiki-avr-atmega256rfr2.a(rs232.o)
                0x00001638                rs232_stdout_putchar
 .text.rs232_redirect_stdout
                0x00001662       0x12 contiki-avr-atmega256rfr2.a(rs232.o)
                0x00001662                rs232_redirect_stdout
 .text.watchdog_start
                0x00001674       0x18 contiki-avr-atmega256rfr2.a(watchdog.o)
                0x00001674                watchdog_start
 .text.watchdog_periodic
                0x0000168c        0x4 contiki-avr-atmega256rfr2.a(watchdog.o)
                0x0000168c                watchdog_periodic
 .text.watchdog_stop
                0x00001690       0x12 contiki-avr-atmega256rfr2.a(watchdog.o)
                0x00001690                watchdog_stop
 .text.__vector_32
                0x000016a2       0xee contiki-avr-atmega256rfr2.a(rtimer-arch.o)
                0x000016a2                __vector_32
 .text.rtimer_arch_init
                0x00001790       0x34 contiki-avr-atmega256rfr2.a(rtimer-arch.o)
                0x00001790                rtimer_arch_init
 .text.rtimer_arch_schedule
                0x000017c4       0x20 contiki-avr-atmega256rfr2.a(rtimer-arch.o)
                0x000017c4                rtimer_arch_schedule
 .text.rtimer_arch_sleep
                0x000017e4      0x17a contiki-avr-atmega256rfr2.a(rtimer-arch.o)
                0x000017e4                rtimer_arch_sleep
 .text.__vector_13
                0x0000195e       0x14 contiki-avr-atmega256rfr2.a(rtimer-arch.o)
                0x0000195e                __vector_13
 .text.random_init
                0x00001972        0x4 contiki-avr-atmega256rfr2.a(random.o)
                0x00001972                random_init
 .text.random_rand
                0x00001976        0x4 contiki-avr-atmega256rfr2.a(random.o)
                0x00001976                random_rand
 .text.get_value
                0x0000197a        0x6 contiki-avr-atmega256rfr2.a(rf230bb.o)
 .text.set_value
                0x00001980        0x6 contiki-avr-atmega256rfr2.a(rf230bb.o)
 .text.get_object
                0x00001986        0x6 contiki-avr-atmega256rfr2.a(rf230bb.o)
 .text.set_object
                0x0000198c        0x6 contiki-avr-atmega256rfr2.a(rf230bb.o)
 .text.rf230_pending_packet
                0x00001992        0x8 contiki-avr-atmega256rfr2.a(rf230bb.o)
 .text.radio_reset_state_machine
                0x0000199a       0x32 contiki-avr-atmega256rfr2.a(rf230bb.o)
 .text.set_txpower
                0x000019cc       0x1e contiki-avr-atmega256rfr2.a(rf230bb.o)
 .text.rf230_isidle
                0x000019ea       0x2c contiki-avr-atmega256rfr2.a(rf230bb.o)
 .text.rf230_waitidle
                0x00001a16       0x12 contiki-avr-atmega256rfr2.a(rf230bb.o)
 .text.rf230_receiving_packet
                0x00001a28       0x2a contiki-avr-atmega256rfr2.a(rf230bb.o)
 .text.radio_off
                0x00001a52      0x124 contiki-avr-atmega256rfr2.a(rf230bb.o)
 .text.rf230_off
                0x00001b76       0x16 contiki-avr-atmega256rfr2.a(rf230bb.o)
 .text.rf230_prepare
                0x00001b8c       0x32 contiki-avr-atmega256rfr2.a(rf230bb.o)
 .text.radio_get_trx_state
                0x00001bbe        0xc contiki-avr-atmega256rfr2.a(rf230bb.o)
                0x00001bbe                radio_get_trx_state
 .text.radio_set_trx_state
                0x00001bca       0xbc contiki-avr-atmega256rfr2.a(rf230bb.o)
 .text.radio_on
                0x00001c86       0x6a contiki-avr-atmega256rfr2.a(rf230bb.o)
 .text.rf230_on
                0x00001cf0       0x12 contiki-avr-atmega256rfr2.a(rf230bb.o)
 .text.rf230_cca
                0x00001d02      0x128 contiki-avr-atmega256rfr2.a(rf230bb.o)
 .text.rf230_warm_reset
                0x00001e2a       0x3e contiki-avr-atmega256rfr2.a(rf230bb.o)
                0x00001e2a                rf230_warm_reset
 .text.rf230_init
                0x00001e68       0x76 contiki-avr-atmega256rfr2.a(rf230bb.o)
                0x00001e68                rf230_init
 .text.rf230_get_channel
                0x00001ede        0x6 contiki-avr-atmega256rfr2.a(rf230bb.o)
                0x00001ede                rf230_get_channel
 .text.rf230_set_channel
                0x00001ee4       0x2a contiki-avr-atmega256rfr2.a(rf230bb.o)
                0x00001ee4                rf230_set_channel
 .text.rf230_set_pan_addr
                0x00001f0e       0x48 contiki-avr-atmega256rfr2.a(rf230bb.o)
                0x00001f0e                rf230_set_pan_addr
 .text.rf230_interrupt
                0x00001f56       0x26 contiki-avr-atmega256rfr2.a(rf230bb.o)
                0x00001f56                rf230_interrupt
 .text.rf230_read
                0x00001f7c       0xce contiki-avr-atmega256rfr2.a(rf230bb.o)
 .text.process_thread_rf230_process
                0x0000204a       0x8a contiki-avr-atmega256rfr2.a(rf230bb.o)
 .text.rf230_set_txpower
                0x000020d4        0x4 contiki-avr-atmega256rfr2.a(rf230bb.o)
                0x000020d4                rf230_set_txpower
 .text.rf230_get_txpower
                0x000020d8       0x18 contiki-avr-atmega256rfr2.a(rf230bb.o)
                0x000020d8                rf230_get_txpower
 .text.rf230_transmit
                0x000020f0      0x260 contiki-avr-atmega256rfr2.a(rf230bb.o)
 .text.rf230_send
                0x00002350       0x32 contiki-avr-atmega256rfr2.a(rf230bb.o)
 .text.hal_init
                0x00002382        0x2 contiki-avr-atmega256rfr2.a(halbb.o)
                0x00002382                hal_init
 .text.hal_subregister_read
                0x00002384       0x14 contiki-avr-atmega256rfr2.a(halbb.o)
                0x00002384                hal_subregister_read
 .text.hal_subregister_write
                0x00002398       0x36 contiki-avr-atmega256rfr2.a(halbb.o)
                0x00002398                hal_subregister_write
 .text.hal_frame_read
                0x000023ce       0x54 contiki-avr-atmega256rfr2.a(halbb.o)
                0x000023ce                hal_frame_read
 .text.hal_frame_write
                0x00002422       0x22 contiki-avr-atmega256rfr2.a(halbb.o)
                0x00002422                hal_frame_write
 .text.__vector_60
                0x00002444       0x80 contiki-avr-atmega256rfr2.a(halbb.o)
                0x00002444                __vector_60
 .text.__vector_59
                0x000024c4       0x14 contiki-avr-atmega256rfr2.a(halbb.o)
                0x000024c4                __vector_59
 .text.__vector_57
                0x000024d8       0x14 contiki-avr-atmega256rfr2.a(halbb.o)
                0x000024d8                __vector_57
 .text.__vector_58
                0x000024ec       0x14 contiki-avr-atmega256rfr2.a(halbb.o)
                0x000024ec                __vector_58
 .text.__vector_64
                0x00002500       0x18 contiki-avr-atmega256rfr2.a(halbb.o)
                0x00002500                __vector_64
 .text.__vector_63
                0x00002518       0x18 contiki-avr-atmega256rfr2.a(halbb.o)
                0x00002518                __vector_63
 .text.__vector_62
                0x00002530       0x14 contiki-avr-atmega256rfr2.a(halbb.o)
                0x00002530                __vector_62
 .text.__vector_61
                0x00002544       0x18 contiki-avr-atmega256rfr2.a(halbb.o)
                0x00002544                __vector_61
 .text.autostart_start
                0x0000255c       0x1e contiki-avr-atmega256rfr2.a(autostart.o)
                0x0000255c                autostart_start
 .text.process_thread_ctimer_process
                0x0000257a       0xc8 contiki-avr-atmega256rfr2.a(ctimer.o)
 .text.ctimer_init
                0x00002642       0x18 contiki-avr-atmega256rfr2.a(ctimer.o)
                0x00002642                ctimer_init
 .text.ctimer_set
                0x0000265a       0x5a contiki-avr-atmega256rfr2.a(ctimer.o)
                0x0000265a                ctimer_set
 .text.ctimer_reset
                0x000026b4       0x48 contiki-avr-atmega256rfr2.a(ctimer.o)
                0x000026b4                ctimer_reset
 .text.ctimer_stop
                0x000026fc       0x2e contiki-avr-atmega256rfr2.a(ctimer.o)
                0x000026fc                ctimer_stop
 .text.update_time
                0x0000272a       0x64 contiki-avr-atmega256rfr2.a(etimer.o)
 .text.etimer_request_poll
                0x0000278e        0x8 contiki-avr-atmega256rfr2.a(etimer.o)
                0x0000278e                etimer_request_poll
 .text.process_thread_etimer_process
                0x00002796      0x106 contiki-avr-atmega256rfr2.a(etimer.o)
 .text.add_timer
                0x0000289c       0x5e contiki-avr-atmega256rfr2.a(etimer.o)
 .text.etimer_set
                0x000028fa       0x14 contiki-avr-atmega256rfr2.a(etimer.o)
                0x000028fa                etimer_set
 .text.etimer_reset
                0x0000290e       0x14 contiki-avr-atmega256rfr2.a(etimer.o)
                0x0000290e                etimer_reset
 .text.etimer_restart
                0x00002922       0x14 contiki-avr-atmega256rfr2.a(etimer.o)
                0x00002922                etimer_restart
 .text.etimer_expired
                0x00002936       0x16 contiki-avr-atmega256rfr2.a(etimer.o)
                0x00002936                etimer_expired
 .text.etimer_expiration_time
                0x0000294c       0x10 contiki-avr-atmega256rfr2.a(etimer.o)
                0x0000294c                etimer_expiration_time
 .text.etimer_pending
                0x0000295c       0x16 contiki-avr-atmega256rfr2.a(etimer.o)
                0x0000295c                etimer_pending
 .text.etimer_stop
                0x00002972       0x4e contiki-avr-atmega256rfr2.a(etimer.o)
                0x00002972                etimer_stop
 .text.call_process.part.0
                0x000029c0       0x4e contiki-avr-atmega256rfr2.a(process.o)
 .text.call_process
                0x00002a0e        0xc contiki-avr-atmega256rfr2.a(process.o)
 .text.exit_process
                0x00002a1a       0xd8 contiki-avr-atmega256rfr2.a(process.o)
 .text.do_poll  0x00002af2       0x3e contiki-avr-atmega256rfr2.a(process.o)
 .text.process_alloc_event
                0x00002b30        0xe contiki-avr-atmega256rfr2.a(process.o)
                0x00002b30                process_alloc_event
 .text.process_init
                0x00002b3e       0x20 contiki-avr-atmega256rfr2.a(process.o)
                0x00002b3e                process_init
 .text.process_run
                0x00002b5e       0xc6 contiki-avr-atmega256rfr2.a(process.o)
                0x00002b5e                process_run
 .text.process_post
                0x00002c24       0x3c contiki-avr-atmega256rfr2.a(process.o)
                0x00002c24                process_post
 .text.process_post_synch
                0x00002c60       0x1e contiki-avr-atmega256rfr2.a(process.o)
                0x00002c60                process_post_synch
 .text.process_start
                0x00002c7e       0x42 contiki-avr-atmega256rfr2.a(process.o)
                0x00002c7e                process_start
 .text.process_poll
                0x00002cc0       0x18 contiki-avr-atmega256rfr2.a(process.o)
                0x00002cc0                process_poll
 .text.rtimer_init
                0x00002cd8        0x4 contiki-avr-atmega256rfr2.a(rtimer.o)
                0x00002cd8                rtimer_init
 .text.rtimer_run_next
                0x00002cdc       0x3e contiki-avr-atmega256rfr2.a(rtimer.o)
                0x00002cdc                rtimer_run_next
 .text.timer_set
                0x00002d1a       0x18 contiki-avr-atmega256rfr2.a(timer.o)
                0x00002d1a                timer_set
 .text.timer_reset
                0x00002d32       0x14 contiki-avr-atmega256rfr2.a(timer.o)
                0x00002d32                timer_reset
 .text.timer_restart
                0x00002d46       0x14 contiki-avr-atmega256rfr2.a(timer.o)
                0x00002d46                timer_restart
 .text.timer_expired
                0x00002d5a       0x30 contiki-avr-atmega256rfr2.a(timer.o)
                0x00002d5a                timer_expired
 .text.list_init
                0x00002d8a        0x8 contiki-avr-atmega256rfr2.a(list.o)
                0x00002d8a                list_init
 .text.list_head
                0x00002d92        0x8 contiki-avr-atmega256rfr2.a(list.o)
                0x00002d92                list_head
 .text.list_tail
                0x00002d9a       0x20 contiki-avr-atmega256rfr2.a(list.o)
                0x00002d9a                list_tail
 .text.list_remove
                0x00002dba       0x36 contiki-avr-atmega256rfr2.a(list.o)
                0x00002dba                list_remove
 .text.list_add
                0x00002df0       0x32 contiki-avr-atmega256rfr2.a(list.o)
                0x00002df0                list_add
 .text.list_push
                0x00002e22       0x28 contiki-avr-atmega256rfr2.a(list.o)
                0x00002e22                list_push
 .text.list_length
                0x00002e4a       0x1a contiki-avr-atmega256rfr2.a(list.o)
                0x00002e4a                list_length
 .text.list_item_next
                0x00002e64       0x12 contiki-avr-atmega256rfr2.a(list.o)
                0x00002e64                list_item_next
 .text.print_stats
                0x00002e76      0x1c0 contiki-avr-atmega256rfr2.a(print-stats.o)
                0x00002e76                print_stats
 .text.sicslowpan_init
                0x00003036       0x1e contiki-avr-atmega256rfr2.a(sicslowpan.o)
                0x00003036                sicslowpan_init
 .text.set_packet_attrs
                0x00003054       0x52 contiki-avr-atmega256rfr2.a(sicslowpan.o)
 .text.compress_addr_64
                0x000030a6       0xcc contiki-avr-atmega256rfr2.a(sicslowpan.o)
 .text.addr_context_lookup_by_prefix
                0x00003172       0x26 contiki-avr-atmega256rfr2.a(sicslowpan.o)
 .text.send_packet
                0x00003198       0x1e contiki-avr-atmega256rfr2.a(sicslowpan.o)
 .text.output   0x000031b6      0x87c contiki-avr-atmega256rfr2.a(sicslowpan.o)
 .text.packet_sent
                0x00003a32       0x32 contiki-avr-atmega256rfr2.a(sicslowpan.o)
 .text.uncompress_addr
                0x00003a64       0xe2 contiki-avr-atmega256rfr2.a(sicslowpan.o)
 .text.input    0x00003b46      0x78e contiki-avr-atmega256rfr2.a(sicslowpan.o)
 .text.chksum   0x000042d4       0x4a contiki-avr-atmega256rfr2.a(uip6.o)
 .text.upper_layer_chksum
                0x0000431e       0x74 contiki-avr-atmega256rfr2.a(uip6.o)
 .text.ext_hdr_options_process
                0x00004392       0xd4 contiki-avr-atmega256rfr2.a(uip6.o)
 .text.uip_add32
                0x00004466       0x6e contiki-avr-atmega256rfr2.a(uip6.o)
                0x00004466                uip_add32
 .text.unlikely.uip_add_rcv_nxt
                0x000044d4       0x34 contiki-avr-atmega256rfr2.a(uip6.o)
 .text.uip_icmp6chksum
                0x00004508        0x6 contiki-avr-atmega256rfr2.a(uip6.o)
                0x00004508                uip_icmp6chksum
 .text.uip_tcpchksum
                0x0000450e        0x6 contiki-avr-atmega256rfr2.a(uip6.o)
                0x0000450e                uip_tcpchksum
 .text.uip_udpchksum
                0x00004514        0x6 contiki-avr-atmega256rfr2.a(uip6.o)
                0x00004514                uip_udpchksum
 .text.uip_init
                0x0000451a       0x64 contiki-avr-atmega256rfr2.a(uip6.o)
                0x0000451a                uip_init
 .text.remove_ext_hdr
                0x0000457e       0x6c contiki-avr-atmega256rfr2.a(uip6.o)
                0x0000457e                remove_ext_hdr
 .text.uip_unlisten
                0x000045ea       0x34 contiki-avr-atmega256rfr2.a(uip6.o)
                0x000045ea                uip_unlisten
 .text.uip_process
                0x0000461e     0x110c contiki-avr-atmega256rfr2.a(uip6.o)
                0x0000461e                uip_process
 .text.uip_htonl
                0x0000572a        0x6 contiki-avr-atmega256rfr2.a(uip6.o)
                0x0000572a                uip_htonl
 .text.uip_ds6_list_loop
                0x00005730       0x96 contiki-avr-atmega256rfr2.a(uip-ds6.o)
                0x00005730                uip_ds6_list_loop
 .text.uip_ds6_prefix_add
                0x000057c6       0xb6 contiki-avr-atmega256rfr2.a(uip-ds6.o)
                0x000057c6                uip_ds6_prefix_add
 .text.uip_ds6_is_addr_onlink
                0x0000587c       0x60 contiki-avr-atmega256rfr2.a(uip-ds6.o)
                0x0000587c                uip_ds6_is_addr_onlink
 .text.uip_ds6_addr_lookup
                0x000058dc       0x3a contiki-avr-atmega256rfr2.a(uip-ds6.o)
                0x000058dc                uip_ds6_addr_lookup
 .text.uip_ds6_get_link_local
                0x00005916       0x5a contiki-avr-atmega256rfr2.a(uip-ds6.o)
                0x00005916                uip_ds6_get_link_local
 .text.uip_ds6_maddr_add
                0x00005970       0x64 contiki-avr-atmega256rfr2.a(uip-ds6.o)
                0x00005970                uip_ds6_maddr_add
 .text.uip_ds6_addr_add
                0x000059d4      0x104 contiki-avr-atmega256rfr2.a(uip-ds6.o)
                0x000059d4                uip_ds6_addr_add
 .text.uip_ds6_maddr_rm
                0x00005ad8        0xa contiki-avr-atmega256rfr2.a(uip-ds6.o)
                0x00005ad8                uip_ds6_maddr_rm
 .text.uip_ds6_maddr_lookup
                0x00005ae2       0x3a contiki-avr-atmega256rfr2.a(uip-ds6.o)
                0x00005ae2                uip_ds6_maddr_lookup
 .text.uip_ds6_addr_rm
                0x00005b1c       0x76 contiki-avr-atmega256rfr2.a(uip-ds6.o)
                0x00005b1c                uip_ds6_addr_rm
 .text.uip_ds6_periodic
                0x00005b92       0x5c contiki-avr-atmega256rfr2.a(uip-ds6.o)
                0x00005b92                uip_ds6_periodic
 .text.uip_ds6_set_addr_iid
                0x00005bee       0x1c contiki-avr-atmega256rfr2.a(uip-ds6.o)
                0x00005bee                uip_ds6_set_addr_iid
 .text.get_match_length
                0x00005c0a       0x2a contiki-avr-atmega256rfr2.a(uip-ds6.o)
                0x00005c0a                get_match_length
 .text.uip_ds6_select_src
                0x00005c34       0xdc contiki-avr-atmega256rfr2.a(uip-ds6.o)
                0x00005c34                uip_ds6_select_src
 .text.uip_ds6_compute_reachable_time
                0x00005d10       0x58 contiki-avr-atmega256rfr2.a(uip-ds6.o)
                0x00005d10                uip_ds6_compute_reachable_time
 .text.uip_ds6_init
                0x00005d68      0x1e2 contiki-avr-atmega256rfr2.a(uip-ds6.o)
                0x00005d68                uip_ds6_init
 .text.uip_ds6_nbr_rm
                0x00005f4a       0x2e contiki-avr-atmega256rfr2.a(uip-ds6-nbr.o)
                0x00005f4a                uip_ds6_nbr_rm
 .text.uip_ds6_neighbors_init
                0x00005f78       0x10 contiki-avr-atmega256rfr2.a(uip-ds6-nbr.o)
                0x00005f78                uip_ds6_neighbors_init
 .text.uip_ds6_nbr_add
                0x00005f88       0x86 contiki-avr-atmega256rfr2.a(uip-ds6-nbr.o)
                0x00005f88                uip_ds6_nbr_add
 .text.uip_ds6_nbr_get_ll
                0x0000600e        0xe contiki-avr-atmega256rfr2.a(uip-ds6-nbr.o)
                0x0000600e                uip_ds6_nbr_get_ll
 .text.uip_ds6_nbr_lookup
                0x0000601c       0x56 contiki-avr-atmega256rfr2.a(uip-ds6-nbr.o)
                0x0000601c                uip_ds6_nbr_lookup
 .text.uip_ds6_nbr_ll_lookup
                0x00006072        0xe contiki-avr-atmega256rfr2.a(uip-ds6-nbr.o)
                0x00006072                uip_ds6_nbr_ll_lookup
 .text.uip_ds6_nbr_ipaddr_from_lladdr
                0x00006080        0x4 contiki-avr-atmega256rfr2.a(uip-ds6-nbr.o)
                0x00006080                uip_ds6_nbr_ipaddr_from_lladdr
 .text.uip_ds6_nbr_lladdr_from_ipaddr
                0x00006084       0x12 contiki-avr-atmega256rfr2.a(uip-ds6-nbr.o)
                0x00006084                uip_ds6_nbr_lladdr_from_ipaddr
 .text.uip_ds6_link_neighbor_callback
                0x00006096       0x48 contiki-avr-atmega256rfr2.a(uip-ds6-nbr.o)
                0x00006096                uip_ds6_link_neighbor_callback
 .text.uip_ds6_neighbor_periodic
                0x000060de      0x17a contiki-avr-atmega256rfr2.a(uip-ds6-nbr.o)
                0x000060de                uip_ds6_neighbor_periodic
 .text.call_route_callback
                0x00006258       0x64 contiki-avr-atmega256rfr2.a(uip-ds6-route.o)
 .text.uip_ds6_route_init
                0x000062bc       0x34 contiki-avr-atmega256rfr2.a(uip-ds6-route.o)
                0x000062bc                uip_ds6_route_init
 .text.uip_ds6_route_nexthop
                0x000062f0       0x1c contiki-avr-atmega256rfr2.a(uip-ds6-route.o)
                0x000062f0                uip_ds6_route_nexthop
 .text.uip_ds6_route_head
                0x0000630c        0x8 contiki-avr-atmega256rfr2.a(uip-ds6-route.o)
                0x0000630c                uip_ds6_route_head
 .text.uip_ds6_route_next
                0x00006314        0xe contiki-avr-atmega256rfr2.a(uip-ds6-route.o)
                0x00006314                uip_ds6_route_next
 .text.uip_ds6_route_lookup
                0x00006322       0x96 contiki-avr-atmega256rfr2.a(uip-ds6-route.o)
                0x00006322                uip_ds6_route_lookup
 .text.uip_ds6_route_rm
                0x000063b8       0xce contiki-avr-atmega256rfr2.a(uip-ds6-route.o)
                0x000063b8                uip_ds6_route_rm
 .text.rm_routelist
                0x00006486       0x3e contiki-avr-atmega256rfr2.a(uip-ds6-route.o)
 .text.rm_routelist_callback
                0x000064c4        0x4 contiki-avr-atmega256rfr2.a(uip-ds6-route.o)
 .text.uip_ds6_route_add
                0x000064c8      0x142 contiki-avr-atmega256rfr2.a(uip-ds6-route.o)
                0x000064c8                uip_ds6_route_add
 .text.uip_ds6_defrt_rm
                0x0000660a       0x5c contiki-avr-atmega256rfr2.a(uip-ds6-route.o)
                0x0000660a                uip_ds6_defrt_rm
 .text.uip_ds6_defrt_lookup
                0x00006666       0x44 contiki-avr-atmega256rfr2.a(uip-ds6-route.o)
                0x00006666                uip_ds6_defrt_lookup
 .text.uip_ds6_defrt_add
                0x000066aa       0x8c contiki-avr-atmega256rfr2.a(uip-ds6-route.o)
                0x000066aa                uip_ds6_defrt_add
 .text.uip_ds6_defrt_choose
                0x00006736       0x48 contiki-avr-atmega256rfr2.a(uip-ds6-route.o)
                0x00006736                uip_ds6_defrt_choose
 .text.uip_ds6_defrt_periodic
                0x0000677e       0x3a contiki-avr-atmega256rfr2.a(uip-ds6-route.o)
                0x0000677e                uip_ds6_defrt_periodic
 .text.echo_reply_input
                0x000067b8      0x15a contiki-avr-atmega256rfr2.a(uip-icmp6.o)
 .text.echo_request_input
                0x00006912      0x14a contiki-avr-atmega256rfr2.a(uip-icmp6.o)
 .text.uip_icmp6_input
                0x00006a5c       0x4e contiki-avr-atmega256rfr2.a(uip-icmp6.o)
                0x00006a5c                uip_icmp6_input
 .text.uip_icmp6_register_input_handler
                0x00006aaa        0xa contiki-avr-atmega256rfr2.a(uip-icmp6.o)
                0x00006aaa                uip_icmp6_register_input_handler
 .text.uip_icmp6_error_output
                0x00006ab4      0x1cc contiki-avr-atmega256rfr2.a(uip-icmp6.o)
                0x00006ab4                uip_icmp6_error_output
 .text.uip_icmp6_send
                0x00006c80       0xb0 contiki-avr-atmega256rfr2.a(uip-icmp6.o)
                0x00006c80                uip_icmp6_send
 .text.uip_icmp6_init
                0x00006d30       0x10 contiki-avr-atmega256rfr2.a(uip-icmp6.o)
                0x00006d30                uip_icmp6_init
 .text.na_input
                0x00006d40      0x28e contiki-avr-atmega256rfr2.a(uip-nd6.o)
 .text.ns_input
                0x00006fce      0x360 contiki-avr-atmega256rfr2.a(uip-nd6.o)
 .text.uip_nd6_ns_output
                0x0000732e      0x200 contiki-avr-atmega256rfr2.a(uip-nd6.o)
                0x0000732e                uip_nd6_ns_output
 .text.uip_nd6_init
                0x0000752e       0x10 contiki-avr-atmega256rfr2.a(uip-nd6.o)
                0x0000752e                uip_nd6_init
 .text.start_periodic_tcp_timer
                0x0000753e       0x16 contiki-avr-atmega256rfr2.a(tcpip.o)
 .text.tcpip_output
                0x00007554       0x12 contiki-avr-atmega256rfr2.a(tcpip.o)
                0x00007554                tcpip_output
 .text.tcpip_set_outputfunc
                0x00007566        0xa contiki-avr-atmega256rfr2.a(tcpip.o)
                0x00007566                tcpip_set_outputfunc
 .text.tcpip_icmp6_call
                0x00007570       0x2e contiki-avr-atmega256rfr2.a(tcpip.o)
                0x00007570                tcpip_icmp6_call
 .text.tcpip_input
                0x0000759e       0x1c contiki-avr-atmega256rfr2.a(tcpip.o)
                0x0000759e                tcpip_input
 .text.tcpip_ipv6_output
                0x000075ba      0x274 contiki-avr-atmega256rfr2.a(tcpip.o)
                0x000075ba                tcpip_ipv6_output
 .text.process_thread_tcpip_process
                0x0000782e      0x218 contiki-avr-atmega256rfr2.a(tcpip.o)
 .text.tcpip_uipcall
                0x00007a46       0x8a contiki-avr-atmega256rfr2.a(tcpip.o)
                0x00007a46                tcpip_uipcall
 .text.uip_debug_ipaddr_print
                0x00007ad0       0xe6 contiki-avr-atmega256rfr2.a(uip-debug.o)
                0x00007ad0                uip_debug_ipaddr_print
 .text.packet_timedout
                0x00007bb6       0x1c contiki-avr-atmega256rfr2.a(uip-packetqueue)
 .text.uip_packetqueue_new
                0x00007bd2        0x8 contiki-avr-atmega256rfr2.a(uip-packetqueue)
                0x00007bd2                uip_packetqueue_new
 .text.uip_packetqueue_alloc
                0x00007bda       0x5e contiki-avr-atmega256rfr2.a(uip-packetqueue)
                0x00007bda                uip_packetqueue_alloc
 .text.uip_packetqueue_free
                0x00007c38       0x2c contiki-avr-atmega256rfr2.a(uip-packetqueue)
                0x00007c38                uip_packetqueue_free
 .text.uip_packetqueue_buf
                0x00007c64       0x14 contiki-avr-atmega256rfr2.a(uip-packetqueue)
                0x00007c64                uip_packetqueue_buf
 .text.uip_packetqueue_buflen
                0x00007c78       0x1c contiki-avr-atmega256rfr2.a(uip-packetqueue)
                0x00007c78                uip_packetqueue_buflen
 .text.uip_packetqueue_set_buflen
                0x00007c94       0x16 contiki-avr-atmega256rfr2.a(uip-packetqueue)
                0x00007c94                uip_packetqueue_set_buflen
 .text.uip_split_output
                0x00007caa       0xf2 contiki-avr-atmega256rfr2.a(uip-split.o)
                0x00007caa                uip_split_output
 .text.rpl_get_mode
                0x00007d9c        0xa contiki-avr-atmega256rfr2.a(rpl.o)
                0x00007d9c                rpl_get_mode
 .text.rpl_purge_routes
                0x00007da6       0xca contiki-avr-atmega256rfr2.a(rpl.o)
                0x00007da6                rpl_purge_routes
 .text.rpl_remove_routes
                0x00007e70       0x2c contiki-avr-atmega256rfr2.a(rpl.o)
                0x00007e70                rpl_remove_routes
 .text.rpl_remove_routes_by_nexthop
                0x00007e9c       0x56 contiki-avr-atmega256rfr2.a(rpl.o)
                0x00007e9c                rpl_remove_routes_by_nexthop
 .text.rpl_add_route
                0x00007ef2       0x46 contiki-avr-atmega256rfr2.a(rpl.o)
                0x00007ef2                rpl_add_route
 .text.rpl_link_neighbor_callback
                0x00007f38       0xa2 contiki-avr-atmega256rfr2.a(rpl.o)
                0x00007f38                rpl_link_neighbor_callback
 .text.rpl_ipv6_neighbor_callback
                0x00007fda       0x28 contiki-avr-atmega256rfr2.a(rpl.o)
                0x00007fda                rpl_ipv6_neighbor_callback
 .text.rpl_init
                0x00008002       0x78 contiki-avr-atmega256rfr2.a(rpl.o)
                0x00008002                rpl_init
 .text.lollipop_greater_than
                0x0000807a       0x48 contiki-avr-atmega256rfr2.a(rpl-dag.o)
 .text.rpl_set_preferred_parent
                0x000080c2       0x3e contiki-avr-atmega256rfr2.a(rpl-dag.o)
 .text.set_ip_from_prefix
                0x00008100       0x38 contiki-avr-atmega256rfr2.a(rpl-dag.o)
 .text.check_prefix
                0x00008138       0xb4 contiki-avr-atmega256rfr2.a(rpl-dag.o)
 .text.find_parent_any_dag_any_instance
                0x000081ec       0x12 contiki-avr-atmega256rfr2.a(rpl-dag.o)
 .text.rpl_get_nbr
                0x000081fe       0x22 contiki-avr-atmega256rfr2.a(rpl-dag.o)
                0x000081fe                rpl_get_nbr
 .text.rpl_dag_init
                0x00008220        0xc contiki-avr-atmega256rfr2.a(rpl-dag.o)
                0x00008220                rpl_dag_init
 .text.rpl_get_parent
                0x0000822c        0xa contiki-avr-atmega256rfr2.a(rpl-dag.o)
                0x0000822c                rpl_get_parent
 .text.rpl_get_parent_ipaddr
                0x00008236        0xe contiki-avr-atmega256rfr2.a(rpl-dag.o)
                0x00008236                rpl_get_parent_ipaddr
 .text.rpl_set_prefix
                0x00008244       0xb4 contiki-avr-atmega256rfr2.a(rpl-dag.o)
                0x00008244                rpl_set_prefix
 .text.rpl_set_default_route
                0x000082f8       0x7c contiki-avr-atmega256rfr2.a(rpl-dag.o)
                0x000082f8                rpl_set_default_route
 .text.rpl_alloc_instance
                0x00008374       0x2a contiki-avr-atmega256rfr2.a(rpl-dag.o)
                0x00008374                rpl_alloc_instance
 .text.rpl_add_parent
                0x0000839e       0x72 contiki-avr-atmega256rfr2.a(rpl-dag.o)
                0x0000839e                rpl_add_parent
 .text.rpl_find_parent
                0x00008410       0x2a contiki-avr-atmega256rfr2.a(rpl-dag.o)
                0x00008410                rpl_find_parent
 .text.rpl_find_parent_any_dag
                0x0000843a       0x36 contiki-avr-atmega256rfr2.a(rpl-dag.o)
                0x0000843a                rpl_find_parent_any_dag
 .text.rpl_select_parent
                0x00008470       0x8e contiki-avr-atmega256rfr2.a(rpl-dag.o)
                0x00008470                rpl_select_parent
 .text.rpl_select_dag
                0x000084fe      0x248 contiki-avr-atmega256rfr2.a(rpl-dag.o)
                0x000084fe                rpl_select_dag
 .text.rpl_nullify_parent
                0x00008746       0x70 contiki-avr-atmega256rfr2.a(rpl-dag.o)
                0x00008746                rpl_nullify_parent
 .text.rpl_remove_parent
                0x000087b6       0x18 contiki-avr-atmega256rfr2.a(rpl-dag.o)
                0x000087b6                rpl_remove_parent
 .text.nbr_callback
                0x000087ce        0x4 contiki-avr-atmega256rfr2.a(rpl-dag.o)
 .text.remove_parents.constprop.4
                0x000087d2       0x3e contiki-avr-atmega256rfr2.a(rpl-dag.o)
 .text.rpl_free_dag
                0x00008810       0x34 contiki-avr-atmega256rfr2.a(rpl-dag.o)
                0x00008810                rpl_free_dag
 .text.rpl_free_instance
                0x00008844       0x88 contiki-avr-atmega256rfr2.a(rpl-dag.o)
                0x00008844                rpl_free_instance
 .text.rpl_move_parent
                0x000088cc       0x7c contiki-avr-atmega256rfr2.a(rpl-dag.o)
                0x000088cc                rpl_move_parent
 .text.rpl_get_any_dag
                0x00008948       0x1e contiki-avr-atmega256rfr2.a(rpl-dag.o)
                0x00008948                rpl_get_any_dag
 .text.rpl_get_instance
                0x00008966       0x1c contiki-avr-atmega256rfr2.a(rpl-dag.o)
                0x00008966                rpl_get_instance
 .text.get_dag  0x00008982       0x6a contiki-avr-atmega256rfr2.a(rpl-dag.o)
 .text.rpl_repair_root
                0x000089ec       0x52 contiki-avr-atmega256rfr2.a(rpl-dag.o)
                0x000089ec                rpl_repair_root
 .text.rpl_alloc_dag
                0x00008a3e       0x5e contiki-avr-atmega256rfr2.a(rpl-dag.o)
                0x00008a3e                rpl_alloc_dag
 .text.rpl_find_of
                0x00008a9c       0x1a contiki-avr-atmega256rfr2.a(rpl-dag.o)
                0x00008a9c                rpl_find_of
 .text.rpl_join_instance
                0x00008ab6      0x1e4 contiki-avr-atmega256rfr2.a(rpl-dag.o)
                0x00008ab6                rpl_join_instance
 .text.rpl_local_repair
                0x00008c9a       0x9e contiki-avr-atmega256rfr2.a(rpl-dag.o)
                0x00008c9a                rpl_local_repair
 .text.rpl_process_parent_event
                0x00008d38       0xd8 contiki-avr-atmega256rfr2.a(rpl-dag.o)
                0x00008d38                rpl_process_parent_event
 .text.rpl_add_dag
                0x00008e10      0x178 contiki-avr-atmega256rfr2.a(rpl-dag.o)
                0x00008e10                rpl_add_dag
 .text.rpl_recalculate_ranks
                0x00008f88       0x48 contiki-avr-atmega256rfr2.a(rpl-dag.o)
                0x00008f88                rpl_recalculate_ranks
 .text.rpl_process_dio
                0x00008fd0      0x40e contiki-avr-atmega256rfr2.a(rpl-dag.o)
                0x00008fd0                rpl_process_dio
 .text.rpl_lock_parent
                0x000093de        0xa contiki-avr-atmega256rfr2.a(rpl-dag.o)
                0x000093de                rpl_lock_parent
 .text.rpl_verify_header
                0x000093e8       0xc6 contiki-avr-atmega256rfr2.a(rpl-ext-header.)
                0x000093e8                rpl_verify_header
 .text.rpl_update_header_empty
                0x000094ae      0x166 contiki-avr-atmega256rfr2.a(rpl-ext-header.)
                0x000094ae                rpl_update_header_empty
 .text.rpl_update_header_final
                0x00009614       0xd4 contiki-avr-atmega256rfr2.a(rpl-ext-header.)
                0x00009614                rpl_update_header_final
 .text.rpl_invert_header
                0x000096e8       0x86 contiki-avr-atmega256rfr2.a(rpl-ext-header.)
                0x000096e8                rpl_invert_header
 .text.rpl_insert_header
                0x0000976e       0x1a contiki-avr-atmega256rfr2.a(rpl-ext-header.)
                0x0000976e                rpl_insert_header
 .text.get32    0x00009788       0x1c contiki-avr-atmega256rfr2.a(rpl-icmp6.o)
 .text.set32    0x000097a4       0x10 contiki-avr-atmega256rfr2.a(rpl-icmp6.o)
 .text.get16    0x000097b4       0x10 contiki-avr-atmega256rfr2.a(rpl-icmp6.o)
 .text.set16    0x000097c4        0xc contiki-avr-atmega256rfr2.a(rpl-icmp6.o)
 .text.dao_ack_input
                0x000097d0        0xa contiki-avr-atmega256rfr2.a(rpl-icmp6.o)
 .text.dio_input
                0x000097da      0x354 contiki-avr-atmega256rfr2.a(rpl-icmp6.o)
 .text.dis_output
                0x00009b2e       0x74 contiki-avr-atmega256rfr2.a(rpl-icmp6.o)
                0x00009b2e                dis_output
 .text.dio_output
                0x00009ba2      0x310 contiki-avr-atmega256rfr2.a(rpl-icmp6.o)
                0x00009ba2                dio_output
 .text.dis_input
                0x00009eb2       0x30 contiki-avr-atmega256rfr2.a(rpl-icmp6.o)
 .text.dao_output_target
                0x00009ee2      0x11e contiki-avr-atmega256rfr2.a(rpl-icmp6.o)
                0x00009ee2                dao_output_target
 .text.dao_output
                0x0000a000       0x88 contiki-avr-atmega256rfr2.a(rpl-icmp6.o)
                0x0000a000                dao_output
 .text.dao_ack_output
                0x0000a088       0x36 contiki-avr-atmega256rfr2.a(rpl-icmp6.o)
                0x0000a088                dao_ack_output
 .text.dao_input
                0x0000a0be      0x35c contiki-avr-atmega256rfr2.a(rpl-icmp6.o)
 .text.rpl_icmp6_register_handlers
                0x0000a41a       0x20 contiki-avr-atmega256rfr2.a(rpl-icmp6.o)
                0x0000a41a                rpl_icmp6_register_handlers
 .text.reset    0x0000a43a        0x2 contiki-avr-atmega256rfr2.a(rpl-mrhof.o)
 .text.update_metric_container
                0x0000a43c        0x6 contiki-avr-atmega256rfr2.a(rpl-mrhof.o)
 .text.calculate_rank
                0x0000a442       0x54 contiki-avr-atmega256rfr2.a(rpl-mrhof.o)
 .text.neighbor_link_callback
                0x0000a496       0xae contiki-avr-atmega256rfr2.a(rpl-mrhof.o)
 .text.best_dag
                0x0000a544       0x40 contiki-avr-atmega256rfr2.a(rpl-mrhof.o)
 .text.best_parent
                0x0000a584       0xa6 contiki-avr-atmega256rfr2.a(rpl-mrhof.o)
 .text.new_dio_interval
                0x0000a62a       0x9c contiki-avr-atmega256rfr2.a(rpl-timers.o)
 .text.handle_periodic_timer
                0x0000a6c6       0x46 contiki-avr-atmega256rfr2.a(rpl-timers.o)
 .text.set_dao_lifetime_timer
                0x0000a70c       0x5a contiki-avr-atmega256rfr2.a(rpl-timers.o)
 .text.handle_dio_timer
                0x0000a766       0xb4 contiki-avr-atmega256rfr2.a(rpl-timers.o)
 .text.schedule_dao
                0x0000a81a       0x80 contiki-avr-atmega256rfr2.a(rpl-timers.o)
 .text.handle_dao_timer
                0x0000a89a       0x7e contiki-avr-atmega256rfr2.a(rpl-timers.o)
 .text.rpl_reset_periodic_timer
                0x0000a918       0x3a contiki-avr-atmega256rfr2.a(rpl-timers.o)
                0x0000a918                rpl_reset_periodic_timer
 .text.rpl_reset_dio_timer
                0x0000a952       0x20 contiki-avr-atmega256rfr2.a(rpl-timers.o)
                0x0000a952                rpl_reset_dio_timer
 .text.rpl_schedule_dao
                0x0000a972        0x8 contiki-avr-atmega256rfr2.a(rpl-timers.o)
                0x0000a972                rpl_schedule_dao
 .text.parse    0x0000a97a       0xd4 contiki-avr-atmega256rfr2.a(framer-802154.o)
 .text.create_frame.isra.0
                0x0000aa4e      0x14c contiki-avr-atmega256rfr2.a(framer-802154.o)
 .text.create   0x0000ab9a        0x8 contiki-avr-atmega256rfr2.a(framer-802154.o)
 .text.hdr_length
                0x0000aba2        0x8 contiki-avr-atmega256rfr2.a(framer-802154.o)
 .text.framer_canonical_create_and_secure
                0x0000abaa       0x34 contiki-avr-atmega256rfr2.a(framer.o)
                0x0000abaa                framer_canonical_create_and_secure
 .text.send_packet
                0x0000abde        0xa contiki-avr-atmega256rfr2.a(nullmac.o)
 .text.packet_input
                0x0000abe8        0xa contiki-avr-atmega256rfr2.a(nullmac.o)
 .text.on       0x0000abf2        0xa contiki-avr-atmega256rfr2.a(nullmac.o)
 .text.off      0x0000abfc        0xa contiki-avr-atmega256rfr2.a(nullmac.o)
 .text.channel_check_interval
                0x0000ac06        0x6 contiki-avr-atmega256rfr2.a(nullmac.o)
 .text.init     0x0000ac0c        0x2 contiki-avr-atmega256rfr2.a(nullmac.o)
 .text.linkaddr_copy
                0x0000ac0e       0x10 contiki-avr-atmega256rfr2.a(linkaddr.o)
                0x0000ac0e                linkaddr_copy
 .text.linkaddr_cmp
                0x0000ac1e       0x18 contiki-avr-atmega256rfr2.a(linkaddr.o)
                0x0000ac1e                linkaddr_cmp
 .text.linkaddr_set_node_addr
                0x0000ac36        0xa contiki-avr-atmega256rfr2.a(linkaddr.o)
                0x0000ac36                linkaddr_set_node_addr
 .text.index_from_key
                0x0000ac40       0x32 contiki-avr-atmega256rfr2.a(nbr-table.o)
 .text.nbr_set_bit
                0x0000ac72       0x66 contiki-avr-atmega256rfr2.a(nbr-table.o)
 .text.index_from_lladdr
                0x0000acd8       0x5a contiki-avr-atmega256rfr2.a(nbr-table.o)
 .text.key_from_item
                0x0000ad32       0x48 contiki-avr-atmega256rfr2.a(nbr-table.o)
 .text.item_from_key
                0x0000ad7a       0x3e contiki-avr-atmega256rfr2.a(nbr-table.o)
 .text.nbr_get_bit.constprop.0
                0x0000adb8       0x4a contiki-avr-atmega256rfr2.a(nbr-table.o)
 .text.nbr_table_register
                0x0000ae02       0x40 contiki-avr-atmega256rfr2.a(nbr-table.o)
                0x0000ae02                nbr_table_register
 .text.nbr_table_next
                0x0000ae42       0x3e contiki-avr-atmega256rfr2.a(nbr-table.o)
                0x0000ae42                nbr_table_next
 .text.nbr_table_head
                0x0000ae80       0x44 contiki-avr-atmega256rfr2.a(nbr-table.o)
                0x0000ae80                nbr_table_head
 .text.nbr_table_add_lladdr
                0x0000aec4      0x1c0 contiki-avr-atmega256rfr2.a(nbr-table.o)
                0x0000aec4                nbr_table_add_lladdr
 .text.nbr_table_get_from_lladdr
                0x0000b084       0x5e contiki-avr-atmega256rfr2.a(nbr-table.o)
                0x0000b084                nbr_table_get_from_lladdr
 .text.nbr_table_remove
                0x0000b0e2       0x42 contiki-avr-atmega256rfr2.a(nbr-table.o)
                0x0000b0e2                nbr_table_remove
 .text.nbr_table_lock
                0x0000b124       0x10 contiki-avr-atmega256rfr2.a(nbr-table.o)
                0x0000b124                nbr_table_lock
 .text.nbr_table_unlock
                0x0000b134       0x10 contiki-avr-atmega256rfr2.a(nbr-table.o)
                0x0000b134                nbr_table_unlock
 .text.nbr_table_get_lladdr
                0x0000b144       0x12 contiki-avr-atmega256rfr2.a(nbr-table.o)
                0x0000b144                nbr_table_get_lladdr
 .text.netstack_init
                0x0000b156       0x28 contiki-avr-atmega256rfr2.a(netstack.o)
                0x0000b156                netstack_init
 .text.packetbuf_copyto_hdr
                0x0000b17e       0x24 contiki-avr-atmega256rfr2.a(packetbuf.o)
                0x0000b17e                packetbuf_copyto_hdr
 .text.packetbuf_copyto
                0x0000b1a2       0x7a contiki-avr-atmega256rfr2.a(packetbuf.o)
                0x0000b1a2                packetbuf_copyto
 .text.packetbuf_hdrreduce
                0x0000b21c       0x3a contiki-avr-atmega256rfr2.a(packetbuf.o)
                0x0000b21c                packetbuf_hdrreduce
 .text.packetbuf_set_datalen
                0x0000b256        0xa contiki-avr-atmega256rfr2.a(packetbuf.o)
                0x0000b256                packetbuf_set_datalen
 .text.packetbuf_dataptr
                0x0000b260        0xe contiki-avr-atmega256rfr2.a(packetbuf.o)
                0x0000b260                packetbuf_dataptr
 .text.packetbuf_hdrptr
                0x0000b26e        0xc contiki-avr-atmega256rfr2.a(packetbuf.o)
                0x0000b26e                packetbuf_hdrptr
 .text.packetbuf_is_reference
                0x0000b27a       0x18 contiki-avr-atmega256rfr2.a(packetbuf.o)
                0x0000b27a                packetbuf_is_reference
 .text.packetbuf_compact
                0x0000b292       0x5e contiki-avr-atmega256rfr2.a(packetbuf.o)
                0x0000b292                packetbuf_compact
 .text.packetbuf_reference_ptr
                0x0000b2f0        0xa contiki-avr-atmega256rfr2.a(packetbuf.o)
                0x0000b2f0                packetbuf_reference_ptr
 .text.packetbuf_datalen
                0x0000b2fa        0xa contiki-avr-atmega256rfr2.a(packetbuf.o)
                0x0000b2fa                packetbuf_datalen
 .text.packetbuf_hdrlen
                0x0000b304       0x10 contiki-avr-atmega256rfr2.a(packetbuf.o)
                0x0000b304                packetbuf_hdrlen
 .text.packetbuf_totlen
                0x0000b314       0x16 contiki-avr-atmega256rfr2.a(packetbuf.o)
                0x0000b314                packetbuf_totlen
 .text.packetbuf_hdralloc
                0x0000b32a       0x3c contiki-avr-atmega256rfr2.a(packetbuf.o)
                0x0000b32a                packetbuf_hdralloc
 .text.packetbuf_attr_clear
                0x0000b366       0x32 contiki-avr-atmega256rfr2.a(packetbuf.o)
                0x0000b366                packetbuf_attr_clear
 .text.packetbuf_clear
                0x0000b398       0x26 contiki-avr-atmega256rfr2.a(packetbuf.o)
                0x0000b398                packetbuf_clear
 .text.packetbuf_copyfrom
                0x0000b3be       0x60 contiki-avr-atmega256rfr2.a(packetbuf.o)
                0x0000b3be                packetbuf_copyfrom
 .text.packetbuf_attr_copyto
                0x0000b41e       0x22 contiki-avr-atmega256rfr2.a(packetbuf.o)
                0x0000b41e                packetbuf_attr_copyto
 .text.packetbuf_attr_copyfrom
                0x0000b440       0x22 contiki-avr-atmega256rfr2.a(packetbuf.o)
                0x0000b440                packetbuf_attr_copyfrom
 .text.packetbuf_set_attr
                0x0000b462       0x16 contiki-avr-atmega256rfr2.a(packetbuf.o)
                0x0000b462                packetbuf_set_attr
 .text.packetbuf_attr
                0x0000b478       0x12 contiki-avr-atmega256rfr2.a(packetbuf.o)
                0x0000b478                packetbuf_attr
 .text.packetbuf_set_addr
                0x0000b48a       0x16 contiki-avr-atmega256rfr2.a(packetbuf.o)
                0x0000b48a                packetbuf_set_addr
 .text.packetbuf_addr
                0x0000b4a0        0xe contiki-avr-atmega256rfr2.a(packetbuf.o)
                0x0000b4a0                packetbuf_addr
 .text.packetbuf_holds_broadcast
                0x0000b4ae        0xc contiki-avr-atmega256rfr2.a(packetbuf.o)
                0x0000b4ae                packetbuf_holds_broadcast
 .text.queuebuf_init
                0x0000b4ba       0x18 contiki-avr-atmega256rfr2.a(queuebuf.o)
                0x0000b4ba                queuebuf_init
 .text.queuebuf_numfree
                0x0000b4d2       0x16 contiki-avr-atmega256rfr2.a(queuebuf.o)
                0x0000b4d2                queuebuf_numfree
 .text.queuebuf_new_from_packetbuf
                0x0000b4e8       0x9a contiki-avr-atmega256rfr2.a(queuebuf.o)
                0x0000b4e8                queuebuf_new_from_packetbuf
 .text.queuebuf_free
                0x0000b582       0x4a contiki-avr-atmega256rfr2.a(queuebuf.o)
                0x0000b582                queuebuf_free
 .text.queuebuf_to_packetbuf
                0x0000b5cc       0x92 contiki-avr-atmega256rfr2.a(queuebuf.o)
                0x0000b5cc                queuebuf_to_packetbuf
 .text.on       0x0000b65e        0xa contiki-avr-atmega256rfr2.a(sicslowmac.o)
 .text.channel_check_interval
                0x0000b668        0x6 contiki-avr-atmega256rfr2.a(sicslowmac.o)
 .text.send_packet
                0x0000b66e      0x128 contiki-avr-atmega256rfr2.a(sicslowmac.o)
 .text.send_list
                0x0000b796       0x4a contiki-avr-atmega256rfr2.a(sicslowmac.o)
                0x0000b796                send_list
 .text.input_packet
                0x0000b7e0       0xd8 contiki-avr-atmega256rfr2.a(sicslowmac.o)
 .text.init     0x0000b8b8       0x12 contiki-avr-atmega256rfr2.a(sicslowmac.o)
 .text.off      0x0000b8ca       0x18 contiki-avr-atmega256rfr2.a(sicslowmac.o)
 .text.bootstrap
                0x0000b8e2        0x4 contiki-avr-atmega256rfr2.a(nullsec.o)
 .text.on_frame_created
                0x0000b8e6        0x6 contiki-avr-atmega256rfr2.a(nullsec.o)
 .text.input    0x0000b8ec        0xa contiki-avr-atmega256rfr2.a(nullsec.o)
 .text.get_overhead
                0x0000b8f6        0x4 contiki-avr-atmega256rfr2.a(nullsec.o)
 .text.send     0x0000b8fa       0x2c contiki-avr-atmega256rfr2.a(nullsec.o)
 .text.stimer_set
                0x0000b926       0x20 contiki-avr-atmega256rfr2.a(stimer.o)
                0x0000b926                stimer_set
 .text.stimer_expired
                0x0000b946       0x5c contiki-avr-atmega256rfr2.a(stimer.o)
                0x0000b946                stimer_expired
 .text.memb_init
                0x0000b9a2       0x3c contiki-avr-atmega256rfr2.a(memb.o)
                0x0000b9a2                memb_init
 .text.memb_alloc
                0x0000b9de       0x4a contiki-avr-atmega256rfr2.a(memb.o)
                0x0000b9de                memb_alloc
 .text.memb_free
                0x0000ba28       0x4a contiki-avr-atmega256rfr2.a(memb.o)
                0x0000ba28                memb_free
 .text.memb_inmemb
                0x0000ba72       0x3a contiki-avr-atmega256rfr2.a(memb.o)
                0x0000ba72                memb_inmemb
 .text.memb_numfree
                0x0000baac       0x34 contiki-avr-atmega256rfr2.a(memb.o)
                0x0000baac                memb_numfree
 .text.field_len
                0x0000bae0       0x8e contiki-avr-atmega256rfr2.a(frame802154.o)
 .text.frame802154_hdrlen
                0x0000bb6e       0x46 contiki-avr-atmega256rfr2.a(frame802154.o)
                0x0000bb6e                frame802154_hdrlen
 .text.frame802154_create
                0x0000bbb4      0x1ac contiki-avr-atmega256rfr2.a(frame802154.o)
                0x0000bbb4                frame802154_create
 .text.frame802154_parse
                0x0000bd60      0x19c contiki-avr-atmega256rfr2.a(frame802154.o)
                0x0000bd60                frame802154_parse
 .text.libgcc.div
                0x0000befc       0x28 /usr/local/bin/../lib/gcc/avr/4.8.1/avr6/libgcc.a(_udivmodhi4.o)
                0x0000befc                __udivmodhi4
 .text.libgcc.div
                0x0000bf24       0x28 /usr/local/bin/../lib/gcc/avr/4.8.1/avr6/libgcc.a(_divmodhi4.o)
                0x0000bf24                __divmodhi4
                0x0000bf24                _div
 .text.libgcc.div
                0x0000bf4c       0x44 /usr/local/bin/../lib/gcc/avr/4.8.1/avr6/libgcc.a(_udivmodsi4.o)
                0x0000bf4c                __udivmodsi4
 .text.libgcc   0x0000bf90        0xc /usr/local/bin/../lib/gcc/avr/4.8.1/avr6/libgcc.a(_tablejump.o)
                0x0000bf90                __tablejump2__
                0x0000bf94                __tablejump__
 .text.libgcc.builtins
                0x0000bf9c        0xe /usr/local/bin/../lib/gcc/avr/4.8.1/avr6/libgcc.a(_bswapsi2.o)
                0x0000bf9c                __bswapsi2
 .text.libgcc.mul
                0x0000bfaa       0x1e /usr/local/bin/../lib/gcc/avr/4.8.1/avr6/libgcc.a(_umulhisi3.o)
                0x0000bfaa                __umulhisi3
 .text.avr-libc.fplib
                0x0000bfc8        0xa /usr/local/bin/../lib/gcc/avr/4.8.1/../../../../avr/lib/avr6/libm.a(fixsfsi.o)
                0x0000bfc8                __fixsfsi
 .text.avr-libc.fplib
                0x0000bfd2       0x58 /usr/local/bin/../lib/gcc/avr/4.8.1/../../../../avr/lib/avr6/libm.a(fixunssfsi.o)
                0x0000bfd2                __fixunssfsi
 .text.avr-libc.fplib
                0x0000c02a       0x7a /usr/local/bin/../lib/gcc/avr/4.8.1/../../../../avr/lib/avr6/libm.a(floatsisf.o)
                0x0000c02a                __floatunsisf
                0x0000c02e                __floatsisf
 .text.avr-libc.fplib
                0x0000c0a4       0x44 /usr/local/bin/../lib/gcc/avr/4.8.1/../../../../avr/lib/avr6/libm.a(fp_split3.o)
                0x0000c0a4                __fp_split3
                0x0000c0b4                __fp_splitA
 .text.avr-libc.fplib
                0x0000c0e8        0xe /usr/local/bin/../lib/gcc/avr/4.8.1/../../../../avr/lib/avr6/libm.a(fp_zero.o)
                0x0000c0e8                __fp_zero
                0x0000c0ea                __fp_szero
 .text.avr-libc.fplib
                0x0000c0f6        0x4 /usr/local/bin/../lib/gcc/avr/4.8.1/../../../../avr/lib/avr6/libm.a(mulsf3.o)
                0x0000c0f6                __mulsf3
 .text.avr-libc.fplib
                0x0000c0fa       0xc2 /usr/local/bin/../lib/gcc/avr/4.8.1/../../../../avr/lib/avr6/libm.a(mulsf3x.o)
                0x0000c10e                __mulsf3x
                0x0000c112                __mulsf3_pse
 .text.avr-libc.fplib
                0x0000c1bc        0xc /usr/local/bin/../lib/gcc/avr/4.8.1/../../../../avr/lib/avr6/libm.a(fp_inf.o)
                0x0000c1bc                __fp_inf
 .text.avr-libc.fplib
                0x0000c1c8        0x6 /usr/local/bin/../lib/gcc/avr/4.8.1/../../../../avr/lib/avr6/libm.a(fp_nan.o)
                0x0000c1c8                __fp_nan
 .text.avr-libc.fplib
                0x0000c1ce        0xe /usr/local/bin/../lib/gcc/avr/4.8.1/../../../../avr/lib/avr6/libm.a(fp_pscA.o)
                0x0000c1ce                __fp_pscA
 .text.avr-libc.fplib
                0x0000c1dc        0xe /usr/local/bin/../lib/gcc/avr/4.8.1/../../../../avr/lib/avr6/libm.a(fp_pscB.o)
                0x0000c1dc                __fp_pscB
 .text.avr-libc.fplib
                0x0000c1ea       0x22 /usr/local/bin/../lib/gcc/avr/4.8.1/../../../../avr/lib/avr6/libm.a(fp_round.o)
                0x0000c1ea                __fp_round
 .text.avr-libc
                0x0000c20c       0xb8 /usr/local/bin/../lib/gcc/avr/4.8.1/../../../../avr/lib/avr6/libc.a(rand.o)
                0x0000c2a2                rand_r
                0x0000c2a6                rand
                0x0000c2ae                srand
 .text.avr-libc
                0x0000c2c4       0x1a /usr/local/bin/../lib/gcc/avr/4.8.1/../../../../avr/lib/avr6/libc.a(memcmp.o)
                0x0000c2c4                memcmp
 .text.avr-libc
                0x0000c2de       0x12 /usr/local/bin/../lib/gcc/avr/4.8.1/../../../../avr/lib/avr6/libc.a(memcpy.o)
                0x0000c2de                memcpy
 .text.avr-libc
                0x0000c2f0       0x24 /usr/local/bin/../lib/gcc/avr/4.8.1/../../../../avr/lib/avr6/libc.a(memmove.o)
                0x0000c2f0                memmove
 .text.avr-libc
                0x0000c314        0xe /usr/local/bin/../lib/gcc/avr/4.8.1/../../../../avr/lib/avr6/libc.a(memset.o)
                0x0000c314                memset
 .text.avr-libc
                0x0000c322       0x16 /usr/local/bin/../lib/gcc/avr/4.8.1/../../../../avr/lib/avr6/libc.a(itoa_ncheck.o)
                0x0000c322                __itoa_ncheck
 .text.avr-libc
                0x0000c338       0x34 /usr/local/bin/../lib/gcc/avr/4.8.1/../../../../avr/lib/avr6/libc.a(utoa_ncheck.o)
                0x0000c338                __utoa_ncheck
                0x0000c33a                __utoa_common
 .text.avr-libc
                0x0000c36c       0x24 /usr/local/bin/../lib/gcc/avr/4.8.1/../../../../avr/lib/avr6/libc.a(printf.o)
                0x0000c36c                printf
 .text.avr-libc
                0x0000c390       0x48 /usr/local/bin/../lib/gcc/avr/4.8.1/../../../../avr/lib/avr6/libc.a(printf_p.o)
                0x0000c390                printf_P
 .text.avr-libc
                0x0000c3d8      0x3f6 /usr/local/bin/../lib/gcc/avr/4.8.1/../../../../avr/lib/avr6/libc.a(vfprintf_std.o)
                0x0000c3d8                vfprintf
 .text.avr-libc
                0x0000c7ce       0x20 /usr/local/bin/../lib/gcc/avr/4.8.1/../../../../avr/lib/avr6/libc.a(eerd_block_atmega256rfr2.o)
                0x0000c7ce                __eerd_block_EEPROM_SUFFIX
                0x0000c7d2                __eerd_blraw_EEPROM_SUFFIX
 .text.avr-libc
                0x0000c7ee       0x10 /usr/local/bin/../lib/gcc/avr/4.8.1/../../../../avr/lib/avr6/libc.a(eerd_byte_atmega256rfr2.o)
                0x0000c7ee                __eerd_byte_EEPROM_SUFFIX
 .text.avr-libc
                0x0000c7fe        0xc /usr/local/bin/../lib/gcc/avr/4.8.1/../../../../avr/lib/avr6/libc.a(eerd_word_atmega256rfr2.o)
                0x0000c7fe                __eerd_word_EEPROM_SUFFIX
 .text.avr-libc
                0x0000c80a       0x14 /usr/local/bin/../lib/gcc/avr/4.8.1/../../../../avr/lib/avr6/libc.a(eewr_block_atmega256rfr2.o)
                0x0000c80a                __eewr_block_EEPROM_SUFFIX
 .text.avr-libc
                0x0000c81e       0x1c /usr/local/bin/../lib/gcc/avr/4.8.1/../../../../avr/lib/avr6/libc.a(eewr_byte_atmega256rfr2.o)
                0x0000c81e                __eewr_byte_EEPROM_SUFFIX
                0x0000c820                __eewr_r18_EEPROM_SUFFIX
 .text.avr-libc
                0x0000c83a        0xa /usr/local/bin/../lib/gcc/avr/4.8.1/../../../../avr/lib/avr6/libc.a(eewr_word_atmega256rfr2.o)
                0x0000c83a                __eewr_word_EEPROM_SUFFIX
 .text.avr-libc
                0x0000c844       0x16 /usr/local/bin/../lib/gcc/avr/4.8.1/../../../../avr/lib/avr6/libc.a(strnlen_P.o)
                0x0000c844                strnlen_P
 .text.avr-libc
                0x0000c85a       0x16 /usr/local/bin/../lib/gcc/avr/4.8.1/../../../../avr/lib/avr6/libc.a(strnlen.o)
                0x0000c85a                strnlen
 .text.avr-libc
                0x0000c870       0x20 /usr/local/bin/../lib/gcc/avr/4.8.1/../../../../avr/lib/avr6/libc.a(strrev.o)
                0x0000c870                strrev
 .text.avr-libc
                0x0000c890       0x64 /usr/local/bin/../lib/gcc/avr/4.8.1/../../../../avr/lib/avr6/libc.a(fputc.o)
                0x0000c890                fputc
 .text.avr-libc
                0x0000c8f4       0xbc /usr/local/bin/../lib/gcc/avr/4.8.1/../../../../avr/lib/avr6/libc.a(ultoa_invert.o)
                0x0000c8f4                __ultoa_invert
 .text.libgcc.div
                0x0000c9b0       0x2e /usr/local/bin/../lib/gcc/avr/4.8.1/avr6/libgcc.a(_divmodsi4.o)
                0x0000c9b0                __divmodsi4
 .text.libgcc.div
                0x0000c9de       0x10 /usr/local/bin/../lib/gcc/avr/4.8.1/avr6/libgcc.a(_negsi2.o)
                0x0000c9de                __negsi2
 .text.libgcc.mul
                0x0000c9ee       0x16 /usr/local/bin/../lib/gcc/avr/4.8.1/avr6/libgcc.a(_muluhisi3.o)
                0x0000c9ee                __muluhisi3
 .text.libgcc.mul
                0x0000ca04       0x10 /usr/local/bin/../lib/gcc/avr/4.8.1/avr6/libgcc.a(_mulshisi3.o)
                0x0000ca04                __mulshisi3
                0x0000ca0a                __mulohisi3
                0x0000ca14                . = ALIGN (0x2)
 *(.fini9)
 .fini9         0x0000ca14        0x0 /usr/local/bin/../lib/gcc/avr/4.8.1/avr6/libgcc.a(_exit.o)
                0x0000ca14                exit
                0x0000ca14                _exit
 *(.fini9)
 *(.fini8)
 *(.fini8)
 *(.fini7)
 *(.fini7)
 *(.fini6)
 *(.fini6)
 *(.fini5)
 *(.fini5)
 *(.fini4)
 *(.fini4)
 *(.fini3)
 *(.fini3)
 *(.fini2)
 *(.fini2)
 *(.fini1)
 *(.fini1)
 *(.fini0)
 .fini0         0x0000ca14        0x4 /usr/local/bin/../lib/gcc/avr/4.8.1/avr6/libgcc.a(_exit.o)
 *(.fini0)
                0x0000ca18                _etext = .

.data           0x00800200      0x4f2 load address 0x0000ca18
                0x00800200                PROVIDE (__data_start, .)
 *(.data)
 .data          0x00800200        0x4 /usr/local/bin/../lib/gcc/avr/4.8.1/../../../../avr/lib/avr6/libc.a(rand.o)
 *(.data*)
 .data.blink_process
                0x00800204        0xa hello-world.co
                0x00800204                blink_process
 .data.hello_world_process
                0x0080020e        0xa hello-world.co
                0x0080020e                hello_world_process
 .data.rs232_stdout
                0x00800218        0xe contiki-avr-atmega256rfr2.a(rs232.o)
 .data.rf230_process
                0x00800226        0xa contiki-avr-atmega256rfr2.a(rf230bb.o)
                0x00800226                rf230_process
 .data.ctimer_process
                0x00800230        0xa contiki-avr-atmega256rfr2.a(ctimer.o)
                0x00800230                ctimer_process
 .data.etimer_process
                0x0080023a        0xa contiki-avr-atmega256rfr2.a(etimer.o)
                0x0080023a                etimer_process
 .data.ds6_neighbors
                0x00800244        0x2 contiki-avr-atmega256rfr2.a(uip-ds6-nbr.o)
                0x00800244                ds6_neighbors
 .data.ds6_neighbors_struct
                0x00800246        0x8 contiki-avr-atmega256rfr2.a(uip-ds6-nbr.o)
 .data.defaultroutermemb
                0x0080024e        0x8 contiki-avr-atmega256rfr2.a(uip-ds6-route.o)
 .data.routememb
                0x00800256        0x8 contiki-avr-atmega256rfr2.a(uip-ds6-route.o)
 .data.neighborroutememb
                0x0080025e        0x8 contiki-avr-atmega256rfr2.a(uip-ds6-route.o)
 .data.nbr_routes_struct
                0x00800266        0x8 contiki-avr-atmega256rfr2.a(uip-ds6-route.o)
 .data.echo_reply_handler
                0x0080026e        0x6 contiki-avr-atmega256rfr2.a(uip-icmp6.o)
 .data.echo_request_handler
                0x00800274        0x6 contiki-avr-atmega256rfr2.a(uip-icmp6.o)
 .data.na_input_handler
                0x0080027a        0x6 contiki-avr-atmega256rfr2.a(uip-nd6.o)
 .data.ns_input_handler
                0x00800280        0x6 contiki-avr-atmega256rfr2.a(uip-nd6.o)
 .data.tcpip_process
                0x00800286        0xa contiki-avr-atmega256rfr2.a(tcpip.o)
                0x00800286                tcpip_process
 .data.packets_memb
                0x00800290        0x8 contiki-avr-atmega256rfr2.a(uip-packetqueue)
 .data.rpl_parents_struct
                0x00800298        0x8 contiki-avr-atmega256rfr2.a(rpl-dag.o)
 .data.dao_ack_handler
                0x008002a0        0x6 contiki-avr-atmega256rfr2.a(rpl-icmp6.o)
 .data.dao_handler
                0x008002a6        0x6 contiki-avr-atmega256rfr2.a(rpl-icmp6.o)
 .data.dio_handler
                0x008002ac        0x6 contiki-avr-atmega256rfr2.a(rpl-icmp6.o)
 .data.dis_handler
                0x008002b2        0x6 contiki-avr-atmega256rfr2.a(rpl-icmp6.o)
 .data.dao_sequence
                0x008002b8        0x1 contiki-avr-atmega256rfr2.a(rpl-icmp6.o)
 .data.rpl_mrhof
                0x008002b9        0xe contiki-avr-atmega256rfr2.a(rpl-mrhof.o)
                0x008002b9                rpl_mrhof
 .data.neighbor_addr_mem
                0x008002c7        0x8 contiki-avr-atmega256rfr2.a(nbr-table.o)
 .data.buframmem
                0x008002cf        0x8 contiki-avr-atmega256rfr2.a(queuebuf.o)
 .data.refbufmem
                0x008002d7        0x8 contiki-avr-atmega256rfr2.a(queuebuf.o)
 .data.bufmem   0x008002df        0x8 contiki-avr-atmega256rfr2.a(queuebuf.o)
 .data.Font08px_126
                0x008002e7        0x6 contiki-avr-atmega256rfr2.a(font.o)
                0x008002e7                Font08px_126
 .data.Font08px_125
                0x008002ed        0x4 contiki-avr-atmega256rfr2.a(font.o)
                0x008002ed                Font08px_125
 .data.Font08px_124
                0x008002f1        0x2 contiki-avr-atmega256rfr2.a(font.o)
                0x008002f1                Font08px_124
 .data.Font08px_123
                0x008002f3        0x4 contiki-avr-atmega256rfr2.a(font.o)
                0x008002f3                Font08px_123
 .data.Font08px_lz
                0x008002f7        0x4 contiki-avr-atmega256rfr2.a(font.o)
                0x008002f7                Font08px_lz
 .data.Font08px_ly
                0x008002fb        0x5 contiki-avr-atmega256rfr2.a(font.o)
                0x008002fb                Font08px_ly
 .data.Font08px_lx
                0x00800300        0x6 contiki-avr-atmega256rfr2.a(font.o)
                0x00800300                Font08px_lx
 .data.Font08px_lw
                0x00800306        0x6 contiki-avr-atmega256rfr2.a(font.o)
                0x00800306                Font08px_lw
 .data.Font08px_lv
                0x0080030c        0x6 contiki-avr-atmega256rfr2.a(font.o)
                0x0080030c                Font08px_lv
 .data.Font08px_lu
                0x00800312        0x5 contiki-avr-atmega256rfr2.a(font.o)
                0x00800312                Font08px_lu
 .data.Font08px_lt
                0x00800317        0x4 contiki-avr-atmega256rfr2.a(font.o)
                0x00800317                Font08px_lt
 .data.Font08px_ls
                0x0080031b        0x5 contiki-avr-atmega256rfr2.a(font.o)
                0x0080031b                Font08px_ls
 .data.Font08px_lr
                0x00800320        0x4 contiki-avr-atmega256rfr2.a(font.o)
                0x00800320                Font08px_lr
 .data.Font08px_lq
                0x00800324        0x5 contiki-avr-atmega256rfr2.a(font.o)
                0x00800324                Font08px_lq
 .data.Font08px_lp
                0x00800329        0x5 contiki-avr-atmega256rfr2.a(font.o)
                0x00800329                Font08px_lp
 .data.Font08px_lo
                0x0080032e        0x5 contiki-avr-atmega256rfr2.a(font.o)
                0x0080032e                Font08px_lo
 .data.Font08px_ln
                0x00800333        0x5 contiki-avr-atmega256rfr2.a(font.o)
                0x00800333                Font08px_ln
 .data.Font08px_lm
                0x00800338        0x6 contiki-avr-atmega256rfr2.a(font.o)
                0x00800338                Font08px_lm
 .data.Font08px_ll
                0x0080033e        0x2 contiki-avr-atmega256rfr2.a(font.o)
                0x0080033e                Font08px_ll
 .data.Font08px_lk
                0x00800340        0x5 contiki-avr-atmega256rfr2.a(font.o)
                0x00800340                Font08px_lk
 .data.Font08px_lj
                0x00800345        0x3 contiki-avr-atmega256rfr2.a(font.o)
                0x00800345                Font08px_lj
 .data.Font08px_li
                0x00800348        0x2 contiki-avr-atmega256rfr2.a(font.o)
                0x00800348                Font08px_li
 .data.Font08px_lh
                0x0080034a        0x5 contiki-avr-atmega256rfr2.a(font.o)
                0x0080034a                Font08px_lh
 .data.Font08px_lg
                0x0080034f        0x5 contiki-avr-atmega256rfr2.a(font.o)
                0x0080034f                Font08px_lg
 .data.Font08px_lf
                0x00800354        0x4 contiki-avr-atmega256rfr2.a(font.o)
                0x00800354                Font08px_lf
 .data.Font08px_le
                0x00800358        0x5 contiki-avr-atmega256rfr2.a(font.o)
                0x00800358                Font08px_le
 .data.Font08px_ld
                0x0080035d        0x5 contiki-avr-atmega256rfr2.a(font.o)
                0x0080035d                Font08px_ld
 .data.Font08px_lc
                0x00800362        0x5 contiki-avr-atmega256rfr2.a(font.o)
                0x00800362                Font08px_lc
 .data.Font08px_lb
                0x00800367        0x5 contiki-avr-atmega256rfr2.a(font.o)
                0x00800367                Font08px_lb
 .data.Font08px_la
                0x0080036c        0x5 contiki-avr-atmega256rfr2.a(font.o)
                0x0080036c                Font08px_la
 .data.Font08px_96
                0x00800371        0x3 contiki-avr-atmega256rfr2.a(font.o)
                0x00800371                Font08px_96
 .data.Font08px_95
                0x00800374        0x4 contiki-avr-atmega256rfr2.a(font.o)
                0x00800374                Font08px_95
 .data.Font08px_94
                0x00800378        0x4 contiki-avr-atmega256rfr2.a(font.o)
                0x00800378                Font08px_94
 .data.Font08px_93
                0x0080037c        0x4 contiki-avr-atmega256rfr2.a(font.o)
                0x0080037c                Font08px_93
 .data.Font08px_92
                0x00800380        0x4 contiki-avr-atmega256rfr2.a(font.o)
                0x00800380                Font08px_92
 .data.Font08px_91
                0x00800384        0x4 contiki-avr-atmega256rfr2.a(font.o)
                0x00800384                Font08px_91
 .data.Font08px_UZ
                0x00800388        0x6 contiki-avr-atmega256rfr2.a(font.o)
                0x00800388                Font08px_UZ
 .data.Font08px_UY
                0x0080038e        0x6 contiki-avr-atmega256rfr2.a(font.o)
                0x0080038e                Font08px_UY
 .data.Font08px_UX
                0x00800394        0x6 contiki-avr-atmega256rfr2.a(font.o)
                0x00800394                Font08px_UX
 .data.Font08px_UW
                0x0080039a        0x6 contiki-avr-atmega256rfr2.a(font.o)
                0x0080039a                Font08px_UW
 .data.Font08px_UV
                0x008003a0        0x6 contiki-avr-atmega256rfr2.a(font.o)
                0x008003a0                Font08px_UV
 .data.Font08px_UU
                0x008003a6        0x5 contiki-avr-atmega256rfr2.a(font.o)
                0x008003a6                Font08px_UU
 .data.Font08px_UT
                0x008003ab        0x6 contiki-avr-atmega256rfr2.a(font.o)
                0x008003ab                Font08px_UT
 .data.Font08px_US
                0x008003b1        0x5 contiki-avr-atmega256rfr2.a(font.o)
                0x008003b1                Font08px_US
 .data.Font08px_UR
                0x008003b6        0x5 contiki-avr-atmega256rfr2.a(font.o)
                0x008003b6                Font08px_UR
 .data.Font08px_UQ
                0x008003bb        0x6 contiki-avr-atmega256rfr2.a(font.o)
                0x008003bb                Font08px_UQ
 .data.Font08px_UP
                0x008003c1        0x5 contiki-avr-atmega256rfr2.a(font.o)
                0x008003c1                Font08px_UP
 .data.Font08px_UO
                0x008003c6        0x5 contiki-avr-atmega256rfr2.a(font.o)
                0x008003c6                Font08px_UO
 .data.Font08px_UN
                0x008003cb        0x6 contiki-avr-atmega256rfr2.a(font.o)
                0x008003cb                Font08px_UN
 .data.Font08px_UM
                0x008003d1        0x6 contiki-avr-atmega256rfr2.a(font.o)
                0x008003d1                Font08px_UM
 .data.Font08px_UL
                0x008003d7        0x5 contiki-avr-atmega256rfr2.a(font.o)
                0x008003d7                Font08px_UL
 .data.Font08px_UK
                0x008003dc        0x6 contiki-avr-atmega256rfr2.a(font.o)
                0x008003dc                Font08px_UK
 .data.Font08px_UJ
                0x008003e2        0x5 contiki-avr-atmega256rfr2.a(font.o)
                0x008003e2                Font08px_UJ
 .data.Font08px_UI
                0x008003e7        0x4 contiki-avr-atmega256rfr2.a(font.o)
                0x008003e7                Font08px_UI
 .data.Font08px_UH
                0x008003eb        0x5 contiki-avr-atmega256rfr2.a(font.o)
                0x008003eb                Font08px_UH
 .data.Font08px_UG
                0x008003f0        0x6 contiki-avr-atmega256rfr2.a(font.o)
                0x008003f0                Font08px_UG
 .data.Font08px_UF
                0x008003f6        0x5 contiki-avr-atmega256rfr2.a(font.o)
                0x008003f6                Font08px_UF
 .data.Font08px_UE
                0x008003fb        0x5 contiki-avr-atmega256rfr2.a(font.o)
                0x008003fb                Font08px_UE
 .data.Font08px_UD
                0x00800400        0x5 contiki-avr-atmega256rfr2.a(font.o)
                0x00800400                Font08px_UD
 .data.Font08px_UC
                0x00800405        0x5 contiki-avr-atmega256rfr2.a(font.o)
                0x00800405                Font08px_UC
 .data.Font08px_UB
                0x0080040a        0x5 contiki-avr-atmega256rfr2.a(font.o)
                0x0080040a                Font08px_UB
 .data.Font08px_UA
                0x0080040f        0x6 contiki-avr-atmega256rfr2.a(font.o)
                0x0080040f                Font08px_UA
 .data.Font08px_64
                0x00800415        0x9 contiki-avr-atmega256rfr2.a(font.o)
                0x00800415                Font08px_64
 .data.Font08px_63
                0x0080041e        0x6 contiki-avr-atmega256rfr2.a(font.o)
                0x0080041e                Font08px_63
 .data.Font08px_62
                0x00800424        0x5 contiki-avr-atmega256rfr2.a(font.o)
                0x00800424                Font08px_62
 .data.Font08px_61
                0x00800429        0x5 contiki-avr-atmega256rfr2.a(font.o)
                0x00800429                Font08px_61
 .data.Font08px_60
                0x0080042e        0x5 contiki-avr-atmega256rfr2.a(font.o)
                0x0080042e                Font08px_60
 .data.Font08px_59
                0x00800433        0x2 contiki-avr-atmega256rfr2.a(font.o)
                0x00800433                Font08px_59
 .data.Font08px_58
                0x00800435        0x2 contiki-avr-atmega256rfr2.a(font.o)
                0x00800435                Font08px_58
 .data.Font08px_N9
                0x00800437        0x6 contiki-avr-atmega256rfr2.a(font.o)
                0x00800437                Font08px_N9
 .data.Font08px_N8
                0x0080043d        0x6 contiki-avr-atmega256rfr2.a(font.o)
                0x0080043d                Font08px_N8
 .data.Font08px_N7
                0x00800443        0x6 contiki-avr-atmega256rfr2.a(font.o)
                0x00800443                Font08px_N7
 .data.Font08px_N6
                0x00800449        0x6 contiki-avr-atmega256rfr2.a(font.o)
                0x00800449                Font08px_N6
 .data.Font08px_N5
                0x0080044f        0x6 contiki-avr-atmega256rfr2.a(font.o)
                0x0080044f                Font08px_N5
 .data.Font08px_N4
                0x00800455        0x6 contiki-avr-atmega256rfr2.a(font.o)
                0x00800455                Font08px_N4
 .data.Font08px_N3
                0x0080045b        0x6 contiki-avr-atmega256rfr2.a(font.o)
                0x0080045b                Font08px_N3
 .data.Font08px_N2
                0x00800461        0x6 contiki-avr-atmega256rfr2.a(font.o)
                0x00800461                Font08px_N2
 .data.Font08px_N1
                0x00800467        0x6 contiki-avr-atmega256rfr2.a(font.o)
                0x00800467                Font08px_N1
 .data.Font08px_N0
                0x0080046d        0x6 contiki-avr-atmega256rfr2.a(font.o)
                0x0080046d                Font08px_N0
 .data.Font08px_47
                0x00800473        0x4 contiki-avr-atmega256rfr2.a(font.o)
                0x00800473                Font08px_47
 .data.Font08px_46
                0x00800477        0x2 contiki-avr-atmega256rfr2.a(font.o)
                0x00800477                Font08px_46
 .data.Font08px_45
                0x00800479        0x4 contiki-avr-atmega256rfr2.a(font.o)
                0x00800479                Font08px_45
 .data.Font08px_44
                0x0080047d        0x2 contiki-avr-atmega256rfr2.a(font.o)
                0x0080047d                Font08px_44
 .data.Font08px_43
                0x0080047f        0x4 contiki-avr-atmega256rfr2.a(font.o)
                0x0080047f                Font08px_43
 .data.Font08px_42
                0x00800483        0x4 contiki-avr-atmega256rfr2.a(font.o)
                0x00800483                Font08px_42
 .data.Font08px_41
                0x00800487        0x4 contiki-avr-atmega256rfr2.a(font.o)
                0x00800487                Font08px_41
 .data.Font08px_40
                0x0080048b        0x4 contiki-avr-atmega256rfr2.a(font.o)
                0x0080048b                Font08px_40
 .data.Font08px_39
                0x0080048f        0x2 contiki-avr-atmega256rfr2.a(font.o)
                0x0080048f                Font08px_39
 .data.Font08px_38
                0x00800491        0x6 contiki-avr-atmega256rfr2.a(font.o)
                0x00800491                Font08px_38
 .data.Font08px_37
                0x00800497        0x6 contiki-avr-atmega256rfr2.a(font.o)
                0x00800497                Font08px_37
 .data.Font08px_36
                0x0080049d        0x6 contiki-avr-atmega256rfr2.a(font.o)
                0x0080049d                Font08px_36