Archive member included because of file (symbol)

contiki-avr-atmega256rfr2.a(contiki-main.o)
                              /usr/local/bin/../lib/gcc/avr/4.8.1/../../../../avr/lib/avr6/crtm256rfr2.o (main)
contiki-avr-atmega256rfr2.a(params.o)
                              contiki-avr-atmega256rfr2.a(contiki-main.o) (params_get_channel)
contiki-avr-atmega256rfr2.a(ssd1306.o)
                              contiki-avr-atmega256rfr2.a(contiki-main.o) (ssd1306_init)
contiki-avr-atmega256rfr2.a(clock.o)
                              contiki-avr-atmega256rfr2.a(contiki-main.o) (clock_init)
contiki-avr-atmega256rfr2.a(rs232.o)
                              contiki-avr-atmega256rfr2.a(contiki-main.o) (rs232_init)
contiki-avr-atmega256rfr2.a(watchdog.o)
                              contiki-avr-atmega256rfr2.a(contiki-main.o) (watchdog_periodic)
contiki-avr-atmega256rfr2.a(rtimer-arch.o)
                              contiki-avr-atmega256rfr2.a(contiki-main.o) (rtimer_arch_sleep)
contiki-avr-atmega256rfr2.a(random.o)
                              contiki-avr-atmega256rfr2.a(contiki-main.o) (random_init)
contiki-avr-atmega256rfr2.a(rf230bb.o)
                              contiki-avr-atmega256rfr2.a(clock.o) (RF230_receive_on)
contiki-avr-atmega256rfr2.a(halbb.o)
                              contiki-avr-atmega256rfr2.a(rf230bb.o) (hal_init)
contiki-avr-atmega256rfr2.a(autostart.o)
                              contiki-avr-atmega256rfr2.a(contiki-main.o) (autostart_start)
contiki-avr-atmega256rfr2.a(ctimer.o)
                              contiki-avr-atmega256rfr2.a(contiki-main.o) (ctimer_init)
contiki-avr-atmega256rfr2.a(energest.o)
                              contiki-avr-atmega256rfr2.a(rtimer-arch.o) (energest_current_time)
contiki-avr-atmega256rfr2.a(etimer.o)
                              contiki-avr-atmega256rfr2.a(clock.o) (etimer_request_poll)
contiki-avr-atmega256rfr2.a(process.o)
                              contiki-avr-atmega256rfr2.a(ctimer.o) (process_current)
contiki-avr-atmega256rfr2.a(rtimer.o)
                              contiki-avr-atmega256rfr2.a(contiki-main.o) (rtimer_init)
contiki-avr-atmega256rfr2.a(timer.o)
                              contiki-avr-atmega256rfr2.a(etimer.o) (timer_set)
contiki-avr-atmega256rfr2.a(list.o)
                              contiki-avr-atmega256rfr2.a(ctimer.o) (list_init)
contiki-avr-atmega256rfr2.a(print-stats.o)
                              contiki-avr-atmega256rfr2.a(contiki-main.o) (print_stats)
contiki-avr-atmega256rfr2.a(sicslowpan.o)
                              contiki-avr-atmega256rfr2.a(contiki-main.o) (sicslowpan_driver)
contiki-avr-atmega256rfr2.a(uip6.o)
                              contiki-avr-atmega256rfr2.a(sicslowpan.o) (uip_aligned_buf)
contiki-avr-atmega256rfr2.a(uip-ds6.o)
                              contiki-avr-atmega256rfr2.a(uip6.o) (uip_ds6_is_addr_onlink)
contiki-avr-atmega256rfr2.a(uip-ds6-nbr.o)
                              contiki-avr-atmega256rfr2.a(contiki-main.o) (ds6_neighbors)
contiki-avr-atmega256rfr2.a(uip-ds6-route.o)
                              contiki-avr-atmega256rfr2.a(uip-ds6.o) (uip_ds6_route_init)
contiki-avr-atmega256rfr2.a(uip-icmp6.o)
                              contiki-avr-atmega256rfr2.a(uip6.o) (uip_icmp6_input)
contiki-avr-atmega256rfr2.a(uip-nd6.o)
                              contiki-avr-atmega256rfr2.a(uip-ds6-nbr.o) (uip_nd6_ns_output)
contiki-avr-atmega256rfr2.a(tcpip.o)
                              contiki-avr-atmega256rfr2.a(sicslowpan.o) (tcpip_set_outputfunc)
contiki-avr-atmega256rfr2.a(uip-debug.o)
                              contiki-avr-atmega256rfr2.a(uip-ds6-route.o) (uip_debug_ipaddr_print)
contiki-avr-atmega256rfr2.a(uip-packetqueue)
                              contiki-avr-atmega256rfr2.a(uip-ds6-nbr.o) (uip_packetqueue_new)
contiki-avr-atmega256rfr2.a(uip-split.o)
                              contiki-avr-atmega256rfr2.a(tcpip.o) (uip_split_output)
contiki-avr-atmega256rfr2.a(rpl.o)
                              contiki-avr-atmega256rfr2.a(uip-ds6-nbr.o) (rpl_link_neighbor_callback)
contiki-avr-atmega256rfr2.a(rpl-dag.o)
                              contiki-avr-atmega256rfr2.a(rpl.o) (rpl_dag_init)
contiki-avr-atmega256rfr2.a(rpl-ext-header.)
                              contiki-avr-atmega256rfr2.a(uip6.o) (rpl_verify_header)
contiki-avr-atmega256rfr2.a(rpl-icmp6.o)
                              contiki-avr-atmega256rfr2.a(rpl.o) (dao_output_target)
contiki-avr-atmega256rfr2.a(rpl-mrhof.o)
                              contiki-avr-atmega256rfr2.a(rpl.o) (rpl_mrhof)
contiki-avr-atmega256rfr2.a(rpl-timers.o)
                              contiki-avr-atmega256rfr2.a(rpl.o) (rpl_reset_periodic_timer)
contiki-avr-atmega256rfr2.a(framer-802154.o)
                              contiki-avr-atmega256rfr2.a(sicslowpan.o) (framer_802154)
contiki-avr-atmega256rfr2.a(framer.o)
                              contiki-avr-atmega256rfr2.a(framer-802154.o) (framer_canonical_create_and_secure)
[...]
Memory Configuration

Name             Origin             Length             Attributes
text             0x00000000         0x00100000         xr
data             0x00800200         0x0000fe00         rw !x
eeprom           0x00810000         0x00010000         rw !x
fuse             0x00820000         0x00000400         rw !x
lock             0x00830000         0x00000400         rw !x
signature        0x00840000         0x00000400         rw !x
user_signatures  0x00850000         0x00000400         rw !x
*default*        0x00000000         0xffffffff

Linker script and memory map

Address of section .data set to 0x800200
LOAD /usr/local/bin/../lib/gcc/avr/4.8.1/../../../../avr/lib/avr6/crtm256rfr2.o
Address of section .bootloader set to 0x1f800
LOAD hello-world.co
LOAD contiki-avr-atmega256rfr2.a
START GROUP
LOAD /usr/local/bin/../lib/gcc/avr/4.8.1/avr6/libgcc.a
LOAD /usr/local/bin/../lib/gcc/avr/4.8.1/../../../../avr/lib/avr6/libm.a
LOAD /usr/local/bin/../lib/gcc/avr/4.8.1/../../../../avr/lib/avr6/libc.a
END GROUP

.hash
 *(.hash)

.dynsym
 *(.dynsym)

.dynstr
 *(.dynstr)

.gnu.version
 *(.gnu.version)

.gnu.version_d
 *(.gnu.version_d)

.gnu.version_r
 *(.gnu.version_r)

.rel.init
 *(.rel.init)

.rela.init
 *(.rela.init)

.rel.text
 *(.rel.text)
 *(.rel.text.*)
 *(.rel.gnu.linkonce.t*)

.rela.text
 *(.rela.text)
 *(.rela.text.*)
 *(.rela.gnu.linkonce.t*)

.rel.fini
 *(.rel.fini)

.rela.fini
 *(.rela.fini)

.rel.rodata
 *(.rel.rodata)
 *(.rel.rodata.*)
 *(.rel.gnu.linkonce.r*)

.rela.rodata
 *(.rela.rodata)
 *(.rela.rodata.*)
 *(.rela.gnu.linkonce.r*)

.rel.data
 *(.rel.data)
 *(.rel.data.*)
 *(.rel.gnu.linkonce.d*)

.rela.data
 *(.rela.data)
 *(.rela.data.*)
 *(.rela.gnu.linkonce.d*)

.rel.ctors
 *(.rel.ctors)

.rela.ctors
 *(.rela.ctors)

.rel.dtors
 *(.rel.dtors)

.rela.dtors
 *(.rela.dtors)

.rel.got
 *(.rel.got)

.rela.got
 *(.rela.got)

.rel.bss
 *(.rel.bss)

.rela.bss
 *(.rela.bss)

.rel.plt
 *(.rel.plt)

.rela.plt
 *(.rela.plt)

.text           0x00000000     0xc460
 *(.vectors)
 .vectors       0x00000000      0x134 /usr/local/bin/../lib/gcc/avr/4.8.1/../../../../avr/lib/avr6/crtm256rfr2.o
                0x00000000                __vectors
                0x00000000                __vector_default
 *(.vectors)
 *(.progmem.gcc*)
 .progmem.gcc_sw_table.uip_process
                0x00000134       0x10 contiki-avr-atmega256rfr2.a(uip6.o)
                0x00000144                . = ALIGN (0x2)
                0x00000144                __trampolines_start = .
 *(.trampolines)
 .trampolines   0x00000144      0x130 linker stubs
 *(.trampolines*)
                0x00000274                __trampolines_end = .
 *(.progmem*)
 .progmem.data.__c.4704
                0x00000274        0x3 contiki-avr-atmega256rfr2.a(contiki-main.o)
 .progmem.data.__c.4702
                0x00000277        0x2 contiki-avr-atmega256rfr2.a(contiki-main.o)
 .progmem.data.__c.4700
                0x00000279        0x3 contiki-avr-atmega256rfr2.a(contiki-main.o)
 .progmem.data.__c.4764
                0x0000027c       0x1d contiki-avr-atmega256rfr2.a(contiki-main.o)
 .progmem.data.__c.4759
                0x00000299        0xc contiki-avr-atmega256rfr2.a(contiki-main.o)
 .progmem.data.__c.4757
                0x000002a5        0x9 contiki-avr-atmega256rfr2.a(contiki-main.o)
 .progmem.data.__c.4752
                0x000002ae        0x8 contiki-avr-atmega256rfr2.a(contiki-main.o)
 .progmem.data.__c.4750
                0x000002b6        0xa contiki-avr-atmega256rfr2.a(contiki-main.o)
 .progmem.data.__c.4748
                0x000002c0       0x12 contiki-avr-atmega256rfr2.a(contiki-main.o)
 .progmem.data.__c.4745
                0x000002d2       0x12 contiki-avr-atmega256rfr2.a(contiki-main.o)
 .progmem.data.__c.4740
                0x000002e4        0x2 contiki-avr-atmega256rfr2.a(contiki-main.o)
 .progmem.data.__c.4738
                0x000002e6       0x15 contiki-avr-atmega256rfr2.a(contiki-main.o)
 .progmem.data.__c.4733
                0x000002fb        0x2 contiki-avr-atmega256rfr2.a(contiki-main.o)
 .progmem.data.__c.4731
                0x000002fd       0x15 contiki-avr-atmega256rfr2.a(contiki-main.o)
 .progmem.data.__c.4723
                0x00000312        0xe contiki-avr-atmega256rfr2.a(contiki-main.o)
 .progmem.data.__c.4721
                0x00000320       0x11 contiki-avr-atmega256rfr2.a(contiki-main.o)
 .progmem.data.__c.4719
                0x00000331       0x11 contiki-avr-atmega256rfr2.a(contiki-main.o)
 .progmem.data.__c.4717
                0x00000342       0x11 contiki-avr-atmega256rfr2.a(contiki-main.o)
 .progmem.data.__c.4715
                0x00000353       0x12 contiki-avr-atmega256rfr2.a(contiki-main.o)
 .progmem.data.__c.4692
                0x00000365        0x8 contiki-avr-atmega256rfr2.a(contiki-main.o)
 .progmem.data.__c.4685
                0x0000036d       0x11 contiki-avr-atmega256rfr2.a(contiki-main.o)
 .progmem.data.__c.4683
                0x0000037e        0xd contiki-avr-atmega256rfr2.a(contiki-main.o)
 .progmem.data.__c.4681
                0x0000038b       0x32 contiki-avr-atmega256rfr2.a(contiki-main.o)
 .progmem.data.__c.4679
                0x000003bd       0x25 contiki-avr-atmega256rfr2.a(contiki-main.o)
 .progmem.data.__c.4677
                0x000003e2       0x20 contiki-avr-atmega256rfr2.a(contiki-main.o)
 .progmem.data.__c.4674
                0x00000402       0x1b contiki-avr-atmega256rfr2.a(contiki-main.o)
 .progmem.data.__c.4667
                0x0000041d        0xd contiki-avr-atmega256rfr2.a(contiki-main.o)
 .progmem.data.__c.4665
                0x0000042a       0x11 contiki-avr-atmega256rfr2.a(contiki-main.o)
 .progmem.data.__c.4663
                0x0000043b       0x11 contiki-avr-atmega256rfr2.a(contiki-main.o)
 .progmem.data.__c.4661
                0x0000044c       0x11 contiki-avr-atmega256rfr2.a(contiki-main.o)
 .progmem.data.__c.4659
                0x0000045d       0x11 contiki-avr-atmega256rfr2.a(contiki-main.o)
 .progmem.data.__c.4654
                0x0000046e        0xf contiki-avr-atmega256rfr2.a(contiki-main.o)
 .progmem.data.__c.4413
                0x0000047d       0x2d contiki-avr-atmega256rfr2.a(params.o)
 .progmem.data.default_domain_name
                0x000004aa        0xa contiki-avr-atmega256rfr2.a(params.o)
                0x000004aa                default_domain_name
 .progmem.data.default_server_name
                0x000004b4        0xe contiki-avr-atmega256rfr2.a(params.o)
                0x000004b4                default_server_name
 .progmem.data.default_mac_address
                0x000004c2        0x8 contiki-avr-atmega256rfr2.a(params.o)
                0x000004c2                default_mac_address
 .progmem.data.__c.3506
                0x000004ca       0x6f contiki-avr-atmega256rfr2.a(print-stats.o)
 .progmem.data.__c.2435
                0x00000539        0x3 contiki-avr-atmega256rfr2.a(uip-debug.o)
 .progmem.data.__c.2433
                0x0000053c        0x2 contiki-avr-atmega256rfr2.a(uip-debug.o)
 .progmem.data.__c.2431
                0x0000053e        0x3 contiki-avr-atmega256rfr2.a(uip-debug.o)
                0x00000542                . = ALIGN (0x2)
 *fill*         0x00000541        0x1 
 *(.jumptables)
 *(.jumptables*)
 *(.lowtext)
 *(.lowtext*)
                0x00000542                __ctors_start = .
 *(.ctors)
                0x00000542                __ctors_end = .
                0x00000542                __dtors_start = .
 *(.dtors)
                0x00000542                __dtors_end = .
 SORT(*)(.ctors)
 SORT(*)(.dtors)
 *(.init0)
 .init0         0x00000542        0x0 /usr/local/bin/../lib/gcc/avr/4.8.1/../../../../avr/lib/avr6/crtm256rfr2.o
                0x00000542                __init
 *(.init0)
 *(.init1)
 *(.init1)
 *(.init2)
 .init2         0x00000542       0x10 /usr/local/bin/../lib/gcc/avr/4.8.1/../../../../avr/lib/avr6/crtm256rfr2.o
 *(.init2)
 *(.init3)
 *(.init3)
 *(.init4)
 .init4         0x00000552       0x1a /usr/local/bin/../lib/gcc/avr/4.8.1/avr6/libgcc.a(_copy_data.o)
                0x00000552                __do_copy_data
 .init4         0x0000056c       0x10 /usr/local/bin/../lib/gcc/avr/4.8.1/avr6/libgcc.a(_clear_bss.o)
                0x0000056c                __do_clear_bss
 *(.init4)
 *(.init5)
 *(.init5)
 *(.init6)
 *(.init6)
 *(.init7)
 *(.init7)
 *(.init8)
 *(.init8)
 *(.init9)
 .init9         0x0000057c        0x8 /usr/local/bin/../lib/gcc/avr/4.8.1/../../../../avr/lib/avr6/crtm256rfr2.o
 *(.init9)
 *(.text)
 .text          0x00000584        0x4 /usr/local/bin/../lib/gcc/avr/4.8.1/../../../../avr/lib/avr6/crtm256rfr2.o
                0x00000584                __vector_38
                0x00000584                __vector_22
                0x00000584                __vector_28
                0x00000584                __vector_67
                0x00000584                __vector_1
                0x00000584                __vector_75
                0x00000584                __vector_71
                0x00000584                __vector_34
                0x00000584                __vector_24
                0x00000584                __vector_12
                0x00000584                __vector_55
                0x00000584                __vector_69
                0x00000584                __vector_46
                0x00000584                __bad_interrupt
                0x00000584                __vector_72
                0x00000584                __vector_6
                0x00000584                __vector_31
                0x00000584                __vector_35
                0x00000584                __vector_74
                0x00000584                __vector_39
                0x00000584                __vector_3
                0x00000584                __vector_23
                0x00000584                __vector_68
                0x00000584                __vector_30
                0x00000584                __vector_73
                0x00000584                __vector_45
                0x00000584                __vector_11
                0x00000584                __vector_54
                0x00000584                __vector_17
                0x00000584                __vector_19
                0x00000584                __vector_56
                0x00000584                __vector_7
                0x00000584                __vector_49
                0x00000584                __vector_41
                0x00000584                __vector_43
                0x00000584                __vector_27
                0x00000584                __vector_5
                0x00000584                __vector_33
                0x00000584                __vector_76
                0x00000584                __vector_47
                0x00000584                __vector_52
                0x00000584                __vector_37
                0x00000584                __vector_4
                0x00000584                __vector_44
                0x00000584                __vector_51
                0x00000584                __vector_9
                0x00000584                __vector_2
                0x00000584                __vector_15
                0x00000584                __vector_66
                0x00000584                __vector_70
                0x00000584                __vector_29
                0x00000584                __vector_40
                0x00000584                __vector_8
                0x00000584                __vector_26
                0x00000584                __vector_48
                0x00000584                __vector_14
                0x00000584                __vector_53
                0x00000584                __vector_10
                0x00000584                __vector_50
                0x00000584                __vector_16
                0x00000584                __vector_18
                0x00000584                __vector_20
                0x00000584                __vector_42
                0x00000584                __vector_65
                0x00000588                . = ALIGN (0x2)
 *(.text.*)
 .text.process_thread_blink_process
                0x00000588       0x3c hello-world.co
 .text.process_thread_hello_world_process
                0x000005c4       0x7c hello-world.co
 .text.ipaddr_add
                0x00000640       0xc6 contiki-avr-atmega256rfr2.a(contiki-main.o)
 .text.rng_get_uint8
                0x00000706       0x46 contiki-avr-atmega256rfr2.a(contiki-main.o)
                0x00000706                rng_get_uint8
 .text.initialize
                0x0000074c      0x324 contiki-avr-atmega256rfr2.a(contiki-main.o)
                0x0000074c                initialize
 .text.startup.main
                0x00000a70      0x310 contiki-avr-atmega256rfr2.a(contiki-main.o)
                0x00000a70                main
 .text.params_get_channel
                0x00000d80      0x10c contiki-avr-atmega256rfr2.a(params.o)
                0x00000d80                params_get_channel
 .text.params_get_eui64
                0x00000e8c       0x14 contiki-avr-atmega256rfr2.a(params.o)
                0x00000e8c                params_get_eui64
 .text.params_get_panid
                0x00000ea0        0x8 contiki-avr-atmega256rfr2.a(params.o)
                0x00000ea0                params_get_panid
 .text.params_get_panaddr
                0x00000ea8        0x8 contiki-avr-atmega256rfr2.a(params.o)
                0x00000ea8                params_get_panaddr
 .text.params_get_txpower
                0x00000eb0        0x8 contiki-avr-atmega256rfr2.a(params.o)
                0x00000eb0                params_get_txpower
 .text.ssd1306_reset_clear
                0x00000eb8        0x6 contiki-avr-atmega256rfr2.a(ssd1306.o)
                0x00000eb8                ssd1306_reset_clear
 .text.ssd1306_reset_set
                0x00000ebe        0x6 contiki-avr-atmega256rfr2.a(ssd1306.o)
                0x00000ebe                ssd1306_reset_set
 .text.ssd1306_sel_cmd
                0x00000ec4        0x6 contiki-avr-atmega256rfr2.a(ssd1306.o)
                0x00000ec4                ssd1306_sel_cmd
 .text.spi_deselect_device
                0x00000eca        0x6 contiki-avr-atmega256rfr2.a(ssd1306.o)
                0x00000eca                spi_deselect_device
 .text.spi_select_device
                0x00000ed0        0x6 contiki-avr-atmega256rfr2.a(ssd1306.o)
                0x00000ed0                spi_select_device
 .text.spi_write_single
                0x00000ed6        0xa contiki-avr-atmega256rfr2.a(ssd1306.o)
                0x00000ed6                spi_write_single
 .text.ssd1306_write_command
                0x00000ee0       0x2c contiki-avr-atmega256rfr2.a(ssd1306.o)
                0x00000ee0                ssd1306_write_command
 .text.ssd1306_hard_reset
                0x00000f0c       0x18 contiki-avr-atmega256rfr2.a(ssd1306.o)
                0x00000f0c                ssd1306_hard_reset
 .text.ssd1306_display_on
                0x00000f24        0x6 contiki-avr-atmega256rfr2.a(ssd1306.o)
                0x00000f24                ssd1306_display_on
 .text.ssd1306_set_contrast
                0x00000f2a       0x16 contiki-avr-atmega256rfr2.a(ssd1306.o)
                0x00000f2a                ssd1306_set_contrast
 .text.ssd1306_display_invert_disable
                0x00000f40        0x6 contiki-avr-atmega256rfr2.a(ssd1306.o)
                0x00000f40                ssd1306_display_invert_disable
 .text.ssd1306_spi_init
                0x00000f46       0x1a contiki-avr-atmega256rfr2.a(ssd1306.o)
                0x00000f46                ssd1306_spi_init
 .text.ssd1306_interface_init
                0x00000f60        0x8 contiki-avr-atmega256rfr2.a(ssd1306.o)
                0x00000f60                ssd1306_interface_init
 .text.ssd1306_init
                0x00000f68       0x82 contiki-avr-atmega256rfr2.a(ssd1306.o)
                0x00000f68                ssd1306_init
 .text.clock_init
                0x00000fea       0x20 contiki-avr-atmega256rfr2.a(clock.o)
                0x00000fea                clock_init
 .text.clock_time
                0x0000100a       0x18 contiki-avr-atmega256rfr2.a(clock.o)
                0x0000100a                clock_time
 .text.clock_seconds
                0x00001022       0x34 contiki-avr-atmega256rfr2.a(clock.o)
                0x00001022                clock_seconds
 .text.clock_delay_usec
                0x00001056       0x1a contiki-avr-atmega256rfr2.a(clock.o)
                0x00001056                clock_delay_usec
 .text.clock_adjust_ticks
                0x00001070       0xbe contiki-avr-atmega256rfr2.a(clock.o)
                0x00001070                clock_adjust_ticks
 .text.__vector_21
                0x0000112e       0xe0 contiki-avr-atmega256rfr2.a(clock.o)
                0x0000112e                __vector_21
 .text.__vector_25
                0x0000120e       0x5e contiki-avr-atmega256rfr2.a(rs232.o)
                0x0000120e                __vector_25
 .text.__vector_36
                0x0000126c       0x5e contiki-avr-atmega256rfr2.a(rs232.o)
                0x0000126c                __vector_36
 .text.rs232_init
                0x000012ca       0x40 contiki-avr-atmega256rfr2.a(rs232.o)
                0x000012ca                rs232_init
 .text.rs232_send
                0x0000130a       0x24 contiki-avr-atmega256rfr2.a(rs232.o)
                0x0000130a                rs232_send
 .text.rs232_stdout_putchar
                0x0000132e       0x2a contiki-avr-atmega256rfr2.a(rs232.o)
                0x0000132e                rs232_stdout_putchar
 .text.rs232_redirect_stdout
                0x00001358       0x12 contiki-avr-atmega256rfr2.a(rs232.o)
                0x00001358                rs232_redirect_stdout
 .text.watchdog_start
                0x0000136a       0x18 contiki-avr-atmega256rfr2.a(watchdog.o)
                0x0000136a                watchdog_start
 .text.watchdog_periodic
                0x00001382        0x4 contiki-avr-atmega256rfr2.a(watchdog.o)
                0x00001382                watchdog_periodic
 .text.watchdog_stop
                0x00001386       0x12 contiki-avr-atmega256rfr2.a(watchdog.o)
                0x00001386                watchdog_stop
 .text.__vector_32
                0x00001398       0xee contiki-avr-atmega256rfr2.a(rtimer-arch.o)
                0x00001398                __vector_32
 .text.rtimer_arch_init
                0x00001486       0x34 contiki-avr-atmega256rfr2.a(rtimer-arch.o)
                0x00001486                rtimer_arch_init
 .text.rtimer_arch_schedule
                0x000014ba       0x20 contiki-avr-atmega256rfr2.a(rtimer-arch.o)
                0x000014ba                rtimer_arch_schedule
 .text.rtimer_arch_sleep
                0x000014da      0x17a contiki-avr-atmega256rfr2.a(rtimer-arch.o)
                0x000014da                rtimer_arch_sleep
 .text.__vector_13
                0x00001654       0x14 contiki-avr-atmega256rfr2.a(rtimer-arch.o)
                0x00001654                __vector_13
 .text.random_init
                0x00001668        0x4 contiki-avr-atmega256rfr2.a(random.o)
                0x00001668                random_init
 .text.random_rand
                0x0000166c        0x4 contiki-avr-atmega256rfr2.a(random.o)
                0x0000166c                random_rand
 .text.get_value
                0x00001670        0x6 contiki-avr-atmega256rfr2.a(rf230bb.o)
 .text.set_value
                0x00001676        0x6 contiki-avr-atmega256rfr2.a(rf230bb.o)
 .text.get_object
                0x0000167c        0x6 contiki-avr-atmega256rfr2.a(rf230bb.o)
 .text.set_object
                0x00001682        0x6 contiki-avr-atmega256rfr2.a(rf230bb.o)
 .text.rf230_pending_packet
                0x00001688        0x8 contiki-avr-atmega256rfr2.a(rf230bb.o)
 .text.radio_reset_state_machine
                0x00001690       0x32 contiki-avr-atmega256rfr2.a(rf230bb.o)
 .text.set_txpower
                0x000016c2       0x1e contiki-avr-atmega256rfr2.a(rf230bb.o)
 .text.rf230_isidle
                0x000016e0       0x2c contiki-avr-atmega256rfr2.a(rf230bb.o)
 .text.rf230_waitidle
                0x0000170c       0x12 contiki-avr-atmega256rfr2.a(rf230bb.o)
 .text.rf230_receiving_packet
                0x0000171e       0x2a contiki-avr-atmega256rfr2.a(rf230bb.o)
 .text.radio_off
                0x00001748      0x124 contiki-avr-atmega256rfr2.a(rf230bb.o)
 .text.rf230_off
                0x0000186c       0x16 contiki-avr-atmega256rfr2.a(rf230bb.o)
 .text.rf230_prepare
                0x00001882       0x32 contiki-avr-atmega256rfr2.a(rf230bb.o)
 .text.radio_get_trx_state
                0x000018b4        0xc contiki-avr-atmega256rfr2.a(rf230bb.o)
                0x000018b4                radio_get_trx_state
 .text.radio_set_trx_state
                0x000018c0       0xbc contiki-avr-atmega256rfr2.a(rf230bb.o)
 .text.radio_on
                0x0000197c       0x6a contiki-avr-atmega256rfr2.a(rf230bb.o)
 .text.rf230_on
                0x000019e6       0x12 contiki-avr-atmega256rfr2.a(rf230bb.o)
 .text.rf230_cca
                0x000019f8      0x128 contiki-avr-atmega256rfr2.a(rf230bb.o)
 .text.rf230_warm_reset
                0x00001b20       0x3e contiki-avr-atmega256rfr2.a(rf230bb.o)
                0x00001b20                rf230_warm_reset
 .text.rf230_init
                0x00001b5e       0x76 contiki-avr-atmega256rfr2.a(rf230bb.o)
                0x00001b5e                rf230_init
 .text.rf230_get_channel
                0x00001bd4        0x6 contiki-avr-atmega256rfr2.a(rf230bb.o)
                0x00001bd4                rf230_get_channel
 .text.rf230_set_channel
                0x00001bda       0x2a contiki-avr-atmega256rfr2.a(rf230bb.o)
                0x00001bda                rf230_set_channel
 .text.rf230_set_pan_addr
                0x00001c04       0x48 contiki-avr-atmega256rfr2.a(rf230bb.o)
                0x00001c04                rf230_set_pan_addr
 .text.rf230_interrupt
                0x00001c4c       0x26 contiki-avr-atmega256rfr2.a(rf230bb.o)
                0x00001c4c                rf230_interrupt
 .text.rf230_read
                0x00001c72       0xce contiki-avr-atmega256rfr2.a(rf230bb.o)
 .text.process_thread_rf230_process
                0x00001d40       0x8a contiki-avr-atmega256rfr2.a(rf230bb.o)
 .text.rf230_set_txpower
                0x00001dca        0x4 contiki-avr-atmega256rfr2.a(rf230bb.o)
                0x00001dca                rf230_set_txpower
 .text.rf230_get_txpower
                0x00001dce       0x18 contiki-avr-atmega256rfr2.a(rf230bb.o)
                0x00001dce                rf230_get_txpower
 .text.rf230_transmit
                0x00001de6      0x260 contiki-avr-atmega256rfr2.a(rf230bb.o)
 .text.rf230_send
                0x00002046       0x32 contiki-avr-atmega256rfr2.a(rf230bb.o)
 .text.hal_init
                0x00002078        0x2 contiki-avr-atmega256rfr2.a(halbb.o)
                0x00002078                hal_init
 .text.hal_subregister_read
                0x0000207a       0x14 contiki-avr-atmega256rfr2.a(halbb.o)
                0x0000207a                hal_subregister_read
 .text.hal_subregister_write
                0x0000208e       0x36 contiki-avr-atmega256rfr2.a(halbb.o)
                0x0000208e                hal_subregister_write
 .text.hal_frame_read
                0x000020c4       0x54 contiki-avr-atmega256rfr2.a(halbb.o)
                0x000020c4                hal_frame_read
 .text.hal_frame_write
                0x00002118       0x22 contiki-avr-atmega256rfr2.a(halbb.o)
                0x00002118                hal_frame_write
 .text.__vector_60
                0x0000213a       0x80 contiki-avr-atmega256rfr2.a(halbb.o)
                0x0000213a                __vector_60
 .text.__vector_59
                0x000021ba       0x14 contiki-avr-atmega256rfr2.a(halbb.o)
                0x000021ba                __vector_59
 .text.__vector_57
                0x000021ce       0x14 contiki-avr-atmega256rfr2.a(halbb.o)
                0x000021ce                __vector_57
 .text.__vector_58
                0x000021e2       0x14 contiki-avr-atmega256rfr2.a(halbb.o)
                0x000021e2                __vector_58
 .text.__vector_64
                0x000021f6       0x18 contiki-avr-atmega256rfr2.a(halbb.o)
                0x000021f6                __vector_64
 .text.__vector_63
                0x0000220e       0x18 contiki-avr-atmega256rfr2.a(halbb.o)
                0x0000220e                __vector_63
 .text.__vector_62
                0x00002226       0x14 contiki-avr-atmega256rfr2.a(halbb.o)
                0x00002226                __vector_62
 .text.__vector_61
                0x0000223a       0x18 contiki-avr-atmega256rfr2.a(halbb.o)
                0x0000223a                __vector_61
 .text.autostart_start
                0x00002252       0x1e contiki-avr-atmega256rfr2.a(autostart.o)
                0x00002252                autostart_start
 .text.process_thread_ctimer_process
                0x00002270       0xc8 contiki-avr-atmega256rfr2.a(ctimer.o)
 .text.ctimer_init
                0x00002338       0x18 contiki-avr-atmega256rfr2.a(ctimer.o)
                0x00002338                ctimer_init
 .text.ctimer_set
                0x00002350       0x5a contiki-avr-atmega256rfr2.a(ctimer.o)
                0x00002350                ctimer_set
 .text.ctimer_reset
                0x000023aa       0x48 contiki-avr-atmega256rfr2.a(ctimer.o)
                0x000023aa                ctimer_reset
 .text.ctimer_stop
                0x000023f2       0x2e contiki-avr-atmega256rfr2.a(ctimer.o)
                0x000023f2                ctimer_stop
 .text.update_time
                0x00002420       0x64 contiki-avr-atmega256rfr2.a(etimer.o)
 .text.etimer_request_poll
                0x00002484        0x8 contiki-avr-atmega256rfr2.a(etimer.o)
                0x00002484                etimer_request_poll
 .text.process_thread_etimer_process
                0x0000248c      0x106 contiki-avr-atmega256rfr2.a(etimer.o)
 .text.add_timer
                0x00002592       0x5e contiki-avr-atmega256rfr2.a(etimer.o)
 .text.etimer_set
                0x000025f0       0x14 contiki-avr-atmega256rfr2.a(etimer.o)
                0x000025f0                etimer_set
 .text.etimer_reset
                0x00002604       0x14 contiki-avr-atmega256rfr2.a(etimer.o)
                0x00002604                etimer_reset
 .text.etimer_restart
                0x00002618       0x14 contiki-avr-atmega256rfr2.a(etimer.o)
                0x00002618                etimer_restart
 .text.etimer_expired
                0x0000262c       0x16 contiki-avr-atmega256rfr2.a(etimer.o)
                0x0000262c                etimer_expired
 .text.etimer_expiration_time
                0x00002642       0x10 contiki-avr-atmega256rfr2.a(etimer.o)
                0x00002642                etimer_expiration_time
 .text.etimer_pending
                0x00002652       0x16 contiki-avr-atmega256rfr2.a(etimer.o)
                0x00002652                etimer_pending
 .text.etimer_stop
                0x00002668       0x4e contiki-avr-atmega256rfr2.a(etimer.o)
                0x00002668                etimer_stop
 .text.call_process.part.0
                0x000026b6       0x4e contiki-avr-atmega256rfr2.a(process.o)
 .text.call_process
                0x00002704        0xc contiki-avr-atmega256rfr2.a(process.o)
 .text.exit_process
                0x00002710       0xd8 contiki-avr-atmega256rfr2.a(process.o)
 .text.do_poll  0x000027e8       0x3e contiki-avr-atmega256rfr2.a(process.o)
 .text.process_alloc_event
                0x00002826        0xe contiki-avr-atmega256rfr2.a(process.o)
                0x00002826                process_alloc_event
 .text.process_init
                0x00002834       0x20 contiki-avr-atmega256rfr2.a(process.o)
                0x00002834                process_init
 .text.process_run
                0x00002854       0xc6 contiki-avr-atmega256rfr2.a(process.o)
                0x00002854                process_run
 .text.process_post
                0x0000291a       0x3c contiki-avr-atmega256rfr2.a(process.o)
                0x0000291a                process_post
 .text.process_post_synch
                0x00002956       0x1e contiki-avr-atmega256rfr2.a(process.o)
                0x00002956                process_post_synch
 .text.process_start
                0x00002974       0x42 contiki-avr-atmega256rfr2.a(process.o)
                0x00002974                process_start
 .text.process_poll
                0x000029b6       0x18 contiki-avr-atmega256rfr2.a(process.o)
                0x000029b6                process_poll
 .text.rtimer_init
                0x000029ce        0x4 contiki-avr-atmega256rfr2.a(rtimer.o)
                0x000029ce                rtimer_init
 .text.rtimer_run_next
                0x000029d2       0x3e contiki-avr-atmega256rfr2.a(rtimer.o)
                0x000029d2                rtimer_run_next
 .text.timer_set
                0x00002a10       0x18 contiki-avr-atmega256rfr2.a(timer.o)
                0x00002a10                timer_set
 .text.timer_reset
                0x00002a28       0x14 contiki-avr-atmega256rfr2.a(timer.o)
                0x00002a28                timer_reset
 .text.timer_restart
                0x00002a3c       0x14 contiki-avr-atmega256rfr2.a(timer.o)
                0x00002a3c                timer_restart
 .text.timer_expired
                0x00002a50       0x30 contiki-avr-atmega256rfr2.a(timer.o)
                0x00002a50                timer_expired
 .text.list_init
                0x00002a80        0x8 contiki-avr-atmega256rfr2.a(list.o)
                0x00002a80                list_init
 .text.list_head
                0x00002a88        0x8 contiki-avr-atmega256rfr2.a(list.o)
                0x00002a88                list_head
 .text.list_tail
                0x00002a90       0x20 contiki-avr-atmega256rfr2.a(list.o)
                0x00002a90                list_tail
 .text.list_remove
                0x00002ab0       0x36 contiki-avr-atmega256rfr2.a(list.o)
                0x00002ab0                list_remove
 .text.list_add
                0x00002ae6       0x32 contiki-avr-atmega256rfr2.a(list.o)
                0x00002ae6                list_add
 .text.list_push
                0x00002b18       0x28 contiki-avr-atmega256rfr2.a(list.o)
                0x00002b18                list_push
 .text.list_length
                0x00002b40       0x1a contiki-avr-atmega256rfr2.a(list.o)
                0x00002b40                list_length
 .text.list_item_next
                0x00002b5a       0x12 contiki-avr-atmega256rfr2.a(list.o)
                0x00002b5a                list_item_next
 .text.print_stats
                0x00002b6c      0x1c0 contiki-avr-atmega256rfr2.a(print-stats.o)
                0x00002b6c                print_stats
 .text.sicslowpan_init
                0x00002d2c       0x1e contiki-avr-atmega256rfr2.a(sicslowpan.o)
                0x00002d2c                sicslowpan_init
 .text.set_packet_attrs
                0x00002d4a       0x52 contiki-avr-atmega256rfr2.a(sicslowpan.o)
 .text.compress_addr_64
                0x00002d9c       0xcc contiki-avr-atmega256rfr2.a(sicslowpan.o)
 .text.addr_context_lookup_by_prefix
                0x00002e68       0x26 contiki-avr-atmega256rfr2.a(sicslowpan.o)
 .text.send_packet
                0x00002e8e       0x1e contiki-avr-atmega256rfr2.a(sicslowpan.o)
 .text.output   0x00002eac      0x87c contiki-avr-atmega256rfr2.a(sicslowpan.o)
 .text.packet_sent
                0x00003728       0x32 contiki-avr-atmega256rfr2.a(sicslowpan.o)
 .text.uncompress_addr
                0x0000375a       0xe2 contiki-avr-atmega256rfr2.a(sicslowpan.o)
 .text.input    0x0000383c      0x78e contiki-avr-atmega256rfr2.a(sicslowpan.o)
 .text.chksum   0x00003fca       0x4a contiki-avr-atmega256rfr2.a(uip6.o)
 .text.upper_layer_chksum
                0x00004014       0x74 contiki-avr-atmega256rfr2.a(uip6.o)
 .text.ext_hdr_options_process
                0x00004088       0xd4 contiki-avr-atmega256rfr2.a(uip6.o)
 .text.uip_add32
                0x0000415c       0x6e contiki-avr-atmega256rfr2.a(uip6.o)
                0x0000415c                uip_add32
 .text.unlikely.uip_add_rcv_nxt
                0x000041ca       0x34 contiki-avr-atmega256rfr2.a(uip6.o)
 .text.uip_icmp6chksum
                0x000041fe        0x6 contiki-avr-atmega256rfr2.a(uip6.o)
                0x000041fe                uip_icmp6chksum
 .text.uip_tcpchksum
                0x00004204        0x6 contiki-avr-atmega256rfr2.a(uip6.o)
                0x00004204                uip_tcpchksum
 .text.uip_udpchksum
                0x0000420a        0x6 contiki-avr-atmega256rfr2.a(uip6.o)
                0x0000420a                uip_udpchksum
 .text.uip_init
                0x00004210       0x64 contiki-avr-atmega256rfr2.a(uip6.o)
                0x00004210                uip_init
 .text.remove_ext_hdr
                0x00004274       0x6c contiki-avr-atmega256rfr2.a(uip6.o)
                0x00004274                remove_ext_hdr
 .text.uip_unlisten
                0x000042e0       0x34 contiki-avr-atmega256rfr2.a(uip6.o)
                0x000042e0                uip_unlisten
 .text.uip_process
                0x00004314     0x110c contiki-avr-atmega256rfr2.a(uip6.o)
                0x00004314                uip_process
 .text.uip_htonl
                0x00005420        0x6 contiki-avr-atmega256rfr2.a(uip6.o)
                0x00005420                uip_htonl
 .text.uip_ds6_list_loop
                0x00005426       0x96 contiki-avr-atmega256rfr2.a(uip-ds6.o)
                0x00005426                uip_ds6_list_loop
 .text.uip_ds6_prefix_add
                0x000054bc       0xb6 contiki-avr-atmega256rfr2.a(uip-ds6.o)
                0x000054bc                uip_ds6_prefix_add
 .text.uip_ds6_is_addr_onlink
                0x00005572       0x60 contiki-avr-atmega256rfr2.a(uip-ds6.o)
                0x00005572                uip_ds6_is_addr_onlink
 .text.uip_ds6_addr_lookup
                0x000055d2       0x3a contiki-avr-atmega256rfr2.a(uip-ds6.o)
                0x000055d2                uip_ds6_addr_lookup
 .text.uip_ds6_get_link_local
                0x0000560c       0x5a contiki-avr-atmega256rfr2.a(uip-ds6.o)
                0x0000560c                uip_ds6_get_link_local
 .text.uip_ds6_maddr_add
                0x00005666       0x64 contiki-avr-atmega256rfr2.a(uip-ds6.o)
                0x00005666                uip_ds6_maddr_add
 .text.uip_ds6_addr_add
                0x000056ca      0x104 contiki-avr-atmega256rfr2.a(uip-ds6.o)
                0x000056ca                uip_ds6_addr_add
 .text.uip_ds6_maddr_rm
                0x000057ce        0xa contiki-avr-atmega256rfr2.a(uip-ds6.o)
                0x000057ce                uip_ds6_maddr_rm
 .text.uip_ds6_maddr_lookup
                0x000057d8       0x3a contiki-avr-atmega256rfr2.a(uip-ds6.o)
                0x000057d8                uip_ds6_maddr_lookup
 .text.uip_ds6_addr_rm
                0x00005812       0x76 contiki-avr-atmega256rfr2.a(uip-ds6.o)
                0x00005812                uip_ds6_addr_rm
 .text.uip_ds6_periodic
                0x00005888       0x5c contiki-avr-atmega256rfr2.a(uip-ds6.o)
                0x00005888                uip_ds6_periodic
 .text.uip_ds6_set_addr_iid
                0x000058e4       0x1c contiki-avr-atmega256rfr2.a(uip-ds6.o)
                0x000058e4                uip_ds6_set_addr_iid
 .text.get_match_length
                0x00005900       0x2a contiki-avr-atmega256rfr2.a(uip-ds6.o)
                0x00005900                get_match_length
 .text.uip_ds6_select_src
                0x0000592a       0xdc contiki-avr-atmega256rfr2.a(uip-ds6.o)
                0x0000592a                uip_ds6_select_src
 .text.uip_ds6_compute_reachable_time
                0x00005a06       0x58 contiki-avr-atmega256rfr2.a(uip-ds6.o)
                0x00005a06                uip_ds6_compute_reachable_time
 .text.uip_ds6_init
                0x00005a5e      0x1e2 contiki-avr-atmega256rfr2.a(uip-ds6.o)
                0x00005a5e                uip_ds6_init
 .text.uip_ds6_nbr_rm
                0x00005c40       0x2e contiki-avr-atmega256rfr2.a(uip-ds6-nbr.o)
                0x00005c40                uip_ds6_nbr_rm
 .text.uip_ds6_neighbors_init
                0x00005c6e       0x10 contiki-avr-atmega256rfr2.a(uip-ds6-nbr.o)
                0x00005c6e                uip_ds6_neighbors_init
 .text.uip_ds6_nbr_add
                0x00005c7e       0x86 contiki-avr-atmega256rfr2.a(uip-ds6-nbr.o)
                0x00005c7e                uip_ds6_nbr_add
 .text.uip_ds6_nbr_get_ll
                0x00005d04        0xe contiki-avr-atmega256rfr2.a(uip-ds6-nbr.o)
                0x00005d04                uip_ds6_nbr_get_ll
 .text.uip_ds6_nbr_lookup
                0x00005d12       0x56 contiki-avr-atmega256rfr2.a(uip-ds6-nbr.o)
                0x00005d12                uip_ds6_nbr_lookup
 .text.uip_ds6_nbr_ll_lookup
                0x00005d68        0xe contiki-avr-atmega256rfr2.a(uip-ds6-nbr.o)
                0x00005d68                uip_ds6_nbr_ll_lookup
 .text.uip_ds6_nbr_ipaddr_from_lladdr
                0x00005d76        0x4 contiki-avr-atmega256rfr2.a(uip-ds6-nbr.o)
                0x00005d76                uip_ds6_nbr_ipaddr_from_lladdr
 .text.uip_ds6_nbr_lladdr_from_ipaddr
                0x00005d7a       0x12 contiki-avr-atmega256rfr2.a(uip-ds6-nbr.o)
                0x00005d7a                uip_ds6_nbr_lladdr_from_ipaddr
 .text.uip_ds6_link_neighbor_callback
                0x00005d8c       0x48 contiki-avr-atmega256rfr2.a(uip-ds6-nbr.o)
                0x00005d8c                uip_ds6_link_neighbor_callback
 .text.uip_ds6_neighbor_periodic
                0x00005dd4      0x17a contiki-avr-atmega256rfr2.a(uip-ds6-nbr.o)
                0x00005dd4                uip_ds6_neighbor_periodic
 .text.call_route_callback
                0x00005f4e       0x64 contiki-avr-atmega256rfr2.a(uip-ds6-route.o)
 .text.uip_ds6_route_init
                0x00005fb2       0x34 contiki-avr-atmega256rfr2.a(uip-ds6-route.o)
                0x00005fb2                uip_ds6_route_init
 .text.uip_ds6_route_nexthop
                0x00005fe6       0x1c contiki-avr-atmega256rfr2.a(uip-ds6-route.o)
                0x00005fe6                uip_ds6_route_nexthop
 .text.uip_ds6_route_head
                0x00006002        0x8 contiki-avr-atmega256rfr2.a(uip-ds6-route.o)
                0x00006002                uip_ds6_route_head
 .text.uip_ds6_route_next
                0x0000600a        0xe contiki-avr-atmega256rfr2.a(uip-ds6-route.o)
                0x0000600a                uip_ds6_route_next
 .text.uip_ds6_route_lookup
                0x00006018       0x96 contiki-avr-atmega256rfr2.a(uip-ds6-route.o)
                0x00006018                uip_ds6_route_lookup
 .text.uip_ds6_route_rm
                0x000060ae       0xce contiki-avr-atmega256rfr2.a(uip-ds6-route.o)
                0x000060ae                uip_ds6_route_rm
 .text.rm_routelist
                0x0000617c       0x3e contiki-avr-atmega256rfr2.a(uip-ds6-route.o)
 .text.rm_routelist_callback
                0x000061ba        0x4 contiki-avr-atmega256rfr2.a(uip-ds6-route.o)
 .text.uip_ds6_route_add
                0x000061be      0x142 contiki-avr-atmega256rfr2.a(uip-ds6-route.o)
                0x000061be                uip_ds6_route_add
 .text.uip_ds6_defrt_rm
                0x00006300       0x5c contiki-avr-atmega256rfr2.a(uip-ds6-route.o)
                0x00006300                uip_ds6_defrt_rm
 .text.uip_ds6_defrt_lookup
                0x0000635c       0x44 contiki-avr-atmega256rfr2.a(uip-ds6-route.o)
                0x0000635c                uip_ds6_defrt_lookup
 .text.uip_ds6_defrt_add
                0x000063a0       0x8c contiki-avr-atmega256rfr2.a(uip-ds6-route.o)
                0x000063a0                uip_ds6_defrt_add
 .text.uip_ds6_defrt_choose
                0x0000642c       0x48 contiki-avr-atmega256rfr2.a(uip-ds6-route.o)
                0x0000642c                uip_ds6_defrt_choose
 .text.uip_ds6_defrt_periodic
                0x00006474       0x3a contiki-avr-atmega256rfr2.a(uip-ds6-route.o)
                0x00006474                uip_ds6_defrt_periodic
 .text.echo_reply_input
                0x000064ae      0x15a contiki-avr-atmega256rfr2.a(uip-icmp6.o)
 .text.echo_request_input
                0x00006608      0x14a contiki-avr-atmega256rfr2.a(uip-icmp6.o)
 .text.uip_icmp6_input
                0x00006752       0x4e contiki-avr-atmega256rfr2.a(uip-icmp6.o)
                0x00006752                uip_icmp6_input
 .text.uip_icmp6_register_input_handler
                0x000067a0        0xa contiki-avr-atmega256rfr2.a(uip-icmp6.o)
                0x000067a0                uip_icmp6_register_input_handler
 .text.uip_icmp6_error_output
                0x000067aa      0x1cc contiki-avr-atmega256rfr2.a(uip-icmp6.o)
                0x000067aa                uip_icmp6_error_output
 .text.uip_icmp6_send
                0x00006976       0xb0 contiki-avr-atmega256rfr2.a(uip-icmp6.o)
                0x00006976                uip_icmp6_send
 .text.uip_icmp6_init
                0x00006a26       0x10 contiki-avr-atmega256rfr2.a(uip-icmp6.o)
                0x00006a26                uip_icmp6_init
 .text.na_input
                0x00006a36      0x28e contiki-avr-atmega256rfr2.a(uip-nd6.o)
 .text.ns_input
                0x00006cc4      0x360 contiki-avr-atmega256rfr2.a(uip-nd6.o)
 .text.uip_nd6_ns_output
                0x00007024      0x200 contiki-avr-atmega256rfr2.a(uip-nd6.o)
                0x00007024                uip_nd6_ns_output
 .text.uip_nd6_init
                0x00007224       0x10 contiki-avr-atmega256rfr2.a(uip-nd6.o)
                0x00007224                uip_nd6_init
 .text.start_periodic_tcp_timer
                0x00007234       0x16 contiki-avr-atmega256rfr2.a(tcpip.o)
 .text.tcpip_output
                0x0000724a       0x12 contiki-avr-atmega256rfr2.a(tcpip.o)
                0x0000724a                tcpip_output
 .text.tcpip_set_outputfunc
                0x0000725c        0xa contiki-avr-atmega256rfr2.a(tcpip.o)
                0x0000725c                tcpip_set_outputfunc
 .text.tcpip_icmp6_call
                0x00007266       0x2e contiki-avr-atmega256rfr2.a(tcpip.o)
                0x00007266                tcpip_icmp6_call
 .text.tcpip_input
                0x00007294       0x1c contiki-avr-atmega256rfr2.a(tcpip.o)
                0x00007294                tcpip_input
 .text.tcpip_ipv6_output
                0x000072b0      0x274 contiki-avr-atmega256rfr2.a(tcpip.o)
                0x000072b0                tcpip_ipv6_output
 .text.process_thread_tcpip_process
                0x00007524      0x218 contiki-avr-atmega256rfr2.a(tcpip.o)
 .text.tcpip_uipcall
                0x0000773c       0x8a contiki-avr-atmega256rfr2.a(tcpip.o)
                0x0000773c                tcpip_uipcall
 .text.uip_debug_ipaddr_print
                0x000077c6       0xe6 contiki-avr-atmega256rfr2.a(uip-debug.o)
                0x000077c6                uip_debug_ipaddr_print
 .text.packet_timedout
                0x000078ac       0x1c contiki-avr-atmega256rfr2.a(uip-packetqueue)
 .text.uip_packetqueue_new
                0x000078c8        0x8 contiki-avr-atmega256rfr2.a(uip-packetqueue)
                0x000078c8                uip_packetqueue_new
 .text.uip_packetqueue_alloc
                0x000078d0       0x5e contiki-avr-atmega256rfr2.a(uip-packetqueue)
                0x000078d0                uip_packetqueue_alloc
 .text.uip_packetqueue_free
                0x0000792e       0x2c contiki-avr-atmega256rfr2.a(uip-packetqueue)
                0x0000792e                uip_packetqueue_free
 .text.uip_packetqueue_buf
                0x0000795a       0x14 contiki-avr-atmega256rfr2.a(uip-packetqueue)
                0x0000795a                uip_packetqueue_buf
 .text.uip_packetqueue_buflen
                0x0000796e       0x1c contiki-avr-atmega256rfr2.a(uip-packetqueue)
                0x0000796e                uip_packetqueue_buflen
 .text.uip_packetqueue_set_buflen
                0x0000798a       0x16 contiki-avr-atmega256rfr2.a(uip-packetqueue)
                0x0000798a                uip_packetqueue_set_buflen
 .text.uip_split_output
                0x000079a0       0xf2 contiki-avr-atmega256rfr2.a(uip-split.o)
                0x000079a0                uip_split_output
 .text.rpl_get_mode
                0x00007a92        0xa contiki-avr-atmega256rfr2.a(rpl.o)
                0x00007a92                rpl_get_mode
 .text.rpl_purge_routes
                0x00007a9c       0xca contiki-avr-atmega256rfr2.a(rpl.o)
                0x00007a9c                rpl_purge_routes
 .text.rpl_remove_routes
                0x00007b66       0x2c contiki-avr-atmega256rfr2.a(rpl.o)
                0x00007b66                rpl_remove_routes
 .text.rpl_remove_routes_by_nexthop
                0x00007b92       0x56 contiki-avr-atmega256rfr2.a(rpl.o)
                0x00007b92                rpl_remove_routes_by_nexthop
 .text.rpl_add_route
                0x00007be8       0x46 contiki-avr-atmega256rfr2.a(rpl.o)
                0x00007be8                rpl_add_route
 .text.rpl_link_neighbor_callback
                0x00007c2e       0xa2 contiki-avr-atmega256rfr2.a(rpl.o)
                0x00007c2e                rpl_link_neighbor_callback
 .text.rpl_ipv6_neighbor_callback
                0x00007cd0       0x28 contiki-avr-atmega256rfr2.a(rpl.o)
                0x00007cd0                rpl_ipv6_neighbor_callback
 .text.rpl_init
                0x00007cf8       0x78 contiki-avr-atmega256rfr2.a(rpl.o)
                0x00007cf8                rpl_init
 .text.lollipop_greater_than
                0x00007d70       0x48 contiki-avr-atmega256rfr2.a(rpl-dag.o)
 .text.rpl_set_preferred_parent
                0x00007db8       0x3e contiki-avr-atmega256rfr2.a(rpl-dag.o)
 .text.set_ip_from_prefix
                0x00007df6       0x38 contiki-avr-atmega256rfr2.a(rpl-dag.o)
 .text.check_prefix
                0x00007e2e       0xb4 contiki-avr-atmega256rfr2.a(rpl-dag.o)
 .text.find_parent_any_dag_any_instance
                0x00007ee2       0x12 contiki-avr-atmega256rfr2.a(rpl-dag.o)
 .text.rpl_get_nbr
                0x00007ef4       0x22 contiki-avr-atmega256rfr2.a(rpl-dag.o)
                0x00007ef4                rpl_get_nbr
 .text.rpl_dag_init
                0x00007f16        0xc contiki-avr-atmega256rfr2.a(rpl-dag.o)
                0x00007f16                rpl_dag_init
 .text.rpl_get_parent
                0x00007f22        0xa contiki-avr-atmega256rfr2.a(rpl-dag.o)
                0x00007f22                rpl_get_parent
 .text.rpl_get_parent_ipaddr
                0x00007f2c        0xe contiki-avr-atmega256rfr2.a(rpl-dag.o)
                0x00007f2c                rpl_get_parent_ipaddr
 .text.rpl_set_prefix
                0x00007f3a       0xb4 contiki-avr-atmega256rfr2.a(rpl-dag.o)
                0x00007f3a                rpl_set_prefix
 .text.rpl_set_default_route
                0x00007fee       0x7c contiki-avr-atmega256rfr2.a(rpl-dag.o)
                0x00007fee                rpl_set_default_route
 .text.rpl_alloc_instance
                0x0000806a       0x2a contiki-avr-atmega256rfr2.a(rpl-dag.o)
                0x0000806a                rpl_alloc_instance
 .text.rpl_add_parent
                0x00008094       0x72 contiki-avr-atmega256rfr2.a(rpl-dag.o)
                0x00008094                rpl_add_parent
 .text.rpl_find_parent
                0x00008106       0x2a contiki-avr-atmega256rfr2.a(rpl-dag.o)
                0x00008106                rpl_find_parent
 .text.rpl_find_parent_any_dag
                0x00008130       0x36 contiki-avr-atmega256rfr2.a(rpl-dag.o)
                0x00008130                rpl_find_parent_any_dag
 .text.rpl_select_parent
                0x00008166       0x8e contiki-avr-atmega256rfr2.a(rpl-dag.o)
                0x00008166                rpl_select_parent
 .text.rpl_select_dag
                0x000081f4      0x248 contiki-avr-atmega256rfr2.a(rpl-dag.o)
                0x000081f4                rpl_select_dag
 .text.rpl_nullify_parent
                0x0000843c       0x70 contiki-avr-atmega256rfr2.a(rpl-dag.o)
                0x0000843c                rpl_nullify_parent
 .text.rpl_remove_parent
                0x000084ac       0x18 contiki-avr-atmega256rfr2.a(rpl-dag.o)
                0x000084ac                rpl_remove_parent
 .text.nbr_callback
                0x000084c4        0x4 contiki-avr-atmega256rfr2.a(rpl-dag.o)
 .text.remove_parents.constprop.4
                0x000084c8       0x3e contiki-avr-atmega256rfr2.a(rpl-dag.o)
 .text.rpl_free_dag
                0x00008506       0x34 contiki-avr-atmega256rfr2.a(rpl-dag.o)
                0x00008506                rpl_free_dag
 .text.rpl_free_instance
                0x0000853a       0x88 contiki-avr-atmega256rfr2.a(rpl-dag.o)
                0x0000853a                rpl_free_instance
 .text.rpl_move_parent
                0x000085c2       0x7c contiki-avr-atmega256rfr2.a(rpl-dag.o)
                0x000085c2                rpl_move_parent
 .text.rpl_get_any_dag
                0x0000863e       0x1e contiki-avr-atmega256rfr2.a(rpl-dag.o)
                0x0000863e                rpl_get_any_dag
 .text.rpl_get_instance
                0x0000865c       0x1c contiki-avr-atmega256rfr2.a(rpl-dag.o)
                0x0000865c                rpl_get_instance
 .text.get_dag  0x00008678       0x6a contiki-avr-atmega256rfr2.a(rpl-dag.o)
 .text.rpl_repair_root
                0x000086e2       0x52 contiki-avr-atmega256rfr2.a(rpl-dag.o)
                0x000086e2                rpl_repair_root
 .text.rpl_alloc_dag
                0x00008734       0x5e contiki-avr-atmega256rfr2.a(rpl-dag.o)
                0x00008734                rpl_alloc_dag
 .text.rpl_find_of
                0x00008792       0x1a contiki-avr-atmega256rfr2.a(rpl-dag.o)
                0x00008792                rpl_find_of
 .text.rpl_join_instance
                0x000087ac      0x1e4 contiki-avr-atmega256rfr2.a(rpl-dag.o)
                0x000087ac                rpl_join_instance
 .text.rpl_local_repair
                0x00008990       0x9e contiki-avr-atmega256rfr2.a(rpl-dag.o)
                0x00008990                rpl_local_repair
 .text.rpl_process_parent_event
                0x00008a2e       0xd8 contiki-avr-atmega256rfr2.a(rpl-dag.o)
                0x00008a2e                rpl_process_parent_event
 .text.rpl_add_dag
                0x00008b06      0x178 contiki-avr-atmega256rfr2.a(rpl-dag.o)
                0x00008b06                rpl_add_dag
 .text.rpl_recalculate_ranks
                0x00008c7e       0x48 contiki-avr-atmega256rfr2.a(rpl-dag.o)
                0x00008c7e                rpl_recalculate_ranks
 .text.rpl_process_dio
                0x00008cc6      0x40e contiki-avr-atmega256rfr2.a(rpl-dag.o)
                0x00008cc6                rpl_process_dio
 .text.rpl_lock_parent
                0x000090d4        0xa contiki-avr-atmega256rfr2.a(rpl-dag.o)
                0x000090d4                rpl_lock_parent
 .text.rpl_verify_header
                0x000090de       0xc6 contiki-avr-atmega256rfr2.a(rpl-ext-header.)
                0x000090de                rpl_verify_header
 .text.rpl_update_header_empty
                0x000091a4      0x166 contiki-avr-atmega256rfr2.a(rpl-ext-header.)
                0x000091a4                rpl_update_header_empty
 .text.rpl_update_header_final
                0x0000930a       0xd4 contiki-avr-atmega256rfr2.a(rpl-ext-header.)
                0x0000930a                rpl_update_header_final
 .text.rpl_invert_header
                0x000093de       0x86 contiki-avr-atmega256rfr2.a(rpl-ext-header.)
                0x000093de                rpl_invert_header
 .text.rpl_insert_header
                0x00009464       0x1a contiki-avr-atmega256rfr2.a(rpl-ext-header.)
                0x00009464                rpl_insert_header
 .text.get32    0x0000947e       0x1c contiki-avr-atmega256rfr2.a(rpl-icmp6.o)
 .text.set32    0x0000949a       0x10 contiki-avr-atmega256rfr2.a(rpl-icmp6.o)
 .text.get16    0x000094aa       0x10 contiki-avr-atmega256rfr2.a(rpl-icmp6.o)
 .text.set16    0x000094ba        0xc contiki-avr-atmega256rfr2.a(rpl-icmp6.o)
 .text.dao_ack_input
                0x000094c6        0xa contiki-avr-atmega256rfr2.a(rpl-icmp6.o)
 .text.dio_input
                0x000094d0      0x354 contiki-avr-atmega256rfr2.a(rpl-icmp6.o)
 .text.dis_output
                0x00009824       0x74 contiki-avr-atmega256rfr2.a(rpl-icmp6.o)
                0x00009824                dis_output
 .text.dio_output
                0x00009898      0x310 contiki-avr-atmega256rfr2.a(rpl-icmp6.o)
                0x00009898                dio_output
 .text.dis_input
                0x00009ba8       0x30 contiki-avr-atmega256rfr2.a(rpl-icmp6.o)
 .text.dao_output_target
                0x00009bd8      0x11e contiki-avr-atmega256rfr2.a(rpl-icmp6.o)
                0x00009bd8                dao_output_target
 .text.dao_output
                0x00009cf6       0x88 contiki-avr-atmega256rfr2.a(rpl-icmp6.o)
                0x00009cf6                dao_output
 .text.dao_ack_output
                0x00009d7e       0x36 contiki-avr-atmega256rfr2.a(rpl-icmp6.o)
                0x00009d7e                dao_ack_output
 .text.dao_input
                0x00009db4      0x35c contiki-avr-atmega256rfr2.a(rpl-icmp6.o)
 .text.rpl_icmp6_register_handlers
                0x0000a110       0x20 contiki-avr-atmega256rfr2.a(rpl-icmp6.o)
                0x0000a110                rpl_icmp6_register_handlers
 .text.reset    0x0000a130        0x2 contiki-avr-atmega256rfr2.a(rpl-mrhof.o)
 .text.update_metric_container
                0x0000a132        0x6 contiki-avr-atmega256rfr2.a(rpl-mrhof.o)
 .text.calculate_rank
                0x0000a138       0x54 contiki-avr-atmega256rfr2.a(rpl-mrhof.o)
 .text.neighbor_link_callback
                0x0000a18c       0xae contiki-avr-atmega256rfr2.a(rpl-mrhof.o)
 .text.best_dag
                0x0000a23a       0x40 contiki-avr-atmega256rfr2.a(rpl-mrhof.o)
 .text.best_parent
                0x0000a27a       0xa6 contiki-avr-atmega256rfr2.a(rpl-mrhof.o)
 .text.new_dio_interval
                0x0000a320       0x9c contiki-avr-atmega256rfr2.a(rpl-timers.o)
 .text.handle_periodic_timer
                0x0000a3bc       0x46 contiki-avr-atmega256rfr2.a(rpl-timers.o)
 .text.set_dao_lifetime_timer
                0x0000a402       0x5a contiki-avr-atmega256rfr2.a(rpl-timers.o)
 .text.handle_dio_timer
                0x0000a45c       0xb4 contiki-avr-atmega256rfr2.a(rpl-timers.o)
 .text.schedule_dao
                0x0000a510       0x80 contiki-avr-atmega256rfr2.a(rpl-timers.o)
 .text.handle_dao_timer
                0x0000a590       0x7e contiki-avr-atmega256rfr2.a(rpl-timers.o)
 .text.rpl_reset_periodic_timer
                0x0000a60e       0x3a contiki-avr-atmega256rfr2.a(rpl-timers.o)
                0x0000a60e                rpl_reset_periodic_timer
 .text.rpl_reset_dio_timer
                0x0000a648       0x20 contiki-avr-atmega256rfr2.a(rpl-timers.o)
                0x0000a648                rpl_reset_dio_timer
 .text.rpl_schedule_dao
                0x0000a668        0x8 contiki-avr-atmega256rfr2.a(rpl-timers.o)
                0x0000a668                rpl_schedule_dao
 .text.parse    0x0000a670       0xd4 contiki-avr-atmega256rfr2.a(framer-802154.o)
 .text.create_frame.isra.0
                0x0000a744      0x14c contiki-avr-atmega256rfr2.a(framer-802154.o)
 .text.create   0x0000a890        0x8 contiki-avr-atmega256rfr2.a(framer-802154.o)
 .text.hdr_length
                0x0000a898        0x8 contiki-avr-atmega256rfr2.a(framer-802154.o)
 .text.framer_canonical_create_and_secure
                0x0000a8a0       0x34 contiki-avr-atmega256rfr2.a(framer.o)
                0x0000a8a0                framer_canonical_create_and_secure
 .text.send_packet
                0x0000a8d4        0xa contiki-avr-atmega256rfr2.a(nullmac.o)
 .text.packet_input
                0x0000a8de        0xa contiki-avr-atmega256rfr2.a(nullmac.o)
 .text.on       0x0000a8e8        0xa contiki-avr-atmega256rfr2.a(nullmac.o)
 .text.off      0x0000a8f2        0xa contiki-avr-atmega256rfr2.a(nullmac.o)
 .text.channel_check_interval
                0x0000a8fc        0x6 contiki-avr-atmega256rfr2.a(nullmac.o)
 .text.init     0x0000a902        0x2 contiki-avr-atmega256rfr2.a(nullmac.o)
 .text.linkaddr_copy
                0x0000a904       0x10 contiki-avr-atmega256rfr2.a(linkaddr.o)
                0x0000a904                linkaddr_copy
 .text.linkaddr_cmp
                0x0000a914       0x18 contiki-avr-atmega256rfr2.a(linkaddr.o)
                0x0000a914                linkaddr_cmp
 .text.linkaddr_set_node_addr
                0x0000a92c        0xa contiki-avr-atmega256rfr2.a(linkaddr.o)
                0x0000a92c                linkaddr_set_node_addr
 .text.index_from_key
                0x0000a936       0x32 contiki-avr-atmega256rfr2.a(nbr-table.o)
 .text.nbr_set_bit
                0x0000a968       0x66 contiki-avr-atmega256rfr2.a(nbr-table.o)
 .text.index_from_lladdr
                0x0000a9ce       0x5a contiki-avr-atmega256rfr2.a(nbr-table.o)
 .text.key_from_item
                0x0000aa28       0x48 contiki-avr-atmega256rfr2.a(nbr-table.o)
 .text.item_from_key
                0x0000aa70       0x3e contiki-avr-atmega256rfr2.a(nbr-table.o)
 .text.nbr_get_bit.constprop.0
                0x0000aaae       0x4a contiki-avr-atmega256rfr2.a(nbr-table.o)
 .text.nbr_table_register
                0x0000aaf8       0x40 contiki-avr-atmega256rfr2.a(nbr-table.o)
                0x0000aaf8                nbr_table_register
 .text.nbr_table_next
                0x0000ab38       0x3e contiki-avr-atmega256rfr2.a(nbr-table.o)
                0x0000ab38                nbr_table_next
 .text.nbr_table_head
                0x0000ab76       0x44 contiki-avr-atmega256rfr2.a(nbr-table.o)
                0x0000ab76                nbr_table_head
 .text.nbr_table_add_lladdr
                0x0000abba      0x1c0 contiki-avr-atmega256rfr2.a(nbr-table.o)
                0x0000abba                nbr_table_add_lladdr
 .text.nbr_table_get_from_lladdr
                0x0000ad7a       0x5e contiki-avr-atmega256rfr2.a(nbr-table.o)
                0x0000ad7a                nbr_table_get_from_lladdr
 .text.nbr_table_remove
                0x0000add8       0x42 contiki-avr-atmega256rfr2.a(nbr-table.o)
                0x0000add8                nbr_table_remove
 .text.nbr_table_lock
                0x0000ae1a       0x10 contiki-avr-atmega256rfr2.a(nbr-table.o)
                0x0000ae1a                nbr_table_lock
 .text.nbr_table_unlock
                0x0000ae2a       0x10 contiki-avr-atmega256rfr2.a(nbr-table.o)
                0x0000ae2a                nbr_table_unlock
 .text.nbr_table_get_lladdr
                0x0000ae3a       0x12 contiki-avr-atmega256rfr2.a(nbr-table.o)
                0x0000ae3a                nbr_table_get_lladdr
 .text.netstack_init
                0x0000ae4c       0x28 contiki-avr-atmega256rfr2.a(netstack.o)
                0x0000ae4c                netstack_init
 .text.packetbuf_copyto_hdr
                0x0000ae74       0x24 contiki-avr-atmega256rfr2.a(packetbuf.o)
                0x0000ae74                packetbuf_copyto_hdr
 .text.packetbuf_copyto
                0x0000ae98       0x7a contiki-avr-atmega256rfr2.a(packetbuf.o)
                0x0000ae98                packetbuf_copyto
 .text.packetbuf_hdrreduce
                0x0000af12       0x3a contiki-avr-atmega256rfr2.a(packetbuf.o)
                0x0000af12                packetbuf_hdrreduce
 .text.packetbuf_set_datalen
                0x0000af4c        0xa contiki-avr-atmega256rfr2.a(packetbuf.o)
                0x0000af4c                packetbuf_set_datalen
 .text.packetbuf_dataptr
                0x0000af56        0xe contiki-avr-atmega256rfr2.a(packetbuf.o)
                0x0000af56                packetbuf_dataptr
 .text.packetbuf_hdrptr
                0x0000af64        0xc contiki-avr-atmega256rfr2.a(packetbuf.o)
                0x0000af64                packetbuf_hdrptr
 .text.packetbuf_is_reference
                0x0000af70       0x18 contiki-avr-atmega256rfr2.a(packetbuf.o)
                0x0000af70                packetbuf_is_reference
 .text.packetbuf_compact
                0x0000af88       0x5e contiki-avr-atmega256rfr2.a(packetbuf.o)
                0x0000af88                packetbuf_compact
 .text.packetbuf_reference_ptr
                0x0000afe6        0xa contiki-avr-atmega256rfr2.a(packetbuf.o)
                0x0000afe6                packetbuf_reference_ptr
 .text.packetbuf_datalen
                0x0000aff0        0xa contiki-avr-atmega256rfr2.a(packetbuf.o)
                0x0000aff0                packetbuf_datalen
 .text.packetbuf_hdrlen
                0x0000affa       0x10 contiki-avr-atmega256rfr2.a(packetbuf.o)
                0x0000affa                packetbuf_hdrlen
 .text.packetbuf_totlen
                0x0000b00a       0x16 contiki-avr-atmega256rfr2.a(packetbuf.o)
                0x0000b00a                packetbuf_totlen
 .text.packetbuf_hdralloc
                0x0000b020       0x3c contiki-avr-atmega256rfr2.a(packetbuf.o)
                0x0000b020                packetbuf_hdralloc
 .text.packetbuf_attr_clear
                0x0000b05c       0x32 contiki-avr-atmega256rfr2.a(packetbuf.o)
                0x0000b05c                packetbuf_attr_clear
 .text.packetbuf_clear
                0x0000b08e       0x26 contiki-avr-atmega256rfr2.a(packetbuf.o)
                0x0000b08e                packetbuf_clear
 .text.packetbuf_copyfrom
                0x0000b0b4       0x60 contiki-avr-atmega256rfr2.a(packetbuf.o)
                0x0000b0b4                packetbuf_copyfrom
 .text.packetbuf_attr_copyto
                0x0000b114       0x22 contiki-avr-atmega256rfr2.a(packetbuf.o)
                0x0000b114                packetbuf_attr_copyto
 .text.packetbuf_attr_copyfrom
                0x0000b136       0x22 contiki-avr-atmega256rfr2.a(packetbuf.o)
                0x0000b136                packetbuf_attr_copyfrom
 .text.packetbuf_set_attr
                0x0000b158       0x16 contiki-avr-atmega256rfr2.a(packetbuf.o)
                0x0000b158                packetbuf_set_attr
 .text.packetbuf_attr
                0x0000b16e       0x12 contiki-avr-atmega256rfr2.a(packetbuf.o)
                0x0000b16e                packetbuf_attr
 .text.packetbuf_set_addr
                0x0000b180       0x16 contiki-avr-atmega256rfr2.a(packetbuf.o)
                0x0000b180                packetbuf_set_addr
 .text.packetbuf_addr
                0x0000b196        0xe contiki-avr-atmega256rfr2.a(packetbuf.o)
                0x0000b196                packetbuf_addr
 .text.packetbuf_holds_broadcast
                0x0000b1a4        0xc contiki-avr-atmega256rfr2.a(packetbuf.o)
                0x0000b1a4                packetbuf_holds_broadcast
 .text.queuebuf_init
                0x0000b1b0       0x18 contiki-avr-atmega256rfr2.a(queuebuf.o)
                0x0000b1b0                queuebuf_init
 .text.queuebuf_numfree
                0x0000b1c8       0x16 contiki-avr-atmega256rfr2.a(queuebuf.o)
                0x0000b1c8                queuebuf_numfree
 .text.queuebuf_new_from_packetbuf
                0x0000b1de       0x9a contiki-avr-atmega256rfr2.a(queuebuf.o)
                0x0000b1de                queuebuf_new_from_packetbuf
 .text.queuebuf_free
                0x0000b278       0x4a contiki-avr-atmega256rfr2.a(queuebuf.o)
                0x0000b278                queuebuf_free
 .text.queuebuf_to_packetbuf
                0x0000b2c2       0x92 contiki-avr-atmega256rfr2.a(queuebuf.o)
                0x0000b2c2                queuebuf_to_packetbuf
 .text.on       0x0000b354        0xa contiki-avr-atmega256rfr2.a(sicslowmac.o)
 .text.channel_check_interval
                0x0000b35e        0x6 contiki-avr-atmega256rfr2.a(sicslowmac.o)
 .text.send_packet
                0x0000b364      0x128 contiki-avr-atmega256rfr2.a(sicslowmac.o)
 .text.send_list
                0x0000b48c       0x4a contiki-avr-atmega256rfr2.a(sicslowmac.o)
                0x0000b48c                send_list
 .text.input_packet
                0x0000b4d6       0xd8 contiki-avr-atmega256rfr2.a(sicslowmac.o)
 .text.init     0x0000b5ae       0x12 contiki-avr-atmega256rfr2.a(sicslowmac.o)
 .text.off      0x0000b5c0       0x18 contiki-avr-atmega256rfr2.a(sicslowmac.o)
 .text.bootstrap
                0x0000b5d8        0x4 contiki-avr-atmega256rfr2.a(nullsec.o)
 .text.on_frame_created
                0x0000b5dc        0x6 contiki-avr-atmega256rfr2.a(nullsec.o)
 .text.input    0x0000b5e2        0xa contiki-avr-atmega256rfr2.a(nullsec.o)
 .text.get_overhead
                0x0000b5ec        0x4 contiki-avr-atmega256rfr2.a(nullsec.o)
 .text.send     0x0000b5f0       0x2c contiki-avr-atmega256rfr2.a(nullsec.o)
 .text.stimer_set
                0x0000b61c       0x20 contiki-avr-atmega256rfr2.a(stimer.o)
                0x0000b61c                stimer_set
 .text.stimer_expired
                0x0000b63c       0x5c contiki-avr-atmega256rfr2.a(stimer.o)
                0x0000b63c                stimer_expired
 .text.memb_init
                0x0000b698       0x3c contiki-avr-atmega256rfr2.a(memb.o)
                0x0000b698                memb_init
 .text.memb_alloc
                0x0000b6d4       0x4a contiki-avr-atmega256rfr2.a(memb.o)
                0x0000b6d4                memb_alloc
 .text.memb_free
                0x0000b71e       0x4a contiki-avr-atmega256rfr2.a(memb.o)
                0x0000b71e                memb_free
 .text.memb_inmemb
                0x0000b768       0x3a contiki-avr-atmega256rfr2.a(memb.o)
                0x0000b768                memb_inmemb
 .text.memb_numfree
                0x0000b7a2       0x34 contiki-avr-atmega256rfr2.a(memb.o)
                0x0000b7a2                memb_numfree
 .text.field_len
                0x0000b7d6       0x8e contiki-avr-atmega256rfr2.a(frame802154.o)
 .text.frame802154_hdrlen
                0x0000b864       0x46 contiki-avr-atmega256rfr2.a(frame802154.o)
                0x0000b864                frame802154_hdrlen
 .text.frame802154_create
                0x0000b8aa      0x1ac contiki-avr-atmega256rfr2.a(frame802154.o)
                0x0000b8aa                frame802154_create
 .text.frame802154_parse
                0x0000ba56      0x19c contiki-avr-atmega256rfr2.a(frame802154.o)
                0x0000ba56                frame802154_parse
 .text.libgcc.div
                0x0000bbf2       0x28 /usr/local/bin/../lib/gcc/avr/4.8.1/avr6/libgcc.a(_udivmodhi4.o)
                0x0000bbf2                __udivmodhi4
 .text.libgcc.div
                0x0000bc1a       0x28 /usr/local/bin/../lib/gcc/avr/4.8.1/avr6/libgcc.a(_divmodhi4.o)
                0x0000bc1a                __divmodhi4
                0x0000bc1a                _div
 .text.libgcc.div
                0x0000bc42       0x44 /usr/local/bin/../lib/gcc/avr/4.8.1/avr6/libgcc.a(_udivmodsi4.o)
                0x0000bc42                __udivmodsi4
 .text.libgcc   0x0000bc86        0xc /usr/local/bin/../lib/gcc/avr/4.8.1/avr6/libgcc.a(_tablejump.o)
                0x0000bc86                __tablejump2__
                0x0000bc8a                __tablejump__
 .text.libgcc.builtins
                0x0000bc92        0xe /usr/local/bin/../lib/gcc/avr/4.8.1/avr6/libgcc.a(_bswapsi2.o)
                0x0000bc92                __bswapsi2
 .text.libgcc.mul
                0x0000bca0       0x1e /usr/local/bin/../lib/gcc/avr/4.8.1/avr6/libgcc.a(_umulhisi3.o)
                0x0000bca0                __umulhisi3
 .text.avr-libc
                0x0000bcbe       0xb8 /usr/local/bin/../lib/gcc/avr/4.8.1/../../../../avr/lib/avr6/libc.a(rand.o)
                0x0000bd54                rand_r
                0x0000bd58                rand
                0x0000bd60                srand
 .text.avr-libc
                0x0000bd76       0x1a /usr/local/bin/../lib/gcc/avr/4.8.1/../../../../avr/lib/avr6/libc.a(memcmp.o)
                0x0000bd76                memcmp
 .text.avr-libc
                0x0000bd90       0x12 /usr/local/bin/../lib/gcc/avr/4.8.1/../../../../avr/lib/avr6/libc.a(memcpy.o)
                0x0000bd90                memcpy
 .text.avr-libc
                0x0000bda2       0x24 /usr/local/bin/../lib/gcc/avr/4.8.1/../../../../avr/lib/avr6/libc.a(memmove.o)
                0x0000bda2                memmove
 .text.avr-libc
                0x0000bdc6        0xe /usr/local/bin/../lib/gcc/avr/4.8.1/../../../../avr/lib/avr6/libc.a(memset.o)
                0x0000bdc6                memset
 .text.avr-libc
                0x0000bdd4       0x24 /usr/local/bin/../lib/gcc/avr/4.8.1/../../../../avr/lib/avr6/libc.a(printf.o)
                0x0000bdd4                printf
 .text.avr-libc
                0x0000bdf8       0x48 /usr/local/bin/../lib/gcc/avr/4.8.1/../../../../avr/lib/avr6/libc.a(printf_p.o)
                0x0000bdf8                printf_P
 .text.avr-libc
                0x0000be40      0x3f6 /usr/local/bin/../lib/gcc/avr/4.8.1/../../../../avr/lib/avr6/libc.a(vfprintf_std.o)
                0x0000be40                vfprintf
 .text.avr-libc
                0x0000c236       0x20 /usr/local/bin/../lib/gcc/avr/4.8.1/../../../../avr/lib/avr6/libc.a(eerd_block_atmega256rfr2.o)
                0x0000c236                __eerd_block_EEPROM_SUFFIX
                0x0000c23a                __eerd_blraw_EEPROM_SUFFIX
 .text.avr-libc
                0x0000c256       0x10 /usr/local/bin/../lib/gcc/avr/4.8.1/../../../../avr/lib/avr6/libc.a(eerd_byte_atmega256rfr2.o)
                0x0000c256                __eerd_byte_EEPROM_SUFFIX
 .text.avr-libc
                0x0000c266        0xc /usr/local/bin/../lib/gcc/avr/4.8.1/../../../../avr/lib/avr6/libc.a(eerd_word_atmega256rfr2.o)
                0x0000c266                __eerd_word_EEPROM_SUFFIX
 .text.avr-libc
                0x0000c272       0x14 /usr/local/bin/../lib/gcc/avr/4.8.1/../../../../avr/lib/avr6/libc.a(eewr_block_atmega256rfr2.o)
                0x0000c272                __eewr_block_EEPROM_SUFFIX
 .text.avr-libc
                0x0000c286       0x1c /usr/local/bin/../lib/gcc/avr/4.8.1/../../../../avr/lib/avr6/libc.a(eewr_byte_atmega256rfr2.o)
                0x0000c286                __eewr_byte_EEPROM_SUFFIX
                0x0000c288                __eewr_r18_EEPROM_SUFFIX
 .text.avr-libc
                0x0000c2a2        0xa /usr/local/bin/../lib/gcc/avr/4.8.1/../../../../avr/lib/avr6/libc.a(eewr_word_atmega256rfr2.o)
                0x0000c2a2                __eewr_word_EEPROM_SUFFIX
 .text.avr-libc
                0x0000c2ac       0x16 /usr/local/bin/../lib/gcc/avr/4.8.1/../../../../avr/lib/avr6/libc.a(strnlen_P.o)
                0x0000c2ac                strnlen_P
 .text.avr-libc
                0x0000c2c2       0x16 /usr/local/bin/../lib/gcc/avr/4.8.1/../../../../avr/lib/avr6/libc.a(strnlen.o)
                0x0000c2c2                strnlen
 .text.avr-libc
                0x0000c2d8       0x64 /usr/local/bin/../lib/gcc/avr/4.8.1/../../../../avr/lib/avr6/libc.a(fputc.o)
                0x0000c2d8                fputc
 .text.avr-libc
                0x0000c33c       0xbc /usr/local/bin/../lib/gcc/avr/4.8.1/../../../../avr/lib/avr6/libc.a(ultoa_invert.o)
                0x0000c33c                __ultoa_invert
 .text.libgcc.div
                0x0000c3f8       0x2e /usr/local/bin/../lib/gcc/avr/4.8.1/avr6/libgcc.a(_divmodsi4.o)
                0x0000c3f8                __divmodsi4
 .text.libgcc.div
                0x0000c426       0x10 /usr/local/bin/../lib/gcc/avr/4.8.1/avr6/libgcc.a(_negsi2.o)
                0x0000c426                __negsi2
 .text.libgcc.mul
                0x0000c436       0x16 /usr/local/bin/../lib/gcc/avr/4.8.1/avr6/libgcc.a(_muluhisi3.o)
                0x0000c436                __muluhisi3
 .text.libgcc.mul
                0x0000c44c       0x10 /usr/local/bin/../lib/gcc/avr/4.8.1/avr6/libgcc.a(_mulshisi3.o)
                0x0000c44c                __mulshisi3
                0x0000c452                __mulohisi3
                0x0000c45c                . = ALIGN (0x2)
 *(.fini9)
 .fini9         0x0000c45c        0x0 /usr/local/bin/../lib/gcc/avr/4.8.1/avr6/libgcc.a(_exit.o)
                0x0000c45c                exit
                0x0000c45c                _exit
 *(.fini9)
 *(.fini8)
 *(.fini8)
 *(.fini7)
 *(.fini7)
 *(.fini6)
 *(.fini6)
 *(.fini5)
 *(.fini5)
 *(.fini4)
 *(.fini4)
 *(.fini3)
 *(.fini3)
 *(.fini2)
 *(.fini2)
 *(.fini1)
 *(.fini1)
 *(.fini0)
 .fini0         0x0000c45c        0x4 /usr/local/bin/../lib/gcc/avr/4.8.1/avr6/libgcc.a(_exit.o)
 *(.fini0)
                0x0000c460                _etext = .

.data           0x00800200      0x24e load address 0x0000c460
                0x00800200                PROVIDE (__data_start, .)
 *(.data)
 .data          0x00800200        0x4 /usr/local/bin/../lib/gcc/avr/4.8.1/../../../../avr/lib/avr6/libc.a(rand.o)
 *(.data*)
 .data.blink_process
                0x00800204        0xa hello-world.co
                0x00800204                blink_process
 .data.hello_world_process
                0x0080020e        0xa hello-world.co
                0x0080020e                hello_world_process
 .data.rs232_stdout
                0x00800218        0xe contiki-avr-atmega256rfr2.a(rs232.o)
 .data.rf230_process
                0x00800226        0xa contiki-avr-atmega256rfr2.a(rf230bb.o)
                0x00800226                rf230_process
 .data.ctimer_process
                0x00800230        0xa contiki-avr-atmega256rfr2.a(ctimer.o)
                0x00800230                ctimer_process
 .data.etimer_process
                0x0080023a        0xa contiki-avr-atmega256rfr2.a(etimer.o)
                0x0080023a                etimer_process
 .data.ds6_neighbors
                0x00800244        0x2 contiki-avr-atmega256rfr2.a(uip-ds6-nbr.o)
                0x00800244                ds6_neighbors
 .data.ds6_neighbors_struct
                0x00800246        0x8 contiki-avr-atmega256rfr2.a(uip-ds6-nbr.o)
 .data.defaultroutermemb
                0x0080024e        0x8 contiki-avr-atmega256rfr2.a(uip-ds6-route.o)
 .data.routememb
                0x00800256        0x8 contiki-avr-atmega256rfr2.a(uip-ds6-route.o)
 .data.neighborroutememb
                0x0080025e        0x8 contiki-avr-atmega256rfr2.a(uip-ds6-route.o)
 .data.nbr_routes_struct
                0x00800266        0x8 contiki-avr-atmega256rfr2.a(uip-ds6-route.o)
 .data.echo_reply_handler
                0x0080026e        0x6 contiki-avr-atmega256rfr2.a(uip-icmp6.o)
 .data.echo_request_handler
                0x00800274        0x6 contiki-avr-atmega256rfr2.a(uip-icmp6.o)
 .data.na_input_handler
                0x0080027a        0x6 contiki-avr-atmega256rfr2.a(uip-nd6.o)
 .data.ns_input_handler
                0x00800280        0x6 contiki-avr-atmega256rfr2.a(uip-nd6.o)
 .data.tcpip_process
                0x00800286        0xa contiki-avr-atmega256rfr2.a(tcpip.o)
                0x00800286                tcpip_process
 .data.packets_memb
                0x00800290        0x8 contiki-avr-atmega256rfr2.a(uip-packetqueue)
 .data.rpl_parents_struct
                0x00800298        0x8 contiki-avr-atmega256rfr2.a(rpl-dag.o)
 .data.dao_ack_handler
                0x008002a0        0x6 contiki-avr-atmega256rfr2.a(rpl-icmp6.o)
 .data.dao_handler
                0x008002a6        0x6 contiki-avr-atmega256rfr2.a(rpl-icmp6.o)
 .data.dio_handler
                0x008002ac        0x6 contiki-avr-atmega256rfr2.a(rpl-icmp6.o)
 .data.dis_handler
                0x008002b2        0x6 contiki-avr-atmega256rfr2.a(rpl-icmp6.o)
 .data.dao_sequence
                0x008002b8        0x1 contiki-avr-atmega256rfr2.a(rpl-icmp6.o)
 .data.rpl_mrhof
                0x008002b9        0xe contiki-avr-atmega256rfr2.a(rpl-mrhof.o)
                0x008002b9                rpl_mrhof
 .data.neighbor_addr_mem
                0x008002c7        0x8 contiki-avr-atmega256rfr2.a(nbr-table.o)
 .data.buframmem
                0x008002cf        0x8 contiki-avr-atmega256rfr2.a(queuebuf.o)
 .data.refbufmem
                0x008002d7        0x8 contiki-avr-atmega256rfr2.a(queuebuf.o)
 .data.bufmem   0x008002df        0x8 contiki-avr-atmega256rfr2.a(queuebuf.o)
 *(.rodata)
 *(.rodata*)
 .rodata.str1.1
                0x008002e7       0x37 hello-world.co
 .rodata.autostart_processes
                0x0080031e        0x6 hello-world.co
                0x0080031e                autostart_processes
 .rodata.str1.1
                0x00800324       0x4f contiki-avr-atmega256rfr2.a(contiki-main.o)
 .rodata.str1.1
                0x00800373        0xd contiki-avr-atmega256rfr2.a(rf230bb.o)
 .rodata.rf230_driver
                0x00800380       0x1c contiki-avr-atmega256rfr2.a(rf230bb.o)
                0x00800380                rf230_driver
 .rodata.str1.1
                0x0080039c        0xf contiki-avr-atmega256rfr2.a(ctimer.o)
 .rodata.str1.1
                0x008003ab        0xc contiki-avr-atmega256rfr2.a(etimer.o)
 .rodata.str1.1
                0x008003b7        0xb contiki-avr-atmega256rfr2.a(sicslowpan.o)
 .rodata.sicslowpan_driver
                0x008003c2        0x6 contiki-avr-atmega256rfr2.a(sicslowpan.o)
                0x008003c2                sicslowpan_driver
 .rodata.ttl_values
                0x008003c8        0x4 contiki-avr-atmega256rfr2.a(sicslowpan.o)
 .rodata.llprefix
                0x008003cc        0x2 contiki-avr-atmega256rfr2.a(sicslowpan.o)
                0x008003cc                llprefix
 .rodata.unc_mxconf
                0x008003ce        0x4 contiki-avr-atmega256rfr2.a(sicslowpan.o)
                0x008003ce                unc_mxconf
 .rodata.unc_ctxconf
                0x008003d2        0x4 contiki-avr-atmega256rfr2.a(sicslowpan.o)
                0x008003d2                unc_ctxconf
 .rodata.unc_llconf
                0x008003d6        0x4 contiki-avr-atmega256rfr2.a(sicslowpan.o)
                0x008003d6                unc_llconf
 .rodata.str1.1
                0x008003da        0xd contiki-avr-atmega256rfr2.a(tcpip.o)
 .rodata.str1.1
                0x008003e7        0xf contiki-avr-atmega256rfr2.a(uip-debug.o)
 .rodata.framer_802154
                0x008003f6        0x8 contiki-avr-atmega256rfr2.a(framer-802154.o)
                0x008003f6                framer_802154
 .rodata.str1.1
                0x008003fe        0x8 contiki-avr-atmega256rfr2.a(nullmac.o)
 .rodata.nullmac_driver
                0x00800406        0xe contiki-avr-atmega256rfr2.a(nullmac.o)
                0x00800406                nullmac_driver
 .rodata.linkaddr_null
                0x00800414        0x8 contiki-avr-atmega256rfr2.a(linkaddr.o)
                0x00800414                linkaddr_null
 .rodata.str1.1
                0x0080041c        0xb contiki-avr-atmega256rfr2.a(sicslowmac.o)
 .rodata.sicslowmac_driver
                0x00800427       0x12 contiki-avr-atmega256rfr2.a(sicslowmac.o)
                0x00800427                sicslowmac_driver
 .rodata.str1.1
                0x00800439        0x8 contiki-avr-atmega256rfr2.a(nullsec.o)
 .rodata.nullsec_driver
                0x00800441        0xc contiki-avr-atmega256rfr2.a(nullsec.o)
                0x00800441                nullsec_driver
 *(.gnu.linkonce.d*)
                0x0080044e                . = ALIGN (0x2)
 *fill*         0x0080044d        0x1 
                0x0080044e                _edata = .
                0x0080044e                PROVIDE (__data_end, .)

.bss            0x0080044e     0x1c78
                0x0080044e                PROVIDE (__bss_start, .)
 *(.bss)
 *(.bss*)
 .bss.et_blink.1874
                0x0080044e        0x8 hello-world.co
 .bss.count.1862
                0x00800456        0x2 hello-world.co
 .bss.timer.1861
                0x00800458        0x8 hello-world.co
 .bss.rcount    0x00800460        0x1 contiki-avr-atmega256rfr2.a(clock.o)
 .bss.count     0x00800461        0x2 contiki-avr-atmega256rfr2.a(clock.o)
 .bss.stdout_rs232_port
                0x00800463        0x1 contiki-avr-atmega256rfr2.a(rs232.o)
 .bss.buffer    0x00800464       0x81 contiki-avr-atmega256rfr2.a(rf230bb.o)
 .bss.channel   0x008004e5        0x1 contiki-avr-atmega256rfr2.a(rf230bb.o)
 .bss.initialized
                0x008004e6        0x1 contiki-avr-atmega256rfr2.a(ctimer.o)
 .bss.ctimer_list_list
                0x008004e7        0x2 contiki-avr-atmega256rfr2.a(ctimer.o)
 .bss.next_expiration
                0x008004e9        0x2 contiki-avr-atmega256rfr2.a(etimer.o)
 .bss.timerlist
                0x008004eb        0x2 contiki-avr-atmega256rfr2.a(etimer.o)
 .bss.snum.1757
                0x008004ed        0x1 contiki-avr-atmega256rfr2.a(process.o)
 .bss.p.1742    0x008004ee        0x2 contiki-avr-atmega256rfr2.a(process.o)
 .bss.receiver.1741
                0x008004f0        0x2 contiki-avr-atmega256rfr2.a(process.o)
 .bss.data.1740
                0x008004f2        0x2 contiki-avr-atmega256rfr2.a(process.o)
 .bss.ev.1739   0x008004f4        0x1 contiki-avr-atmega256rfr2.a(process.o)
 .bss.poll_requested
                0x008004f5        0x1 contiki-avr-atmega256rfr2.a(process.o)
 .bss.events    0x008004f6       0xa0 contiki-avr-atmega256rfr2.a(process.o)
 .bss.fevent    0x00800596        0x1 contiki-avr-atmega256rfr2.a(process.o)
 .bss.nevents   0x00800597        0x1 contiki-avr-atmega256rfr2.a(process.o)
 .bss.lastevent
                0x00800598        0x1 contiki-avr-atmega256rfr2.a(process.o)
 .bss.process_current
                0x00800599        0x2 contiki-avr-atmega256rfr2.a(process.o)
                0x00800599                process_current
 .bss.process_list
                0x0080059b        0x2 contiki-avr-atmega256rfr2.a(process.o)
                0x0080059b                process_list
 .bss.next_rtimer
                0x0080059d        0x2 contiki-avr-atmega256rfr2.a(rtimer.o)
 .bss.hc06_ptr  0x0080059f        0x2 contiki-avr-atmega256rfr2.a(sicslowpan.o)
 .bss.context   0x008005a1        0x2 contiki-avr-atmega256rfr2.a(sicslowpan.o)
 .bss.addr_contexts
                0x008005a3        0xa contiki-avr-atmega256rfr2.a(sicslowpan.o)
 .bss.callback  0x008005ad        0x2 contiki-avr-atmega256rfr2.a(sicslowpan.o)
 .bss.last_rssi
                0x008005af        0x2 contiki-avr-atmega256rfr2.a(sicslowpan.o)
 .bss.reass_timer
                0x008005b1        0x4 contiki-avr-atmega256rfr2.a(sicslowpan.o)
 .bss.reass_tag
                0x008005b5        0x2 contiki-avr-atmega256rfr2.a(sicslowpan.o)
 .bss.my_tag    0x008005b7        0x2 contiki-avr-atmega256rfr2.a(sicslowpan.o)
 .bss.processed_ip_in_len
                0x008005b9        0x2 contiki-avr-atmega256rfr2.a(sicslowpan.o)
 .bss.sicslowpan_aligned_buf
                0x008005bb       0xf0 contiki-avr-atmega256rfr2.a(sicslowpan.o)
 .bss.sicslowpan_len
                0x008006ab        0x2 contiki-avr-atmega256rfr2.a(sicslowpan.o)
 .bss.last_tx_status
                0x008006ad        0x2 contiki-avr-atmega256rfr2.a(sicslowpan.o)
 .bss.uncomp_hdr_len
                0x008006af        0x1 contiki-avr-atmega256rfr2.a(sicslowpan.o)
 .bss.packetbuf_payload_len
                0x008006b0        0x2 contiki-avr-atmega256rfr2.a(sicslowpan.o)
 .bss.packetbuf_hdr_len
                0x008006b2        0x1 contiki-avr-atmega256rfr2.a(sicslowpan.o)
 .bss.packetbuf_ptr
                0x008006b3        0x2 contiki-avr-atmega256rfr2.a(sicslowpan.o)
 .bss.tmp16     0x008006b5        0x2 contiki-avr-atmega256rfr2.a(uip6.o)
 .bss.opt       0x008006b7        0x1 contiki-avr-atmega256rfr2.a(uip6.o)
 .bss.iss       0x008006b8        0x4 contiki-avr-atmega256rfr2.a(uip6.o)
 .bss.lastport  0x008006bc        0x2 contiki-avr-atmega256rfr2.a(uip6.o)
 .bss.c         0x008006be        0x1 contiki-avr-atmega256rfr2.a(uip6.o)
 .bss.uip_ext_opt_offset
                0x008006bf        0x1 contiki-avr-atmega256rfr2.a(uip6.o)
                0x008006bf                uip_ext_opt_offset
 .bss.uip_ext_len
                0x008006c0        0x1 contiki-avr-atmega256rfr2.a(uip6.o)
                0x008006c0                uip_ext_len
 .bss.uip_ext_bitmap
                0x008006c1        0x1 contiki-avr-atmega256rfr2.a(uip6.o)
                0x008006c1                uip_ext_bitmap
 .bss.locprefix
                0x008006c2        0x2 contiki-avr-atmega256rfr2.a(uip-ds6.o)
 .bss.locmaddr  0x008006c4        0x2 contiki-avr-atmega256rfr2.a(uip-ds6.o)
 .bss.locaddr   0x008006c6        0x2 contiki-avr-atmega256rfr2.a(uip-ds6.o)
 .bss.loc_fipaddr
                0x008006c8       0x10 contiki-avr-atmega256rfr2.a(uip-ds6.o)
 .bss._ds6_neighbors_mem
                0x008006d8      0x30c contiki-avr-atmega256rfr2.a(uip-ds6-nbr.o)
 .bss.num_routes
                0x008009e4        0x2 contiki-avr-atmega256rfr2.a(uip-ds6-route.o)
 .bss.notificationlist_list
                0x008009e6        0x2 contiki-avr-atmega256rfr2.a(uip-ds6-route.o)
 .bss.defaultroutermemb_memb_mem
                0x008009e8       0x36 contiki-avr-atmega256rfr2.a(uip-ds6-route.o)
 .bss.defaultroutermemb_memb_count
                0x00800a1e        0x2 contiki-avr-atmega256rfr2.a(uip-ds6-route.o)
 .bss.defaultrouterlist_list
                0x00800a20        0x2 contiki-avr-atmega256rfr2.a(uip-ds6-route.o)
 .bss.routememb_memb_mem
                0x00800a22      0x244 contiki-avr-atmega256rfr2.a(uip-ds6-route.o)
 .bss.routememb_memb_count
                0x00800c66       0x14 contiki-avr-atmega256rfr2.a(uip-ds6-route.o)
 .bss.routelist_list
                0x00800c7a        0x2 contiki-avr-atmega256rfr2.a(uip-ds6-route.o)
 .bss.neighborroutememb_memb_mem
                0x00800c7c       0x50 contiki-avr-atmega256rfr2.a(uip-ds6-route.o)
 .bss.neighborroutememb_memb_count
                0x00800ccc       0x14 contiki-avr-atmega256rfr2.a(uip-ds6-route.o)
 .bss._nbr_routes_mem
                0x00800ce0       0x50 contiki-avr-atmega256rfr2.a(uip-ds6-route.o)
 .bss.input_handler_list_list
                0x00800d30        0x2 contiki-avr-atmega256rfr2.a(uip-icmp6.o)
 .bss.echo_reply_callback_list_list
                0x00800d32        0x2 contiki-avr-atmega256rfr2.a(uip-icmp6.o)
 .bss.tmp_ipaddr
                0x00800d34       0x10 contiki-avr-atmega256rfr2.a(uip-icmp6.o)
 .bss.addr      0x00800d44        0x2 contiki-avr-atmega256rfr2.a(uip-nd6.o)
 .bss.defrt     0x00800d46        0x2 contiki-avr-atmega256rfr2.a(uip-nd6.o)
 .bss.nbr       0x00800d48        0x2 contiki-avr-atmega256rfr2.a(uip-nd6.o)
 .bss.nd6_opt_llao
                0x00800d4a        0x2 contiki-avr-atmega256rfr2.a(uip-nd6.o)
 .bss.nd6_opt_offset
                0x00800d4c        0x1 contiki-avr-atmega256rfr2.a(uip-nd6.o)
 .bss.i.4499    0x00800d4d        0x1 contiki-avr-atmega256rfr2.a(tcpip.o)
 .bss.i.4455    0x00800d4e        0x1 contiki-avr-atmega256rfr2.a(tcpip.o)
 .bss.i.4511    0x00800d4f        0x1 contiki-avr-atmega256rfr2.a(tcpip.o)
 .bss.outputfunc
                0x00800d50        0x2 contiki-avr-atmega256rfr2.a(tcpip.o)
 .bss.s         0x00800d52       0x12 contiki-avr-atmega256rfr2.a(tcpip.o)
 .bss.periodic  0x00800d64        0x8 contiki-avr-atmega256rfr2.a(tcpip.o)
 .bss.packets_memb_memb_mem
                0x00800d6c      0x20c contiki-avr-atmega256rfr2.a(uip-packetqueue)
 .bss.packets_memb_memb_count
                0x00800f78        0x2 contiki-avr-atmega256rfr2.a(uip-packetqueue)
 .bss.mode      0x00800f7a        0x2 contiki-avr-atmega256rfr2.a(rpl.o)
 .bss._rpl_parents_mem
                0x00800f7c       0xa0 contiki-avr-atmega256rfr2.a(rpl-dag.o)
 .bss.dio_send_ok
                0x0080101c        0x1 contiki-avr-atmega256rfr2.a(rpl-timers.o)
 .bss.next_dis  0x0080101d        0x2 contiki-avr-atmega256rfr2.a(rpl-timers.o)
 .bss.periodic_timer
                0x0080101f       0x10 contiki-avr-atmega256rfr2.a(rpl-timers.o)
 .bss.initialized
                0x0080102f        0x1 contiki-avr-atmega256rfr2.a(framer-802154.o)
 .bss.mac_dsn   0x00801030        0x1 contiki-avr-atmega256rfr2.a(framer-802154.o)
 .bss.nbr_table_keys_list
                0x00801031        0x2 contiki-avr-atmega256rfr2.a(nbr-table.o)
 .bss.neighbor_addr_mem_memb_mem
                0x00801033       0xc8 contiki-avr-atmega256rfr2.a(nbr-table.o)
 .bss.neighbor_addr_mem_memb_count
                0x008010fb       0x14 contiki-avr-atmega256rfr2.a(nbr-table.o)
 .bss.num_tables
                0x0080110f        0x2 contiki-avr-atmega256rfr2.a(nbr-table.o)
 .bss.all_tables
                0x00801111       0x10 contiki-avr-atmega256rfr2.a(nbr-table.o)
 .bss.locked_map
                0x00801121       0x14 contiki-avr-atmega256rfr2.a(nbr-table.o)
 .bss.used_map  0x00801135       0x14 contiki-avr-atmega256rfr2.a(nbr-table.o)
 .bss.packetbufptr
                0x00801149        0x2 contiki-avr-atmega256rfr2.a(packetbuf.o)
 .bss.packetbuf_aligned
                0x0080114b       0xb0 contiki-avr-atmega256rfr2.a(packetbuf.o)
 .bss.hdrptr    0x008011fb        0x1 contiki-avr-atmega256rfr2.a(packetbuf.o)
 .bss.bufptr    0x008011fc        0x2 contiki-avr-atmega256rfr2.a(packetbuf.o)
 .bss.buflen    0x008011fe        0x2 contiki-avr-atmega256rfr2.a(packetbuf.o)
 .bss.buframmem_memb_mem
                0x00801200      0x6b0 contiki-avr-atmega256rfr2.a(queuebuf.o)
 .bss.buframmem_memb_count
                0x008018b0        0x8 contiki-avr-atmega256rfr2.a(queuebuf.o)
 .bss.refbufmem_memb_mem
                0x008018b8       0x6a contiki-avr-atmega256rfr2.a(queuebuf.o)
 .bss.refbufmem_memb_count
                0x00801922        0x2 contiki-avr-atmega256rfr2.a(queuebuf.o)
 .bss.bufmem_memb_mem
                0x00801924       0x10 contiki-avr-atmega256rfr2.a(queuebuf.o)
 .bss.bufmem_memb_count
                0x00801934        0x8 contiki-avr-atmega256rfr2.a(queuebuf.o)
 .bss.contikiMAC_ready
                0x0080193c        0x1 contiki-avr-atmega256rfr2.a(contikimac.o)
                0x0080193c                contikiMAC_ready
 .bss.mac_dsn   0x0080193d        0x1 contiki-avr-atmega256rfr2.a(sicslowmac.o)
 *(COMMON)
 COMMON         0x0080193e        0x6 contiki-avr-atmega256rfr2.a(contiki-main.o)
                0x0080193e                ledtimer
                0x00801940                clocktime
 COMMON         0x00801944        0xc contiki-avr-atmega256rfr2.a(clock.o)
                0x00801944                radioontime
                0x00801948                sleepseconds
                0x0080194c                seconds
 COMMON         0x00801950        0x4 contiki-avr-atmega256rfr2.a(rs232.o)
                0x00801950                input_handler_1
                0x00801952                input_handler_0
 COMMON         0x00801954      0x198 contiki-avr-atmega256rfr2.a(rf230bb.o)
                0x00801954                rf230_last_correlation
                0x00801955                rf230_last_rssi
                0x00801956                RF230_receivefail
                0x00801958                rf230_smallest_rssi
                0x00801959                rf230_pending
                0x0080195a                rf230_ccawait
                0x0080195b                RF230_receivepackets
                0x0080195d                rf230_txendwait
                0x0080195e                rxframe_tail
                0x0080195f                rxframe_head
                0x00801960                rxframe
                0x00801ae6                rf230_wakewait
                0x00801ae7                RF230_sendpackets
                0x00801ae9                RF230_sendfail
                0x00801aeb                RF230_receive_on
 COMMON         0x00801aec       0x56 contiki-avr-atmega256rfr2.a(energest.o)
                0x00801aec                energest_total_time
                0x00801b1c                energest_total_count
                0x00801b1e                energest_current_mode
                0x00801b2a                energest_current_time
 COMMON         0x00801b42        0x8 contiki-avr-atmega256rfr2.a(sicslowpan.o)
                0x00801b42                frag_sender
 COMMON         0x00801b4a      0x2c1 contiki-avr-atmega256rfr2.a(uip6.o)
                0x00801b4a                uip_len
                0x00801b4c                uip_sappdata
                0x00801b4e                uip_acc32
                0x00801b52                uip_lladdr
                0x00801b5a                uip_aligned_buf
                0x00801c4a                uip_flags
                0x00801c4b                uip_next_hdr
                0x00801c4d                uip_udp_conn
                0x00801c4f                uip_appdata
                0x00801c51                uip_conn
                0x00801c53                uip_conns
                0x00801d03                uip_icmp6_conns
                0x00801d07                uip_listenports
                0x00801d0f                uip_slen
                0x00801d11                uip_udp_conns
 COMMON         0x00801e0b      0x19d contiki-avr-atmega256rfr2.a(uip-ds6.o)
                0x00801e0b                uip_ds6_timer_ra
                0x00801e13                uip_ds6_if
                0x00801f2e                uip_ds6_netif_addr_list_offset
                0x00801f2f                uip_ds6_addr_size
                0x00801f30                uip_ds6_prefix_list
                0x00801fa0                uip_ds6_timer_periodic
 COMMON         0x00801fa8        0x2 contiki-avr-atmega256rfr2.a(tcpip.o)
                0x00801fa8                tcpip_event
                0x00801fa9                tcpip_icmp6_event
 COMMON         0x00801faa       0xb8 contiki-avr-atmega256rfr2.a(rpl-dag.o)
                0x00801faa                default_instance
                0x00801fac                instance_table
 COMMON         0x00802062        0x8 contiki-avr-atmega256rfr2.a(linkaddr.o)
                0x00802062                linkaddr_node_addr
 COMMON         0x0080206a       0x54 contiki-avr-atmega256rfr2.a(packetbuf.o)
                0x0080206a                packetbuf_addrs
                0x0080208a                packetbuf_attrs
 COMMON         0x008020be        0x2 contiki-avr-atmega256rfr2.a(contikimac.o)
                0x008020be                cycle_start
 COMMON         0x008020c0        0x6 /usr/local/bin/../lib/gcc/avr/4.8.1/../../../../avr/lib/avr6/libc.a(iob.o)
                0x008020c0                __iob
                0x008020c6                PROVIDE (__bss_end, .)
                0x0000c460                __data_load_start = LOADADDR (.data)